kristhim@KRISTHIM4 MINGW64 ~/GitRepo/DevOps/vagrant/ubuntutest (master)
$ vagrant ssh
Welcome to Ubuntu 14.04.5 LTS (GNU/Linux 3.13.0-135-generic x86_64)

 * Documentation:  https://help.ubuntu.com/

  System information as of Sun Apr  1 11:13:13 UTC 2018

  System load:  0.95              Processes:           81
  Usage of /:   9.8% of 39.34GB   Users logged in:     0
  Memory usage: 22%               IP address for eth0: 10.0.2.15
  Swap usage:   0%                IP address for eth1: 192.168.33.100

  Graph this data and manage this system at:
    https://landscape.canonical.com/

  Get cloud support with Ubuntu Advantage Cloud Guest:
    http://www.ubuntu.com/business/services/cloud

33 packages can be updated.
29 updates are security updates.

New release '16.04.4 LTS' available.
Run 'do-release-upgrade' to upgrade to it.

Last login: Sun Apr  1 11:13:14 2018 from 10.0.2.2
vagrant@vagrant-ubuntu-trusty-64:~$ cqls
cqls: command not found
vagrant@vagrant-ubuntu-trusty-64:~$ su -
Password:
root@vagrant-ubuntu-trusty-64:~# cqlsh
Connected to Test Cluster at 127.0.0.1:9042.
[cqlsh 5.0.1 | Cassandra 2.2.12 | CQL spec 3.3.1 | Native protocol v4]
Use HELP for help.
cqlsh> describe
Improper describe command.
cqlsh> describe;
Improper describe command.
cqlsh> help

Documented shell commands:
===========================
CAPTURE  CLS          COPY  DESCRIBE  EXPAND  LOGIN   SERIAL  SOURCE   UNICODE
CLEAR    CONSISTENCY  DESC  EXIT      HELP    PAGING  SHOW    TRACING

CQL help topics:
================
AGGREGATES        CREATE_COLUMNFAMILY  DROP_INDEX     LIST_PERMISSIONS  UUID
ALTER_KEYSPACE    CREATE_FUNCTION      DROP_KEYSPACE  LIST_USERS
ALTER_TABLE       CREATE_INDEX         DROP_TABLE     PERMISSIONS
ALTER_TYPE        CREATE_KEYSPACE      DROP_TRIGGER   REVOKE
ALTER_USER        CREATE_TABLE         DROP_TYPE      SELECT
APPLY             CREATE_TRIGGER       DROP_USER      SELECT_JSON
ASCII             CREATE_TYPE          FUNCTIONS      TEXT
BATCH             CREATE_USER          GRANT          TIME
BEGIN             DATE                 INSERT         TIMESTAMP
BLOB              DELETE               INSERT_JSON    TRUNCATE
BOOLEAN           DROP_AGGREGATE       INT            TYPES
COUNTER           DROP_COLUMNFAMILY    JSON           UPDATE
CREATE_AGGREGATE  DROP_FUNCTION        KEYWORDS       USE

cqlsh> CAPTURE
Currently not capturing query output.
cqlsh> DESCRIBE
Improper DESCRIBE command.
cqlsh> CAPTURE '/root/thimma/cassout'
Now capturing query output to '/root/thimma/cassout'.
cqlsh> consistency
Current consistency level is ONE.
cqlsh> describe cluster;

Cluster: Test Cluster
Partitioner: Murmur3Partitioner

cqlsh> describe keyspace;
Not in any keyspace.
cqlsh> desc type card_details;
No keyspace specified and no current keyspace
cqlsh> show host
Connected to Test Cluster at 127.0.0.1:9042.
cqlsh> show version
[cqlsh 5.0.1 | Cassandra 2.2.12 | CQL spec 3.3.1 | Native protocol v4]
cqlsh> create keyspace testcqlsh with replication = {'class':'SimpleStrategy','r                                                                                                                                  eplication_factor' :3};
cqlsh> desc keyspaces;

testcqlsh  system_auth  system  system_distributed  test  system_traces

cqlsh> create keyspace cqlsnet with replication = {'class':'NetworkTopologyStrat                                                                                                                                  egy','datacenter1' :3};
cqlsh> select * from system.schema_keyspaces;
cqlsh> use testcqls;
InvalidRequest: Error from server: code=2200 [Invalid query] message="Keyspace '                                                                                                                                  testcqls' does not exist"
cqlsh> use testcqlsh;
cqlsh:testcqlsh> select * from system.schema_keyspaces;
cqlsh:testcqlsh> create table emp(id int primary key, name text, sal varint,phon                                                                                                                                  e varint);
cqlsh:testcqlsh> desc emp;

CREATE TABLE testcqlsh.emp (
    id int PRIMARY KEY,
    name text,
    phone varint,
    sal varint
) WITH bloom_filter_fp_chance = 0.01
    AND caching = '{"keys":"ALL", "rows_per_partition":"NONE"}'
    AND comment = ''
    AND compaction = {'class': 'org.apache.cassandra.db.compaction.SizeTieredCom                                                                                                                                  pactionStrategy'}
    AND compression = {'sstable_compression': 'org.apache.cassandra.io.compress.                                                                                                                                  LZ4Compressor'}
    AND dclocal_read_repair_chance = 0.1
    AND default_time_to_live = 0
    AND gc_grace_seconds = 864000
    AND max_index_interval = 2048
    AND memtable_flush_period_in_ms = 0
    AND min_index_interval = 128
    AND read_repair_chance = 0.0
    AND speculative_retry = '99.0PERCENTILE';

cqlsh:testcqlsh> select * from emp;
cqlsh:testcqlsh> select * from emp;
cqlsh:testcqlsh> insert into testcqlsh.emp values(100,'thimma',9845991661,100000                                                                                                                                  );
SyntaxException: line 1:26 no viable alternative at input 'values' (insert into                                                                                                                                   testcqlsh.emp [values]...)
cqlsh:testcqlsh> insert into testcqlsh.emp(id,name,phone,sal) values(100,'thimma                                                                                                                                  ',9845991661,100000);
cqlsh:testcqlsh> select * from emp;
cqlsh:testcqlsh> select * from testcqlsh.emp;
cqlsh:testcqlsh> commit;
SyntaxException: line 1:0 no viable alternative at input 'commit' ([commit]...)
cqlsh:testcqlsh> select * from emp;
cqlsh:testcqlsh> select * from emp;
cqlsh:testcqlsh> select * from emp;
cqlsh:testcqlsh> exit
root@vagrant-ubuntu-trusty-64:~# cqls
cqls: command not found
root@vagrant-ubuntu-trusty-64:~# cqlsh
Connected to Test Cluster at 127.0.0.1:9042.
[cqlsh 5.0.1 | Cassandra 2.2.12 | CQL spec 3.3.1 | Native protocol v4]
Use HELP for help.
cqlsh> use testcqlsh
   ... ;
cqlsh:testcqlsh> show tables;
Improper show command.
cqlsh:testcqlsh> show table;
Improper show command.
cqlsh:testcqlsh> desc table;
Improper desc command.
cqlsh:testcqlsh> show tables;
Improper show command.
cqlsh:testcqlsh> selct * from emp;
SyntaxException: line 1:0 no viable alternative at input 'selct' ([selct]...)
cqlsh:testcqlsh> select * from emp;

 id  | name   | phone      | sal
-----+--------+------------+--------
 100 | thimma | 9845991661 | 100000

(1 rows)
cqlsh:testcqlsh> desc keyspaces;

cqlsnet  testcqlsh  system_auth  system  system_distributed  test  system_traces

cqlsh:testcqlsh> select * from system.schema_keyspaces;                                                                                                                                                           
 keyspace_name      | durable_writes | strategy_class                                                                                                                                                                         | strategy_options
--------------------+----------------+------------------------------------------                                                                                                                                  ------------+----------------------------
               test |          False | org.apache.cassandra.locator.NetworkTopol                                                                                                                                  ogyStrategy |                {"DC1":"2"}
        system_auth |           True |          org.apache.cassandra.locator.Sim                                                                                                                                  pleStrategy | {"replication_factor":"1"}
            cqlsnet |           True | org.apache.cassandra.locator.NetworkTopol                                                                                                                                  ogyStrategy |        {"datacenter1":"3"}
          testcqlsh |           True |          org.apache.cassandra.locator.Sim                                                                                                                                  pleStrategy | {"replication_factor":"3"}
 system_distributed |           True |          org.apache.cassandra.locator.Sim                                                                                                                                  pleStrategy | {"replication_factor":"3"}
             system |           True |           org.apache.cassandra.locator.Lo                                                                                                                                  calStrategy |                         {}
      system_traces |           True |          org.apache.cassandra.locator.Sim                                                                                                                                  pleStrategy | {"replication_factor":"2"}

(7 rows)
cqlsh:testcqlsh> show hosts;
Improper show command.
cqlsh:testcqlsh> show host;
Connected to Test Cluster at 127.0.0.1:9042.
cqlsh:testcqlsh> show datacenter;
Improper show command.
cqlsh:testcqlsh> show datacenters;
Improper show command.
cqlsh:testcqlsh> select * from emp;

 id  | name   | phone      | sal
-----+--------+------------+--------
 100 | thimma | 9845991661 | 100000

(1 rows)
cqlsh:testcqlsh> select * from emp where name='thimma'
             ... ;
InvalidRequest: Error from server: code=2200 [Invalid query] message="Predicates                                                                                                                                   on non-primary-key columns (name) are not yet supported for non secondary index                                                                                                                                   queries"
cqlsh:testcqlsh> create index nameindex on emp;
SyntaxException: line 1:29 mismatched input ';' expecting '('
cqlsh:testcqlsh> create index nameindex on emp(name);
cqlsh:testcqlsh> select * from emp where name='thimma' ;

 id  | name   | phone      | sal
-----+--------+------------+--------
 100 | thimma | 9845991661 | 100000

(1 rows)
cqlsh:testcqlsh> show datacenters;
Improper show command.
cqlsh:testcqlsh> show datacenter;
Improper show command.
cqlsh:testcqlsh> select * from system.schema_keyspaces;

 keyspace_name      | durable_writes | strategy_class                                                                                                                                                                         | strategy_options
--------------------+----------------+------------------------------------------                                                                                                                                  ------------+----------------------------
               test |          False | org.apache.cassandra.locator.NetworkTopol                                                                                                                                  ogyStrategy |                {"DC1":"2"}
        system_auth |           True |          org.apache.cassandra.locator.Sim                                                                                                                                  pleStrategy | {"replication_factor":"1"}
            cqlsnet |           True | org.apache.cassandra.locator.NetworkTopol                                                                                                                                  ogyStrategy |        {"datacenter1":"3"}
          testcqlsh |           True |          org.apache.cassandra.locator.Sim                                                                                                                                  pleStrategy | {"replication_factor":"3"}
 system_distributed |           True |          org.apache.cassandra.locator.Sim                                                                                                                                  pleStrategy | {"replication_factor":"3"}
             system |           True |           org.apache.cassandra.locator.Lo                                                                                                                                  calStrategy |                         {}
      system_traces |           True |          org.apache.cassandra.locator.Sim                                                                                                                                  pleStrategy | {"replication_factor":"2"}

(7 rows)
cqlsh:testcqlsh>
kristhim@KRISTHIM4 MINGW64 ~/GitRepo/DevOps/vagrant/ubuntutest (master)
$ vagrant up
Bringing machine 'default' up with 'virtualbox' provider...
==> default: Checking if box 'ubuntu/trusty64' is up to date...
==> default: There was a problem while downloading the metadata for your box
==> default: to check for updates. This is not an error, since it is usually due
==> default: to temporary network problems. This is just a warning. The problem
==> default: encountered was:
==> default:
==> default: The requested URL returned error: 404 Not Found
==> default:
==> default: If you want to check for box updates, verify your network connectio                                                                                                n
==> default: is valid and try again.
==> default: Clearing any previously set forwarded ports...
==> default: Clearing any previously set network interfaces...
==> default: Preparing network interfaces based on configuration...
    default: Adapter 1: nat
    default: Adapter 2: hostonly
==> default: Forwarding ports...
    default: 80 (guest) => 8082 (host) (adapter 1)
    default: 22 (guest) => 2222 (host) (adapter 1)
==> default: Running 'pre-boot' VM customizations...
==> default: Booting VM...
==> default: Waiting for machine to boot. This may take a few minutes...
    default: SSH address: 127.0.0.1:2222
    default: SSH username: vagrant
    default: SSH auth method: private key
    default: Warning: Remote connection disconnect. Retrying...
==> default: Machine booted and ready!
==> default: Checking for guest additions in VM...
    default: The guest additions on this VM do not match the installed version o                                                                                                f
    default: VirtualBox! In most cases this is fine, but in rare cases it can
    default: prevent things such as shared folders from working properly. If you                                                                                                 see
    default: shared folder errors, please make sure the guest additions within t                                                                                                he
    default: virtual machine match the version of VirtualBox you have installed                                                                                                 on
    default: your host and reload your VM.
    default:
    default: Guest Additions Version: 4.3.36
    default: VirtualBox Version: 5.1
==> default: Configuring and enabling network interfaces...
==> default: Mounting shared folders...
    default: /vagrant => C:/Users/kristhim/GitRepo/DevOps/vagrant/ubuntutest
    default: /vagrant_data => C:/Users/kristhim/GitRepo/DevOps/vagrant/data
==> default: Machine already provisioned. Run `vagrant provision` or use the `--                                                                                                provision`
==> default: flag to force provisioning. Provisioners marked to run always will                                                                                                 still run.

kristhim@KRISTHIM4 MINGW64 ~/GitRepo/DevOps/vagrant/ubuntutest (master)
$ vagrant ssh
Welcome to Ubuntu 14.04.5 LTS (GNU/Linux 3.13.0-135-generic x86_64)

 * Documentation:  https://help.ubuntu.com/

  System information as of Sun Apr  1 11:11:27 UTC 2018

  System load:  1.36              Processes:           93
  Usage of /:   9.7% of 39.34GB   Users logged in:     0
  Memory usage: 6%                IP address for eth0: 10.0.2.15
  Swap usage:   0%                IP address for eth1: 192.168.33.100

  Graph this data and manage this system at:
    https://landscape.canonical.com/

  Get cloud support with Ubuntu Advantage Cloud Guest:
    http://www.ubuntu.com/business/services/cloud

New release '16.04.4 LTS' available.
Run 'do-release-upgrade' to upgrade to it.


Last login: Sat Mar 31 12:06:47 2018 from 10.0.2.2
vagrant@vagrant-ubuntu-trusty-64:~$ su =
No passwd entry for user '='
vagrant@vagrant-ubuntu-trusty-64:~$ su -
Password:
root@vagrant-ubuntu-trusty-64:~# exit
logout
vagrant@vagrant-ubuntu-trusty-64:~$ mysql -u sqoop -P
mysql: option '-P' requires an argument
vagrant@vagrant-ubuntu-trusty-64:~$ mysql -u sqoop -p 'mysql'
Enter password:
ERROR 1045 (28000): Access denied for user 'sqoop'@'localhost' (using password:                                                                                                 YES)
vagrant@vagrant-ubuntu-trusty-64:~$ mysql -u sqoop -p
Enter password:
ERROR 1045 (28000): Access denied for user 'sqoop'@'localhost' (using password:                                                                                                 YES)
vagrant@vagrant-ubuntu-trusty-64:~$ su -
Password:
root@vagrant-ubuntu-trusty-64:~# mysql
ERROR 1045 (28000): Access denied for user 'root'@'localhost' (using password: N                                                                                                O)
root@vagrant-ubuntu-trusty-64:~# mysql -u root
ERROR 1045 (28000): Access denied for user 'root'@'localhost' (using password: N                                                                                                O)
root@vagrant-ubuntu-trusty-64:~# mysql -u root -p
Enter password:
Welcome to the MySQL monitor.  Commands end with ; or \g.
Your MySQL connection id is 40
Server version: 5.5.59-0ubuntu0.14.04.1 (Ubuntu)

Copyright (c) 2000, 2018, Oracle and/or its affiliates. All rights reserved.

Oracle is a registered trademark of Oracle Corporation and/or its
affiliates. Other names may be trademarks of their respective
owners.

Type 'help;' or '\h' for help. Type '\c' to clear the current input statement.

mysql> select * from users;
ERROR 1046 (3D000): No database selected
mysql> select * from users.databases;;
ERROR 1146 (42S02): Table 'users.databases' doesn't exist
ERROR:
No query specified

mysql> select * from users.databases;
ERROR 1146 (42S02): Table 'users.databases' doesn't exist
mysql> select * from databases;
ERROR 1064 (42000): You have an error in your SQL syntax; check the manual that                                                                                                 corresponds to your MySQL server version for the right syntax to use near 'datab                                                                                                ases' at line 1
mysql> select * from db;
ERROR 1046 (3D000): No database selected
mysql> show processlist;
+----+------+-----------+------+---------+------+-------+------------------+
| Id | User | Host      | db   | Command | Time | State | Info             |
+----+------+-----------+------+---------+------+-------+------------------+
| 40 | root | localhost | NULL | Query   |    0 | NULL  | show processlist |
+----+------+-----------+------+---------+------+-------+------------------+
1 row in set (0.00 sec)

mysql> show grants;
+----------------------------------------------------------------------------------------------------------------------------------------+
| Grants for root@localhost                                                                                                              |
+----------------------------------------------------------------------------------------------------------------------------------------+
| GRANT ALL PRIVILEGES ON *.* TO 'root'@'localhost' IDENTIFIED BY PASSWORD '*E74858DB86EBA20BC33D0AECAE8A8108C56B17FA' WITH GRANT OPTION |
| GRANT PROXY ON ''@'' TO 'root'@'localhost' WITH GRANT OPTION                                                                           |
+----------------------------------------------------------------------------------------------------------------------------------------+
2 rows in set (0.00 sec)

mysql> select * from procs_priv
    -> ;
ERROR 1046 (3D000): No database selected
mysql> use sqoop
Reading table information for completion of table and column names
You can turn off this feature to get a quicker startup with -A

Database changed
mysql> select * from databases;
ERROR 1064 (42000): You have an error in your SQL syntax; check the manual that corresponds to your MySQL server version for the right syntax to use near 'databases' at line 1
mysql> desc database;
ERROR 1064 (42000): You have an error in your SQL syntax; check the manual that corresponds to your MySQL server version for the right syntax to use near 'database' at line 1
mysql> desc databases;
ERROR 1064 (42000): You have an error in your SQL syntax; check the manual that corresponds to your MySQL server version for the right syntax to use near 'databases' at line 1
mysql> use sqoop;
Database changed
mysql> select * from tables;
ERROR 1146 (42S02): Table 'sqoop.tables' doesn't exist
mysql> select * from table;
ERROR 1064 (42000): You have an error in your SQL syntax; check the manual that corresponds to your MySQL server version for the right syntax to use near 'table' at line 1
mysql> show tables;
+-----------------+
| Tables_in_sqoop |
+-----------------+
| customer        |
+-----------------+
1 row in set (0.00 sec)

mysql> create table members(id number, name varchar(20), movie_id number);
ERROR 1064 (42000): You have an error in your SQL syntax; check the manual that corresponds to your MySQL server version for the right syntax to use near 'number, name varchar(20), movie_id number)' at line 1
mysql> create table members(id int, name varchar(20), movie_id int);
Query OK, 0 rows affected (0.01 sec)

mysql> desc members;
+----------+-------------+------+-----+---------+-------+
| Field    | Type        | Null | Key | Default | Extra |
+----------+-------------+------+-----+---------+-------+
| id       | int(11)     | YES  |     | NULL    |       |
| name     | varchar(20) | YES  |     | NULL    |       |
| movie_id | int(11)     | YES  |     | NULL    |       |
+----------+-------------+------+-----+---------+-------+
3 rows in set (0.01 sec)

mysql> insert into members values(1,'thimma',10);
Query OK, 1 row affected (0.00 sec)

mysql> insert into members values(2,'kumar',5;
ERROR 1064 (42000): You have an error in your SQL syntax; check the manual that corresponds to your MySQL server version for the right syntax to use near '' at line 1
mysql> insert into members values(2,'kumar',5);
Query OK, 1 row affected (0.00 sec)

mysql> insert into members values(3,'lakshmi',15);
Query OK, 1 row affected (0.00 sec)

mysql> insert into members values(4,'lakshmi',12);
Query OK, 1 row affected (0.01 sec)

mysql> create table movie(id int, title varchar2(20), category varchar2(20));
ERROR 1064 (42000): You have an error in your SQL syntax; check the manual that corresponds to your MySQL server version for the right syntax to use near 'varchar2(20), category varchar2(20))' at line 1
mysql> create table movie(id int, title varchar(20), category varchar(20));
Query OK, 0 rows affected (0.00 sec)

mysql> insert into movie values(10,'babhubali','animation');
Query OK, 1 row affected (0.01 sec)

mysql> insert into movie values(12,'safe house','horror');
Query OK, 1 row affected (0.00 sec)

mysql> insert into movie values(15,'transporter','Action');
Query OK, 1 row affected (0.00 sec)

mysql> commit;
Query OK, 0 rows affected (0.00 sec)

mysql> select * from members;
+------+---------+----------+
| id   | name    | movie_id |
+------+---------+----------+
|    1 | thimma  |       10 |
|    2 | kumar   |        5 |
|    3 | lakshmi |       15 |
|    4 | lakshmi |       12 |
+------+---------+----------+
4 rows in set (0.00 sec)

mysql> select * from movie;
+------+-------------+-----------+
| id   | title       | category  |
+------+-------------+-----------+
|   10 | babhubali   | animation |
|   12 | safe house  | horror    |
|   15 | transporter | Action    |
+------+-------------+-----------+
3 rows in set (0.00 sec)

mysql> select * from members cross join movie;
+------+---------+----------+------+-------------+-----------+
| id   | name    | movie_id | id   | title       | category  |
+------+---------+----------+------+-------------+-----------+
|    1 | thimma  |       10 |   10 | babhubali   | animation |
|    1 | thimma  |       10 |   12 | safe house  | horror    |
|    1 | thimma  |       10 |   15 | transporter | Action    |
|    2 | kumar   |        5 |   10 | babhubali   | animation |
|    2 | kumar   |        5 |   12 | safe house  | horror    |
|    2 | kumar   |        5 |   15 | transporter | Action    |
|    3 | lakshmi |       15 |   10 | babhubali   | animation |
|    3 | lakshmi |       15 |   12 | safe house  | horror    |
|    3 | lakshmi |       15 |   15 | transporter | Action    |
|    4 | lakshmi |       12 |   10 | babhubali   | animation |
|    4 | lakshmi |       12 |   12 | safe house  | horror    |
|    4 | lakshmi |       12 |   15 | transporter | Action    |
+------+---------+----------+------+-------------+-----------+
12 rows in set (0.00 sec)

mysql> select * from members mb inner join movie mv on mb.id =mv.id;
Empty set (0.00 sec)

mysql> select * from members mb inner join movie mv on mb.movie_id =mv.id;
+------+---------+----------+------+-------------+-----------+
| id   | name    | movie_id | id   | title       | category  |
+------+---------+----------+------+-------------+-----------+
|    1 | thimma  |       10 |   10 | babhubali   | animation |
|    3 | lakshmi |       15 |   15 | transporter | Action    |
|    4 | lakshmi |       12 |   12 | safe house  | horror    |
+------+---------+----------+------+-------------+-----------+
3 rows in set (0.00 sec)

mysql> select * from members mb left join movie mv on mb.movie_id =mv.id;
+------+---------+----------+------+-------------+-----------+
| id   | name    | movie_id | id   | title       | category  |
+------+---------+----------+------+-------------+-----------+
|    1 | thimma  |       10 |   10 | babhubali   | animation |
|    2 | kumar   |        5 | NULL | NULL        | NULL      |
|    3 | lakshmi |       15 |   15 | transporter | Action    |
|    4 | lakshmi |       12 |   12 | safe house  | horror    |
+------+---------+----------+------+-------------+-----------+
4 rows in set (0.00 sec)

mysql> select * from member;
ERROR 1146 (42S02): Table 'sqoop.member' doesn't exist
mysql> select * from members;
+------+---------+----------+
| id   | name    | movie_id |
+------+---------+----------+
|    1 | thimma  |       10 |
|    2 | kumar   |        5 |
|    3 | lakshmi |       15 |
|    4 | lakshmi |       12 |
+------+---------+----------+
4 rows in set (0.00 sec)

mysql> select * from movie;
+------+-------------+-----------+
| id   | title       | category  |
+------+-------------+-----------+
|   10 | babhubali   | animation |
|   12 | safe house  | horror    |
|   15 | transporter | Action    |
+------+-------------+-----------+
3 rows in set (0.00 sec)

mysql> select * from members mb left join movie mv on mb.movie_id =mv.id;
+------+---------+----------+------+-------------+-----------+
| id   | name    | movie_id | id   | title       | category  |
+------+---------+----------+------+-------------+-----------+
|    1 | thimma  |       10 |   10 | babhubali   | animation |
|    2 | kumar   |        5 | NULL | NULL        | NULL      |
|    3 | lakshmi |       15 |   15 | transporter | Action    |
|    4 | lakshmi |       12 |   12 | safe house  | horror    |
+------+---------+----------+------+-------------+-----------+
4 rows in set (0.00 sec)

mysql> select * from members mb right join movie mv on mb.movie_id =mv.id;
+------+---------+----------+------+-------------+-----------+
| id   | name    | movie_id | id   | title       | category  |
+------+---------+----------+------+-------------+-----------+
|    1 | thimma  |       10 |   10 | babhubali   | animation |
|    4 | lakshmi |       12 |   12 | safe house  | horror    |
|    3 | lakshmi |       15 |   15 | transporter | Action    |
+------+---------+----------+------+-------------+-----------+
3 rows in set (0.00 sec)

mysql> select * from members mb right join movie mv on mv.id=mb.movie_id;
+------+---------+----------+------+-------------+-----------+
| id   | name    | movie_id | id   | title       | category  |
+------+---------+----------+------+-------------+-----------+
|    1 | thimma  |       10 |   10 | babhubali   | animation |
|    4 | lakshmi |       12 |   12 | safe house  | horror    |
|    3 | lakshmi |       15 |   15 | transporter | Action    |
+------+---------+----------+------+-------------+-----------+
3 rows in set (0.01 sec)

mysql> insert into movie values(20,'Transporter','action drama');
Query OK, 1 row affected (0.01 sec)

mysql> commit;
Query OK, 0 rows affected (0.00 sec)

mysql> select * from members mb right join movie mv on mv.id=mb.movie_id;
+------+---------+----------+------+-------------+--------------+
| id   | name    | movie_id | id   | title       | category     |
+------+---------+----------+------+-------------+--------------+
|    1 | thimma  |       10 |   10 | babhubali   | animation    |
|    4 | lakshmi |       12 |   12 | safe house  | horror       |
|    3 | lakshmi |       15 |   15 | transporter | Action       |
| NULL | NULL    |     NULL |   20 | Transporter | action drama |
+------+---------+----------+------+-------------+--------------+
4 rows in set (0.00 sec)

mysql> select * from movie;
+------+-------------+--------------+
| id   | title       | category     |
+------+-------------+--------------+
|   10 | babhubali   | animation    |
|   12 | safe house  | horror       |
|   15 | transporter | Action       |
|   20 | Transporter | action drama |
+------+-------------+--------------+
4 rows in set (0.01 sec)

mysql> select * from members mb right join movie mv on mb.movie_id=mv.id;
+------+---------+----------+------+-------------+--------------+
| id   | name    | movie_id | id   | title       | category     |
+------+---------+----------+------+-------------+--------------+
|    1 | thimma  |       10 |   10 | babhubali   | animation    |
|    4 | lakshmi |       12 |   12 | safe house  | horror       |
|    3 | lakshmi |       15 |   15 | transporter | Action       |
| NULL | NULL    |     NULL |   20 | Transporter | action drama |
+------+---------+----------+------+-------------+--------------+
4 rows in set (0.00 sec)

mysql> select * from members mb full join movie mv on mb.movie_id=mv.id;
ERROR 1064 (42000): You have an error in your SQL syntax; check the manual that corresponds to your MySQL server version for the right syntax to use near 'full join movie mv on mb.movie_id=mv.id' at line 1
mysql> select * from members mb full outer join movie mv on mb.movie_id=mv.id;
ERROR 1064 (42000): You have an error in your SQL syntax; check the manual that corresponds to your MySQL server version for the right syntax to use near 'full outer join movie mv on mb.movie_id=mv.id' at line 1
mysql> select * from members mb outer join movie mv on mb.movie_id=mv.id;
ERROR 1064 (42000): You have an error in your SQL syntax; check the manual that corresponds to your MySQL server version for the right syntax to use near 'outer join movie mv on mb.movie_id=mv.id' at line 1
mysql> select * from members mb full join movie mv on mb.movie_id=mv.id;
ERROR 1064 (42000): You have an error in your SQL syntax; check the manual that corresponds to your MySQL server version for the right syntax to use near 'full join movie mv on mb.movie_id=mv.id' at line 1
mysql> select * from members mb full outer join movie mv on mb.movie_id=mv.id;
ERROR 1064 (42000): You have an error in your SQL syntax; check the manual that corresponds to your MySQL server version for the right syntax to use near 'full outer join movie mv on mb.movie_id=mv.id' at line 1
mysql> select * from members mb full join movie mv on mb.movie_id=mv.id;
ERROR 1064 (42000): You have an error in your SQL syntax; check the manual that corresponds to your MySQL server version for the right syntax to use near 'full join movie mv on mb.movie_id=mv.id' at line 1
mysql> select * from members mb full join movie mv on mb.movie_id=mv.id order by mb.id;
ERROR 1064 (42000): You have an error in your SQL syntax; check the manual that corresponds to your MySQL server version for the right syntax to use near 'full join movie mv on mb.movie_id=mv.id order by mb.id' at line 1
mysql> select * from members full join movie on members.movie_id=movie.id order by mb.id;
ERROR 1054 (42S22): Unknown column 'members.movie_id' in 'on clause'
mysql> select * from members mb right join movie mv on mb.movie_id=mv.id union all select * from members mb left join movie mv on mb.movie_id=mv.id ;
+------+---------+----------+------+-------------+--------------+
| id   | name    | movie_id | id   | title       | category     |
+------+---------+----------+------+-------------+--------------+
|    1 | thimma  |       10 |   10 | babhubali   | animation    |
|    4 | lakshmi |       12 |   12 | safe house  | horror       |
|    3 | lakshmi |       15 |   15 | transporter | Action       |
| NULL | NULL    |     NULL |   20 | Transporter | action drama |
|    1 | thimma  |       10 |   10 | babhubali   | animation    |
|    2 | kumar   |        5 | NULL | NULL        | NULL         |
|    3 | lakshmi |       15 |   15 | transporter | Action       |
|    4 | lakshmi |       12 |   12 | safe house  | horror       |
+------+---------+----------+------+-------------+--------------+
8 rows in set (0.01 sec)

mysql> exit
Bye
root@vagrant-ubuntu-trusty-64:~# pwd
/root
root@vagrant-ubuntu-trusty-64:~# ls
derby.log  hive  metastore_db  sqoop-1.99.7.tar.gz
root@vagrant-ubuntu-trusty-64:~# mkdir thimma
root@vagrant-ubuntu-trusty-64:~# ls
derby.log  hive  metastore_db  sqoop-1.99.7.tar.gz  thimma
root@vagrant-ubuntu-trusty-64:~# pwd
/root
root@vagrant-ubuntu-trusty-64:~# cd thimma/
root@vagrant-ubuntu-trusty-64:~/thimma# pwd
/root/thimma
root@vagrant-ubuntu-trusty-64:~/thimma#

kristhim@KRISTHIM4 MINGW64 ~/GitRepo/DevOps/vagrant/ubuntutest1 (master)
$ vagrant ssh
Welcome to Ubuntu 14.04.5 LTS (GNU/Linux 3.13.0-135-generic x86_64)

 * Documentation:  https://help.ubuntu.com/

 System information disabled due to load higher than 1.0

  Get cloud support with Ubuntu Advantage Cloud Guest:
    http://www.ubuntu.com/business/services/cloud

New release '16.04.4 LTS' available.
Run 'do-release-upgrade' to upgrade to it.


Last login: Mon Apr  2 12:26:15 2018 from 10.0.2.2
vagrant@vagrant-ubuntu-trusty-64:~$ clear
vagrant@vagrant-ubuntu-trusty-64:~$ sudo apt-get update
Hit http://ppa.launchpad.net trusty InRelease
Ign http://archive.ubuntu.com trusty InRelease
Get:1 http://security.ubuntu.com trusty-security InRelease [65.9 kB]
Get:2 http://archive.ubuntu.com trusty-updates InRelease [65.9 kB]
13% [2 InRelease 6,652 B/65.9 kB 10%] [1 InRelease 10.1 kB/65.9 kB 15%] [Connec^Cvagrant@vagrant-ubuntu-trusty-64:                                                                                                ~$ sudo apt-get update
Ign http://archive.ubuntu.com trusty InRelease
Get:1 http://security.ubuntu.com trusty-security InRelease [65.9 kB]
Hit http://ppa.launchpad.net trusty InRelease
Get:2 http://archive.ubuntu.com trusty-updates InRelease [65.9 kB]
Hit http://ppa.launchpad.net trusty/main amd64 Packages
Get:3 http://security.ubuntu.com trusty-security/main Sources [153 kB]
Get:4 http://www.apache.org 22x InRelease [3,168 B]
Ign http://www.apache.org 22x InRelease
Hit http://ppa.launchpad.net trusty/main Translation-en
Hit http://archive.ubuntu.com trusty-backports InRelease
Get:5 http://archive.ubuntu.com trusty Release.gpg [933 B]
Get:6 http://archive.ubuntu.com trusty-updates/main Sources [415 kB]
Ign http://www.apache.org 22x/main Sources/DiffIndex
Get:7 http://security.ubuntu.com trusty-security/universe Sources [70.9 kB]
Ign http://www.apache.org 22x/main amd64 Packages/DiffIndex
Get:8 http://security.ubuntu.com trusty-security/main amd64 Packages [723 kB]
Get:9 http://archive.ubuntu.com trusty-updates/restricted Sources [6,322 B]
Get:10 http://archive.ubuntu.com trusty-updates/universe Sources [199 kB]
Get:11 http://archive.ubuntu.com trusty-updates/multiverse Sources [7,368 B]
Get:12 http://archive.ubuntu.com trusty-updates/main amd64 Packages [1,065 kB]
Get:13 http://security.ubuntu.com trusty-security/universe amd64 Packages [223 kB]
Get:14 http://security.ubuntu.com trusty-security/main Translation-en [391 kB]
Get:15 http://www.apache.org 22x/main Sources [754 B]
Get:16 http://www.apache.org 22x/main amd64 Packages [684 B]
Ign http://www.apache.org 22x/main Translation-en_US
Get:17 http://security.ubuntu.com trusty-security/universe Translation-en [123 kB]
Ign http://www.apache.org 22x/main Translation-en
Get:18 http://archive.ubuntu.com trusty-updates/restricted amd64 Packages [17.2 kB]
Get:19 http://archive.ubuntu.com trusty-updates/universe amd64 Packages [449 kB]
Get:20 http://archive.ubuntu.com trusty-updates/multiverse amd64 Packages [14.6 kB]
Get:21 http://archive.ubuntu.com trusty-updates/main Translation-en [525 kB]
Get:22 http://archive.ubuntu.com trusty-updates/multiverse Translation-en [7,616 B]
Get:23 http://archive.ubuntu.com trusty-updates/restricted Translation-en [4,024 B]
Get:24 http://archive.ubuntu.com trusty-updates/universe Translation-en [243 kB]
Hit http://archive.ubuntu.com trusty-backports/main Sources
Hit http://archive.ubuntu.com trusty-backports/restricted Sources
Hit http://archive.ubuntu.com trusty-backports/universe Sources
Hit http://archive.ubuntu.com trusty-backports/multiverse Sources
Hit http://archive.ubuntu.com trusty-backports/main amd64 Packages
Hit http://archive.ubuntu.com trusty-backports/restricted amd64 Packages
Hit http://archive.ubuntu.com trusty-backports/universe amd64 Packages
Hit http://archive.ubuntu.com trusty-backports/multiverse amd64 Packages
Hit http://archive.ubuntu.com trusty-backports/main Translation-en
Hit http://archive.ubuntu.com trusty-backports/multiverse Translation-en
Hit http://archive.ubuntu.com trusty-backports/restricted Translation-en
Hit http://archive.ubuntu.com trusty-backports/universe Translation-en
Hit http://archive.ubuntu.com trusty Release
Hit http://archive.ubuntu.com trusty/main Sources
Hit http://archive.ubuntu.com trusty/restricted Sources
Hit http://archive.ubuntu.com trusty/universe Sources
Hit http://archive.ubuntu.com trusty/multiverse Sources
Hit http://archive.ubuntu.com trusty/main amd64 Packages
Hit http://archive.ubuntu.com trusty/restricted amd64 Packages
Hit http://archive.ubuntu.com trusty/universe amd64 Packages
Hit http://archive.ubuntu.com trusty/multiverse amd64 Packages
Hit http://archive.ubuntu.com trusty/main Translation-en
Hit http://archive.ubuntu.com trusty/multiverse Translation-en
Hit http://archive.ubuntu.com trusty/restricted Translation-en
Hit http://archive.ubuntu.com trusty/universe Translation-en
Ign http://archive.ubuntu.com trusty/main Translation-en_US
Ign http://archive.ubuntu.com trusty/multiverse Translation-en_US
Ign http://archive.ubuntu.com trusty/restricted Translation-en_US
Ign http://archive.ubuntu.com trusty/universe Translation-en_US
Fetched 4,734 kB in 29s (161 kB/s)
Reading package lists... Done
W: GPG error: http://www.apache.org 22x InRelease: The following signatures couldn't be verified because the publi                                                                                                c key is not available: NO_PUBKEY A278B781FE4B2BDA
vagrant@vagrant-ubuntu-trusty-64:~$ sudo apt-get install openjdk-7-jdk
Reading package lists... Done
Building dependency tree
Reading state information... Done
The following extra packages will be installed:
  fonts-dejavu-extra libatk-wrapper-java libatk-wrapper-java-jni libgif4
  libgtk2.0-0 libgtk2.0-bin libgtk2.0-common libice-dev libpthread-stubs0-dev
  libsm-dev libx11-dev libx11-doc libxau-dev libxcb1-dev libxdmcp-dev
  libxt-dev openjdk-7-jre x11proto-core-dev x11proto-input-dev x11proto-kb-dev
  xorg-sgml-doctools xtrans-dev
Suggested packages:
  librsvg2-common gvfs libice-doc libsm-doc libxcb-doc libxt-doc
  openjdk-7-demo openjdk-7-source visualvm
The following NEW packages will be installed:
  fonts-dejavu-extra libatk-wrapper-java libatk-wrapper-java-jni libgif4
  libgtk2.0-0 libgtk2.0-bin libgtk2.0-common libice-dev libpthread-stubs0-dev
  libsm-dev libx11-dev libx11-doc libxau-dev libxcb1-dev libxdmcp-dev
  libxt-dev openjdk-7-jdk openjdk-7-jre x11proto-core-dev x11proto-input-dev
  x11proto-kb-dev xorg-sgml-doctools xtrans-dev
0 upgraded, 23 newly installed, 0 to remove and 97 not upgraded.
Need to get 0 B/23.7 MB of archives.
After this operation, 54.2 MB of additional disk space will be used.
Do you want to continue? [Y/n] Y
Selecting previously unselected package libgtk2.0-common.
(Reading database ... 64656 files and directories currently installed.)
Preparing to unpack .../libgtk2.0-common_2.24.23-0ubuntu1.4_all.deb ...
Unpacking libgtk2.0-common (2.24.23-0ubuntu1.4) ...
Selecting previously unselected package libgtk2.0-0:amd64.
Preparing to unpack .../libgtk2.0-0_2.24.23-0ubuntu1.4_amd64.deb ...
Unpacking libgtk2.0-0:amd64 (2.24.23-0ubuntu1.4) ...
Selecting previously unselected package libgif4:amd64.
Preparing to unpack .../libgif4_4.1.6-11_amd64.deb ...
Unpacking libgif4:amd64 (4.1.6-11) ...
Selecting previously unselected package openjdk-7-jre:amd64.
Preparing to unpack .../openjdk-7-jre_7u151-2.6.11-2ubuntu0.14.04.1_amd64.deb ...
Unpacking openjdk-7-jre:amd64 (7u151-2.6.11-2ubuntu0.14.04.1) ...
Selecting previously unselected package libatk-wrapper-java.
Preparing to unpack .../libatk-wrapper-java_0.30.4-4_all.deb ...
Unpacking libatk-wrapper-java (0.30.4-4) ...
Selecting previously unselected package libatk-wrapper-java-jni:amd64.
Preparing to unpack .../libatk-wrapper-java-jni_0.30.4-4_amd64.deb ...
Unpacking libatk-wrapper-java-jni:amd64 (0.30.4-4) ...
Selecting previously unselected package fonts-dejavu-extra.
Preparing to unpack .../fonts-dejavu-extra_2.34-1ubuntu1_all.deb ...
Unpacking fonts-dejavu-extra (2.34-1ubuntu1) ...
Selecting previously unselected package libgtk2.0-bin.
Preparing to unpack .../libgtk2.0-bin_2.24.23-0ubuntu1.4_amd64.deb ...
Unpacking libgtk2.0-bin (2.24.23-0ubuntu1.4) ...
Selecting previously unselected package xorg-sgml-doctools.
Preparing to unpack .../xorg-sgml-doctools_1%3a1.11-1_all.deb ...
Unpacking xorg-sgml-doctools (1:1.11-1) ...
Selecting previously unselected package x11proto-core-dev.
Preparing to unpack .../x11proto-core-dev_7.0.26-1~ubuntu2_all.deb ...
Unpacking x11proto-core-dev (7.0.26-1~ubuntu2) ...
Selecting previously unselected package libice-dev:amd64.
Preparing to unpack .../libice-dev_2%3a1.0.8-2_amd64.deb ...
Unpacking libice-dev:amd64 (2:1.0.8-2) ...
Selecting previously unselected package libpthread-stubs0-dev:amd64.
Preparing to unpack .../libpthread-stubs0-dev_0.3-4_amd64.deb ...
Unpacking libpthread-stubs0-dev:amd64 (0.3-4) ...
Selecting previously unselected package libsm-dev:amd64.
Preparing to unpack .../libsm-dev_2%3a1.2.1-2_amd64.deb ...
Unpacking libsm-dev:amd64 (2:1.2.1-2) ...
Selecting previously unselected package libxau-dev:amd64.
Preparing to unpack .../libxau-dev_1%3a1.0.8-1_amd64.deb ...
Unpacking libxau-dev:amd64 (1:1.0.8-1) ...
Selecting previously unselected package libxdmcp-dev:amd64.
Preparing to unpack .../libxdmcp-dev_1%3a1.1.1-1_amd64.deb ...
Unpacking libxdmcp-dev:amd64 (1:1.1.1-1) ...
Selecting previously unselected package x11proto-input-dev.
Preparing to unpack .../x11proto-input-dev_2.3-1_all.deb ...
Unpacking x11proto-input-dev (2.3-1) ...
Selecting previously unselected package x11proto-kb-dev.
Preparing to unpack .../x11proto-kb-dev_1.0.6-2_all.deb ...
Unpacking x11proto-kb-dev (1.0.6-2) ...
Selecting previously unselected package xtrans-dev.
Preparing to unpack .../xtrans-dev_1.3.5-1~ubuntu14.04.2_all.deb ...
Unpacking xtrans-dev (1.3.5-1~ubuntu14.04.2) ...
Selecting previously unselected package libxcb1-dev:amd64.
Preparing to unpack .../libxcb1-dev_1.10-2ubuntu1_amd64.deb ...
Unpacking libxcb1-dev:amd64 (1.10-2ubuntu1) ...
Selecting previously unselected package libx11-dev:amd64.
Preparing to unpack .../libx11-dev_2%3a1.6.2-1ubuntu2_amd64.deb ...
Unpacking libx11-dev:amd64 (2:1.6.2-1ubuntu2) ...
Selecting previously unselected package libx11-doc.
Preparing to unpack .../libx11-doc_2%3a1.6.2-1ubuntu2_all.deb ...
Unpacking libx11-doc (2:1.6.2-1ubuntu2) ...
Selecting previously unselected package libxt-dev:amd64.
Preparing to unpack .../libxt-dev_1%3a1.1.4-1_amd64.deb ...
Unpacking libxt-dev:amd64 (1:1.1.4-1) ...
Selecting previously unselected package openjdk-7-jdk:amd64.
Preparing to unpack .../openjdk-7-jdk_7u151-2.6.11-2ubuntu0.14.04.1_amd64.deb ...
Unpacking openjdk-7-jdk:amd64 (7u151-2.6.11-2ubuntu0.14.04.1) ...
Processing triggers for mime-support (3.54ubuntu1.1) ...
Processing triggers for hicolor-icon-theme (0.13-1) ...
Processing triggers for fontconfig (2.11.0-0ubuntu4.2) ...
Processing triggers for man-db (2.6.7.1-1ubuntu1) ...
Setting up libgtk2.0-common (2.24.23-0ubuntu1.4) ...
Setting up libgtk2.0-0:amd64 (2.24.23-0ubuntu1.4) ...
Setting up libgif4:amd64 (4.1.6-11) ...
Setting up libatk-wrapper-java (0.30.4-4) ...
Setting up libatk-wrapper-java-jni:amd64 (0.30.4-4) ...
Setting up openjdk-7-jre:amd64 (7u151-2.6.11-2ubuntu0.14.04.1) ...
Setting up fonts-dejavu-extra (2.34-1ubuntu1) ...
Setting up libgtk2.0-bin (2.24.23-0ubuntu1.4) ...
Setting up xorg-sgml-doctools (1:1.11-1) ...
Setting up x11proto-core-dev (7.0.26-1~ubuntu2) ...
Setting up libice-dev:amd64 (2:1.0.8-2) ...
Setting up libpthread-stubs0-dev:amd64 (0.3-4) ...
Setting up libsm-dev:amd64 (2:1.2.1-2) ...
Setting up libxau-dev:amd64 (1:1.0.8-1) ...
Setting up libxdmcp-dev:amd64 (1:1.1.1-1) ...
Setting up x11proto-input-dev (2.3-1) ...
Setting up x11proto-kb-dev (1.0.6-2) ...
Setting up xtrans-dev (1.3.5-1~ubuntu14.04.2) ...
Setting up libxcb1-dev:amd64 (1.10-2ubuntu1) ...
Setting up libx11-dev:amd64 (2:1.6.2-1ubuntu2) ...
Setting up libx11-doc (2:1.6.2-1ubuntu2) ...
Setting up libxt-dev:amd64 (1:1.1.4-1) ...
Setting up openjdk-7-jdk:amd64 (7u151-2.6.11-2ubuntu0.14.04.1) ...
Processing triggers for libc-bin (2.19-0ubuntu6.13) ...
vagrant@vagrant-ubuntu-trusty-64:~$ sudo apt-get install openssh-server
Reading package lists... Done
Building dependency tree
Reading state information... Done
The following extra packages will be installed:
  openssh-client
Suggested packages:
  ssh-askpass libpam-ssh keychain monkeysphere rssh molly-guard
The following packages will be upgraded:
  openssh-client openssh-server
2 upgraded, 0 newly installed, 0 to remove and 95 not upgraded.
Need to get 885 kB of archives.
After this operation, 4,096 B disk space will be freed.
Do you want to continue? [Y/n] Y
Get:1 http://archive.ubuntu.com/ubuntu/ trusty-updates/main openssh-server amd64 1:6.6p1-2ubuntu2.10 [319 kB]
Get:2 http://archive.ubuntu.com/ubuntu/ trusty-updates/main openssh-client amd64 1:6.6p1-2ubuntu2.10 [566 kB]
Fetched 885 kB in 32s (27.0 kB/s)
Preconfiguring packages ...
(Reading database ... 66322 files and directories currently installed.)
Preparing to unpack .../openssh-server_1%3a6.6p1-2ubuntu2.10_amd64.deb ...
Unpacking openssh-server (1:6.6p1-2ubuntu2.10) over (1:6.6p1-2ubuntu2.8) ...
Preparing to unpack .../openssh-client_1%3a6.6p1-2ubuntu2.10_amd64.deb ...
Unpacking openssh-client (1:6.6p1-2ubuntu2.10) over (1:6.6p1-2ubuntu2.8) ...
Processing triggers for ufw (0.34~rc-0ubuntu2) ...
Processing triggers for ureadahead (0.100.0-16) ...
Processing triggers for man-db (2.6.7.1-1ubuntu1) ...
Setting up openssh-client (1:6.6p1-2ubuntu2.10) ...
Setting up openssh-server (1:6.6p1-2ubuntu2.10) ...
ssh stop/waiting
ssh start/running, process 6576
vagrant@vagrant-ubuntu-trusty-64:~$ sudo addgroup hadoop
Adding group `hadoop' (GID 1003) ...
Done.
vagrant@vagrant-ubuntu-trusty-64:~$ sudo adduser --ingroup hadoop hduser
Adding user `hduser' ...
Adding new user `hduser' (1003) with group `hadoop' ...
Creating home directory `/home/hduser' ...
Copying files from `/etc/skel' ...
Enter new UNIX password:
Retype new UNIX password:
passwd: password updated successfully
Changing the user information for hduser
Enter the new value, or press ENTER for the default
        Full Name []:
        Room Number []:
        Work Phone []:
        Home Phone []:
        Other []:
Is the information correct? [Y/n] Y
vagrant@vagrant-ubuntu-trusty-64:~$ sudo visudo
visudo: /etc/sudoers.tmp unchanged
vagrant@vagrant-ubuntu-trusty-64:~$ sudo visudo
vagrant@vagrant-ubuntu-trusty-64:~$ sudo mkdir /usr/local/hadoop
vagrant@vagrant-ubuntu-trusty-64:~$ sudo chown -R hduser /usr/local/hadoop
vagrant@vagrant-ubuntu-trusty-64:~$ sudo chmod -R 755 /usr/local/hadoop
vagrant@vagrant-ubuntu-trusty-64:~$ su hduser
Password:
hduser@vagrant-ubuntu-trusty-64:/home/vagrant$ cd /home/hduser/
hduser@vagrant-ubuntu-trusty-64:~$ ls
hduser@vagrant-ubuntu-trusty-64:~$ cp /vagrant/
hadoop-2.6.4.tar.gz  install.sh           .vagrant/            Vagrantfile
hduser@vagrant-ubuntu-trusty-64:~$ cp /vagrant/hadoop-2.6.4.tar.gz .
hduser@vagrant-ubuntu-trusty-64:~$ clear
hduser@vagrant-ubuntu-trusty-64:~$ tar zxf hadoop-2.6.4.tar.gz
hduser@vagrant-ubuntu-trusty-64:~$ mv hadoop-2.6.4/
bin/         include/     libexec/     NOTICE.txt   sbin/
etc/         lib/         LICENSE.txt  README.txt   share/
hduser@vagrant-ubuntu-trusty-64:~$ mv hadoop-2.6.4/* /usr/local/hadoop
hduser@vagrant-ubuntu-trusty-64:~$ vi ~/.bashrc
hduser@vagrant-ubuntu-trusty-64:~$ echo $JAVA_HOME
/usr/lib/jvm/java-8-oracle
hduser@vagrant-ubuntu-trusty-64:~$ cd /usr/lib/jvm/java-
java-1.7.0-openjdk-amd64/ java-7-openjdk-amd64/     java-8-oracle/
hduser@vagrant-ubuntu-trusty-64:~$ cd /usr/lib/jvm/java-1.7.0-openjdk-amd64^C
hduser@vagrant-ubuntu-trusty-64:~$ vi ~/.bashrc
hduser@vagrant-ubuntu-trusty-64:~$ source ~/.bashrc
hduser@vagrant-ubuntu-trusty-64:~$ ssh-keygen -t rsa -P ""
Generating public/private rsa key pair.
Enter file in which to save the key (/home/hduser/.ssh/id_rsa):
Created directory '/home/hduser/.ssh'.
Your identification has been saved in /home/hduser/.ssh/id_rsa.
Your public key has been saved in /home/hduser/.ssh/id_rsa.pub.
The key fingerprint is:
9d:07:38:0c:6c:7e:6b:28:b8:51:61:ca:41:46:65:65 hduser@vagrant-ubuntu-trusty-64
The key's randomart image is:
+--[ RSA 2048]----+
| o+.ooE          |
| ...o.oo .       |
| . + +  + .      |
|  o . . .o o     |
|   o   oS.o .    |
|  o . . o  .     |
|   o . .         |
|  .              |
|                 |
+-----------------+
hduser@vagrant-ubuntu-trusty-64:~$ cat /home/hduser/.ssh/id_rsa.pub >> /home/hduser/.ssh/authorized_keys
hduser@vagrant-ubuntu-trusty-64:~$ ssh localhost
The authenticity of host 'localhost (127.0.0.1)' can't be established.
ECDSA key fingerprint is 09:09:4b:3c:e4:eb:90:94:02:79:5b:74:0f:9c:cc:a9.
Are you sure you want to continue connecting (yes/no)? yes
Warning: Permanently added 'localhost' (ECDSA) to the list of known hosts.
Welcome to Ubuntu 14.04.5 LTS (GNU/Linux 3.13.0-135-generic x86_64)

 * Documentation:  https://help.ubuntu.com/

  System information as of Mon Apr  2 12:36:28 UTC 2018

  System load:  0.02              Processes:           81
  Usage of /:   5.6% of 39.34GB   Users logged in:     1
  Memory usage: 22%               IP address for eth0: 10.0.2.15
  Swap usage:   0%                IP address for eth1: 192.168.33.101

  Graph this data and manage this system at:
    https://landscape.canonical.com/

  Get cloud support with Ubuntu Advantage Cloud Guest:
    http://www.ubuntu.com/business/services/cloud

New release '16.04.4 LTS' available.
Run 'do-release-upgrade' to upgrade to it.



The programs included with the Ubuntu system are free software;
the exact distribution terms for each program are described in the
individual files in /usr/share/doc/*/copyright.

Ubuntu comes with ABSOLUTELY NO WARRANTY, to the extent permitted by
applicable law.

hduser@vagrant-ubuntu-trusty-64:~$ cd /usr/local/hadoop/etc/hadoop/
hduser@vagrant-ubuntu-trusty-64:/usr/local/hadoop/etc/hadoop$ ls
capacity-scheduler.xml      hadoop-policy.xml        kms-log4j.properties        ssl-client.xml.example
configuration.xsl           hdfs-site.xml            kms-site.xml                ssl-server.xml.example
container-executor.cfg      httpfs-env.sh            log4j.properties            yarn-env.cmd
core-site.xml               httpfs-log4j.properties  mapred-env.cmd              yarn-env.sh
hadoop-env.cmd              httpfs-signature.secret  mapred-env.sh               yarn-site.xml
hadoop-env.sh               httpfs-site.xml          mapred-queues.xml.template
hadoop-metrics2.properties  kms-acls.xml             mapred-site.xml.template
hadoop-metrics.properties   kms-env.sh               slaves
hduser@vagrant-ubuntu-trusty-64:/usr/local/hadoop/etc/hadoop$ vi hadoop-env.sh
hduser@vagrant-ubuntu-trusty-64:/usr/local/hadoop/etc/hadoop$ vi core-site.xml
hduser@vagrant-ubuntu-trusty-64:/usr/local/hadoop/etc/hadoop$ vi hdfs-site.xml
hduser@vagrant-ubuntu-trusty-64:/usr/local/hadoop/etc/hadoop$ vi yarn-site.xml
hduser@vagrant-ubuntu-trusty-64:/usr/local/hadoop/etc/hadoop$ cp mapred-site.xml.template mapred-site.xml
hduser@vagrant-ubuntu-trusty-64:/usr/local/hadoop/etc/hadoop$ vi mapred-site.xml
hduser@vagrant-ubuntu-trusty-64:/usr/local/hadoop/etc/hadoop$ vi slaves
hduser@vagrant-ubuntu-trusty-64:/usr/local/hadoop/etc/hadoop$ sudo mkdir -p /app/hadoop/tmp
[sudo] password for hduser:
hduser@vagrant-ubuntu-trusty-64:/usr/local/hadoop/etc/hadoop$ sudo chown -R hduser /app/hadoop/tmp
hduser@vagrant-ubuntu-trusty-64:/usr/local/hadoop/etc/hadoop$ sudo chown -R 755 /app/hadoop/tmp
hduser@vagrant-ubuntu-trusty-64:/usr/local/hadoop/etc/hadoop$ cd /usr/local/hadoop/sbin/
hduser@vagrant-ubuntu-trusty-64:/usr/local/hadoop/sbin$ hadoop namenode -format
DEPRECATED: Use of this script to execute hdfs command is deprecated.
Instead use the hdfs command for it.

18/04/02 12:57:59 INFO namenode.NameNode: STARTUP_MSG:
/************************************************************
STARTUP_MSG: Starting NameNode
STARTUP_MSG:   host = vagrant-ubuntu-trusty-64/10.0.2.15
STARTUP_MSG:   args = [-format]
STARTUP_MSG:   version = 2.6.4
STARTUP_MSG:   classpath = /usr/local/hadoop/etc/hadoop:/usr/local/hadoop/share/hadoop/common/lib/gson-2.2.4.jar:/                                                                                                usr/local/hadoop/share/hadoop/common/lib/netty-3.6.2.Final.jar:/usr/local/hadoop/share/hadoop/common/lib/xz-1.0.ja                                                                                                r:/usr/local/hadoop/share/hadoop/common/lib/paranamer-2.3.jar:/usr/local/hadoop/share/hadoop/common/lib/hadoop-ann                                                                                                otations-2.6.4.jar:/usr/local/hadoop/share/hadoop/common/lib/jersey-core-1.9.jar:/usr/local/hadoop/share/hadoop/co                                                                                                mmon/lib/commons-cli-1.2.jar:/usr/local/hadoop/share/hadoop/common/lib/httpclient-4.2.5.jar:/usr/local/hadoop/shar                                                                                                e/hadoop/common/lib/jsp-api-2.1.jar:/usr/local/hadoop/share/hadoop/common/lib/java-xmlbuilder-0.4.jar:/usr/local/h                                                                                                adoop/share/hadoop/common/lib/log4j-1.2.17.jar:/usr/local/hadoop/share/hadoop/common/lib/api-util-1.0.0-M20.jar:/u                                                                                                sr/local/hadoop/share/hadoop/common/lib/commons-el-1.0.jar:/usr/local/hadoop/share/hadoop/common/lib/hamcrest-core                                                                                                -1.3.jar:/usr/local/hadoop/share/hadoop/common/lib/jaxb-impl-2.2.3-1.jar:/usr/local/hadoop/share/hadoop/common/lib                                                                                                /jsch-0.1.42.jar:/usr/local/hadoop/share/hadoop/common/lib/commons-configuration-1.6.jar:/usr/local/hadoop/share/h                                                                                                adoop/common/lib/junit-4.11.jar:/usr/local/hadoop/share/hadoop/common/lib/jackson-jaxrs-1.9.13.jar:/usr/local/hado                                                                                                op/share/hadoop/common/lib/curator-client-2.6.0.jar:/usr/local/hadoop/share/hadoop/common/lib/httpcore-4.2.5.jar:/                                                                                                usr/local/hadoop/share/hadoop/common/lib/curator-recipes-2.6.0.jar:/usr/local/hadoop/share/hadoop/common/lib/jsr30                                                                                                5-1.3.9.jar:/usr/local/hadoop/share/hadoop/common/lib/curator-framework-2.6.0.jar:/usr/local/hadoop/share/hadoop/c                                                                                                ommon/lib/commons-codec-1.4.jar:/usr/local/hadoop/share/hadoop/common/lib/guava-11.0.2.jar:/usr/local/hadoop/share                                                                                                /hadoop/common/lib/apacheds-kerberos-codec-2.0.0-M15.jar:/usr/local/hadoop/share/hadoop/common/lib/api-asn1-api-1.                                                                                                0.0-M20.jar:/usr/local/hadoop/share/hadoop/common/lib/activation-1.1.jar:/usr/local/hadoop/share/hadoop/common/lib                                                                                                /jersey-json-1.9.jar:/usr/local/hadoop/share/hadoop/common/lib/asm-3.2.jar:/usr/local/hadoop/share/hadoop/common/l                                                                                                ib/jetty-6.1.26.jar:/usr/local/hadoop/share/hadoop/common/lib/commons-digester-1.8.jar:/usr/local/hadoop/share/had                                                                                                oop/common/lib/jackson-mapper-asl-1.9.13.jar:/usr/local/hadoop/share/hadoop/common/lib/jaxb-api-2.2.2.jar:/usr/loc                                                                                                al/hadoop/share/hadoop/common/lib/jets3t-0.9.0.jar:/usr/local/hadoop/share/hadoop/common/lib/mockito-all-1.8.5.jar                                                                                                :/usr/local/hadoop/share/hadoop/common/lib/jackson-xc-1.9.13.jar:/usr/local/hadoop/share/hadoop/common/lib/htrace-                                                                                                core-3.0.4.jar:/usr/local/hadoop/share/hadoop/common/lib/commons-httpclient-3.1.jar:/usr/local/hadoop/share/hadoop                                                                                                /common/lib/hadoop-auth-2.6.4.jar:/usr/local/hadoop/share/hadoop/common/lib/jettison-1.1.jar:/usr/local/hadoop/sha                                                                                                re/hadoop/common/lib/commons-beanutils-1.7.0.jar:/usr/local/hadoop/share/hadoop/common/lib/jetty-util-6.1.26.jar:/                                                                                                usr/local/hadoop/share/hadoop/common/lib/xmlenc-0.52.jar:/usr/local/hadoop/share/hadoop/common/lib/protobuf-java-2                                                                                                .5.0.jar:/usr/local/hadoop/share/hadoop/common/lib/slf4j-log4j12-1.7.5.jar:/usr/local/hadoop/share/hadoop/common/l                                                                                                ib/jackson-core-asl-1.9.13.jar:/usr/local/hadoop/share/hadoop/common/lib/jasper-compiler-5.5.23.jar:/usr/local/had                                                                                                oop/share/hadoop/common/lib/commons-io-2.4.jar:/usr/local/hadoop/share/hadoop/common/lib/commons-collections-3.2.2                                                                                                .jar:/usr/local/hadoop/share/hadoop/common/lib/commons-logging-1.1.3.jar:/usr/local/hadoop/share/hadoop/common/lib                                                                                                /commons-compress-1.4.1.jar:/usr/local/hadoop/share/hadoop/common/lib/jasper-runtime-5.5.23.jar:/usr/local/hadoop/                                                                                                share/hadoop/common/lib/commons-net-3.1.jar:/usr/local/hadoop/share/hadoop/common/lib/commons-lang-2.6.jar:/usr/lo                                                                                                cal/hadoop/share/hadoop/common/lib/avro-1.7.4.jar:/usr/local/hadoop/share/hadoop/common/lib/apacheds-i18n-2.0.0-M1                                                                                                5.jar:/usr/local/hadoop/share/hadoop/common/lib/snappy-java-1.0.4.1.jar:/usr/local/hadoop/share/hadoop/common/lib/                                                                                                zookeeper-3.4.6.jar:/usr/local/hadoop/share/hadoop/common/lib/commons-math3-3.1.1.jar:/usr/local/hadoop/share/hado                                                                                                op/common/lib/servlet-api-2.5.jar:/usr/local/hadoop/share/hadoop/common/lib/stax-api-1.0-2.jar:/usr/local/hadoop/s                                                                                                hare/hadoop/common/lib/jersey-server-1.9.jar:/usr/local/hadoop/share/hadoop/common/lib/slf4j-api-1.7.5.jar:/usr/lo                                                                                                cal/hadoop/share/hadoop/common/lib/commons-beanutils-core-1.8.0.jar:/usr/local/hadoop/share/hadoop/common/hadoop-c                                                                                                ommon-2.6.4.jar:/usr/local/hadoop/share/hadoop/common/hadoop-common-2.6.4-tests.jar:/usr/local/hadoop/share/hadoop                                                                                                /common/hadoop-nfs-2.6.4.jar:/usr/local/hadoop/share/hadoop/hdfs:/usr/local/hadoop/share/hadoop/hdfs/lib/netty-3.6                                                                                                .2.Final.jar:/usr/local/hadoop/share/hadoop/hdfs/lib/jersey-core-1.9.jar:/usr/local/hadoop/share/hadoop/hdfs/lib/c                                                                                                ommons-cli-1.2.jar:/usr/local/hadoop/share/hadoop/hdfs/lib/jsp-api-2.1.jar:/usr/local/hadoop/share/hadoop/hdfs/lib                                                                                                /log4j-1.2.17.jar:/usr/local/hadoop/share/hadoop/hdfs/lib/commons-el-1.0.jar:/usr/local/hadoop/share/hadoop/hdfs/l                                                                                                ib/commons-daemon-1.0.13.jar:/usr/local/hadoop/share/hadoop/hdfs/lib/jsr305-1.3.9.jar:/usr/local/hadoop/share/hado                                                                                                op/hdfs/lib/commons-codec-1.4.jar:/usr/local/hadoop/share/hadoop/hdfs/lib/guava-11.0.2.jar:/usr/local/hadoop/share                                                                                                /hadoop/hdfs/lib/asm-3.2.jar:/usr/local/hadoop/share/hadoop/hdfs/lib/jetty-6.1.26.jar:/usr/local/hadoop/share/hado                                                                                                op/hdfs/lib/jackson-mapper-asl-1.9.13.jar:/usr/local/hadoop/share/hadoop/hdfs/lib/htrace-core-3.0.4.jar:/usr/local                                                                                                /hadoop/share/hadoop/hdfs/lib/jetty-util-6.1.26.jar:/usr/local/hadoop/share/hadoop/hdfs/lib/xmlenc-0.52.jar:/usr/l                                                                                                ocal/hadoop/share/hadoop/hdfs/lib/protobuf-java-2.5.0.jar:/usr/local/hadoop/share/hadoop/hdfs/lib/jackson-core-asl                                                                                                -1.9.13.jar:/usr/local/hadoop/share/hadoop/hdfs/lib/xercesImpl-2.9.1.jar:/usr/local/hadoop/share/hadoop/hdfs/lib/c                                                                                                ommons-io-2.4.jar:/usr/local/hadoop/share/hadoop/hdfs/lib/commons-logging-1.1.3.jar:/usr/local/hadoop/share/hadoop                                                                                                /hdfs/lib/jasper-runtime-5.5.23.jar:/usr/local/hadoop/share/hadoop/hdfs/lib/commons-lang-2.6.jar:/usr/local/hadoop                                                                                                /share/hadoop/hdfs/lib/servlet-api-2.5.jar:/usr/local/hadoop/share/hadoop/hdfs/lib/jersey-server-1.9.jar:/usr/loca                                                                                                l/hadoop/share/hadoop/hdfs/lib/xml-apis-1.3.04.jar:/usr/local/hadoop/share/hadoop/hdfs/hadoop-hdfs-nfs-2.6.4.jar:/                                                                                                usr/local/hadoop/share/hadoop/hdfs/hadoop-hdfs-2.6.4.jar:/usr/local/hadoop/share/hadoop/hdfs/hadoop-hdfs-2.6.4-tes                                                                                                ts.jar:/usr/local/hadoop/share/hadoop/yarn/lib/netty-3.6.2.Final.jar:/usr/local/hadoop/share/hadoop/yarn/lib/xz-1.                                                                                                0.jar:/usr/local/hadoop/share/hadoop/yarn/lib/jersey-client-1.9.jar:/usr/local/hadoop/share/hadoop/yarn/lib/leveld                                                                                                bjni-all-1.8.jar:/usr/local/hadoop/share/hadoop/yarn/lib/jersey-core-1.9.jar:/usr/local/hadoop/share/hadoop/yarn/l                                                                                                ib/javax.inject-1.jar:/usr/local/hadoop/share/hadoop/yarn/lib/aopalliance-1.0.jar:/usr/local/hadoop/share/hadoop/y                                                                                                arn/lib/commons-cli-1.2.jar:/usr/local/hadoop/share/hadoop/yarn/lib/log4j-1.2.17.jar:/usr/local/hadoop/share/hadoo                                                                                                p/yarn/lib/jaxb-impl-2.2.3-1.jar:/usr/local/hadoop/share/hadoop/yarn/lib/jackson-jaxrs-1.9.13.jar:/usr/local/hadoo                                                                                                p/share/hadoop/yarn/lib/guice-servlet-3.0.jar:/usr/local/hadoop/share/hadoop/yarn/lib/jsr305-1.3.9.jar:/usr/local/                                                                                                hadoop/share/hadoop/yarn/lib/jersey-guice-1.9.jar:/usr/local/hadoop/share/hadoop/yarn/lib/commons-codec-1.4.jar:/u                                                                                                sr/local/hadoop/share/hadoop/yarn/lib/guava-11.0.2.jar:/usr/local/hadoop/share/hadoop/yarn/lib/activation-1.1.jar:                                                                                                /usr/local/hadoop/share/hadoop/yarn/lib/jersey-json-1.9.jar:/usr/local/hadoop/share/hadoop/yarn/lib/asm-3.2.jar:/u                                                                                                sr/local/hadoop/share/hadoop/yarn/lib/jetty-6.1.26.jar:/usr/local/hadoop/share/hadoop/yarn/lib/jackson-mapper-asl-                                                                                                1.9.13.jar:/usr/local/hadoop/share/hadoop/yarn/lib/jaxb-api-2.2.2.jar:/usr/local/hadoop/share/hadoop/yarn/lib/jack                                                                                                son-xc-1.9.13.jar:/usr/local/hadoop/share/hadoop/yarn/lib/commons-httpclient-3.1.jar:/usr/local/hadoop/share/hadoo                                                                                                p/yarn/lib/jettison-1.1.jar:/usr/local/hadoop/share/hadoop/yarn/lib/jetty-util-6.1.26.jar:/usr/local/hadoop/share/                                                                                                hadoop/yarn/lib/jline-0.9.94.jar:/usr/local/hadoop/share/hadoop/yarn/lib/protobuf-java-2.5.0.jar:/usr/local/hadoop                                                                                                /share/hadoop/yarn/lib/jackson-core-asl-1.9.13.jar:/usr/local/hadoop/share/hadoop/yarn/lib/commons-io-2.4.jar:/usr                                                                                                /local/hadoop/share/hadoop/yarn/lib/commons-collections-3.2.2.jar:/usr/local/hadoop/share/hadoop/yarn/lib/commons-                                                                                                logging-1.1.3.jar:/usr/local/hadoop/share/hadoop/yarn/lib/commons-compress-1.4.1.jar:/usr/local/hadoop/share/hadoo                                                                                                p/yarn/lib/commons-lang-2.6.jar:/usr/local/hadoop/share/hadoop/yarn/lib/guice-3.0.jar:/usr/local/hadoop/share/hado                                                                                                op/yarn/lib/zookeeper-3.4.6.jar:/usr/local/hadoop/share/hadoop/yarn/lib/servlet-api-2.5.jar:/usr/local/hadoop/shar                                                                                                e/hadoop/yarn/lib/stax-api-1.0-2.jar:/usr/local/hadoop/share/hadoop/yarn/lib/jersey-server-1.9.jar:/usr/local/hado                                                                                                op/share/hadoop/yarn/hadoop-yarn-common-2.6.4.jar:/usr/local/hadoop/share/hadoop/yarn/hadoop-yarn-server-applicati                                                                                                onhistoryservice-2.6.4.jar:/usr/local/hadoop/share/hadoop/yarn/hadoop-yarn-server-resourcemanager-2.6.4.jar:/usr/l                                                                                                ocal/hadoop/share/hadoop/yarn/hadoop-yarn-server-tests-2.6.4.jar:/usr/local/hadoop/share/hadoop/yarn/hadoop-yarn-s                                                                                                erver-common-2.6.4.jar:/usr/local/hadoop/share/hadoop/yarn/hadoop-yarn-applications-unmanaged-am-launcher-2.6.4.ja                                                                                                r:/usr/local/hadoop/share/hadoop/yarn/hadoop-yarn-applications-distributedshell-2.6.4.jar:/usr/local/hadoop/share/                                                                                                hadoop/yarn/hadoop-yarn-api-2.6.4.jar:/usr/local/hadoop/share/hadoop/yarn/hadoop-yarn-client-2.6.4.jar:/usr/local/                                                                                                hadoop/share/hadoop/yarn/hadoop-yarn-server-web-proxy-2.6.4.jar:/usr/local/hadoop/share/hadoop/yarn/hadoop-yarn-se                                                                                                rver-nodemanager-2.6.4.jar:/usr/local/hadoop/share/hadoop/yarn/hadoop-yarn-registry-2.6.4.jar:/usr/local/hadoop/sh                                                                                                are/hadoop/mapreduce/lib/netty-3.6.2.Final.jar:/usr/local/hadoop/share/hadoop/mapreduce/lib/xz-1.0.jar:/usr/local/                                                                                                hadoop/share/hadoop/mapreduce/lib/paranamer-2.3.jar:/usr/local/hadoop/share/hadoop/mapreduce/lib/hadoop-annotation                                                                                                s-2.6.4.jar:/usr/local/hadoop/share/hadoop/mapreduce/lib/leveldbjni-all-1.8.jar:/usr/local/hadoop/share/hadoop/map                                                                                                reduce/lib/jersey-core-1.9.jar:/usr/local/hadoop/share/hadoop/mapreduce/lib/javax.inject-1.jar:/usr/local/hadoop/s                                                                                                hare/hadoop/mapreduce/lib/aopalliance-1.0.jar:/usr/local/hadoop/share/hadoop/mapreduce/lib/log4j-1.2.17.jar:/usr/l                                                                                                ocal/hadoop/share/hadoop/mapreduce/lib/hamcrest-core-1.3.jar:/usr/local/hadoop/share/hadoop/mapreduce/lib/junit-4.                                                                                                11.jar:/usr/local/hadoop/share/hadoop/mapreduce/lib/guice-servlet-3.0.jar:/usr/local/hadoop/share/hadoop/mapreduce                                                                                                /lib/jersey-guice-1.9.jar:/usr/local/hadoop/share/hadoop/mapreduce/lib/asm-3.2.jar:/usr/local/hadoop/share/hadoop/                                                                                                mapreduce/lib/jackson-mapper-asl-1.9.13.jar:/usr/local/hadoop/share/hadoop/mapreduce/lib/protobuf-java-2.5.0.jar:/                                                                                                usr/local/hadoop/share/hadoop/mapreduce/lib/jackson-core-asl-1.9.13.jar:/usr/local/hadoop/share/hadoop/mapreduce/l                                                                                                ib/commons-io-2.4.jar:/usr/local/hadoop/share/hadoop/mapreduce/lib/commons-compress-1.4.1.jar:/usr/local/hadoop/sh                                                                                                are/hadoop/mapreduce/lib/avro-1.7.4.jar:/usr/local/hadoop/share/hadoop/mapreduce/lib/guice-3.0.jar:/usr/local/hado                                                                                                op/share/hadoop/mapreduce/lib/snappy-java-1.0.4.1.jar:/usr/local/hadoop/share/hadoop/mapreduce/lib/jersey-server-1                                                                                                .9.jar:/usr/local/hadoop/share/hadoop/mapreduce/hadoop-mapreduce-client-common-2.6.4.jar:/usr/local/hadoop/share/h                                                                                                adoop/mapreduce/hadoop-mapreduce-client-shuffle-2.6.4.jar:/usr/local/hadoop/share/hadoop/mapreduce/hadoop-mapreduc                                                                                                e-client-jobclient-2.6.4.jar:/usr/local/hadoop/share/hadoop/mapreduce/hadoop-mapreduce-client-hs-2.6.4.jar:/usr/lo                                                                                                cal/hadoop/share/hadoop/mapreduce/hadoop-mapreduce-client-hs-plugins-2.6.4.jar:/usr/local/hadoop/share/hadoop/mapr                                                                                                educe/hadoop-mapreduce-examples-2.6.4.jar:/usr/local/hadoop/share/hadoop/mapreduce/hadoop-mapreduce-client-app-2.6                                                                                                .4.jar:/usr/local/hadoop/share/hadoop/mapreduce/hadoop-mapreduce-client-jobclient-2.6.4-tests.jar:/usr/local/hadoo                                                                                                p/share/hadoop/mapreduce/hadoop-mapreduce-client-core-2.6.4.jar:/usr/local/hadoop/contrib/capacity-scheduler/*.jar                                                                                                :/usr/local/hadoop/contrib/capacity-scheduler/*.jar
STARTUP_MSG:   build = https://git-wip-us.apache.org/repos/asf/hadoop.git -r 5082c73637530b0b7e115f9625ed7fac69f93                                                                                                7e6; compiled by 'jenkins' on 2016-02-12T09:45Z
STARTUP_MSG:   java = 1.7.0_151
************************************************************/
18/04/02 12:57:59 INFO namenode.NameNode: registered UNIX signal handlers for [TERM, HUP, INT]
18/04/02 12:58:00 INFO namenode.NameNode: createNameNode [-format]
18/04/02 12:58:05 WARN common.Util: Path /app/hadoop/tmp/namenode should be specified as a URI in configuration fi                                                                                                les. Please update hdfs configuration.
18/04/02 12:58:05 WARN common.Util: Path /app/hadoop/tmp/namenode should be specified as a URI in configuration fi                                                                                                les. Please update hdfs configuration.
Formatting using clusterid: CID-1914e838-a041-460d-b44c-b426ab033149
18/04/02 12:58:05 INFO namenode.FSNamesystem: No KeyProvider found.
18/04/02 12:58:05 INFO namenode.FSNamesystem: fsLock is fair:true
18/04/02 12:58:06 INFO blockmanagement.DatanodeManager: dfs.block.invalidate.limit=1000
18/04/02 12:58:06 INFO blockmanagement.DatanodeManager: dfs.namenode.datanode.registration.ip-hostname-check=true
18/04/02 12:58:06 INFO blockmanagement.BlockManager: dfs.namenode.startup.delay.block.deletion.sec is set to 000:0                                                                                                0:00:00.000
18/04/02 12:58:06 INFO blockmanagement.BlockManager: The block deletion will start around 2018 Apr 02 12:58:06
18/04/02 12:58:06 INFO util.GSet: Computing capacity for map BlocksMap
18/04/02 12:58:06 INFO util.GSet: VM type       = 64-bit
18/04/02 12:58:06 INFO util.GSet: 2.0% max memory 966.7 MB = 19.3 MB
18/04/02 12:58:06 INFO util.GSet: capacity      = 2^21 = 2097152 entries
18/04/02 12:58:06 INFO blockmanagement.BlockManager: dfs.block.access.token.enable=false
18/04/02 12:58:06 INFO blockmanagement.BlockManager: defaultReplication         = 1
18/04/02 12:58:06 INFO blockmanagement.BlockManager: maxReplication             = 512
18/04/02 12:58:06 INFO blockmanagement.BlockManager: minReplication             = 1
18/04/02 12:58:06 INFO blockmanagement.BlockManager: maxReplicationStreams      = 2
18/04/02 12:58:06 INFO blockmanagement.BlockManager: replicationRecheckInterval = 3000
18/04/02 12:58:06 INFO blockmanagement.BlockManager: encryptDataTransfer        = false
18/04/02 12:58:06 INFO blockmanagement.BlockManager: maxNumBlocksToLog          = 1000
18/04/02 12:58:06 INFO namenode.FSNamesystem: fsOwner             = hduser (auth:SIMPLE)
18/04/02 12:58:06 INFO namenode.FSNamesystem: supergroup          = supergroup
18/04/02 12:58:06 INFO namenode.FSNamesystem: isPermissionEnabled = true
18/04/02 12:58:06 INFO namenode.FSNamesystem: HA Enabled: false
18/04/02 12:58:06 INFO namenode.FSNamesystem: Append Enabled: true
18/04/02 12:58:06 INFO util.GSet: Computing capacity for map INodeMap
18/04/02 12:58:06 INFO util.GSet: VM type       = 64-bit
18/04/02 12:58:06 INFO util.GSet: 1.0% max memory 966.7 MB = 9.7 MB
18/04/02 12:58:06 INFO util.GSet: capacity      = 2^20 = 1048576 entries
18/04/02 12:58:06 INFO namenode.NameNode: Caching file names occuring more than 10 times
18/04/02 12:58:06 INFO util.GSet: Computing capacity for map cachedBlocks
18/04/02 12:58:06 INFO util.GSet: VM type       = 64-bit
18/04/02 12:58:06 INFO util.GSet: 0.25% max memory 966.7 MB = 2.4 MB
18/04/02 12:58:06 INFO util.GSet: capacity      = 2^18 = 262144 entries
18/04/02 12:58:06 INFO namenode.FSNamesystem: dfs.namenode.safemode.threshold-pct = 0.9990000128746033
18/04/02 12:58:06 INFO namenode.FSNamesystem: dfs.namenode.safemode.min.datanodes = 0
18/04/02 12:58:06 INFO namenode.FSNamesystem: dfs.namenode.safemode.extension     = 30000
18/04/02 12:58:06 INFO namenode.FSNamesystem: Retry cache on namenode is enabled
18/04/02 12:58:06 INFO namenode.FSNamesystem: Retry cache will use 0.03 of total heap and retry cache entry expiry                                                                                                 time is 600000 millis
18/04/02 12:58:06 INFO util.GSet: Computing capacity for map NameNodeRetryCache
18/04/02 12:58:06 INFO util.GSet: VM type       = 64-bit
18/04/02 12:58:06 INFO util.GSet: 0.029999999329447746% max memory 966.7 MB = 297.0 KB
18/04/02 12:58:06 INFO util.GSet: capacity      = 2^15 = 32768 entries
18/04/02 12:58:07 INFO namenode.NNConf: ACLs enabled? false
18/04/02 12:58:07 INFO namenode.NNConf: XAttrs enabled? true
18/04/02 12:58:07 INFO namenode.NNConf: Maximum size of an xattr: 16384
18/04/02 12:58:07 INFO namenode.FSImage: Allocated new BlockPoolId: BP-1023624898-10.0.2.15-1522673887147
18/04/02 12:58:07 WARN namenode.NameNode: Encountered exception during format:
java.io.IOException: Cannot create directory /app/hadoop/tmp/namenode/current
        at org.apache.hadoop.hdfs.server.common.Storage$StorageDirectory.clearDirectory(Storage.java:337)
        at org.apache.hadoop.hdfs.server.namenode.NNStorage.format(NNStorage.java:548)
        at org.apache.hadoop.hdfs.server.namenode.NNStorage.format(NNStorage.java:569)
        at org.apache.hadoop.hdfs.server.namenode.FSImage.format(FSImage.java:148)
        at org.apache.hadoop.hdfs.server.namenode.NameNode.format(NameNode.java:944)
        at org.apache.hadoop.hdfs.server.namenode.NameNode.createNameNode(NameNode.java:1382)
        at org.apache.hadoop.hdfs.server.namenode.NameNode.main(NameNode.java:1507)
18/04/02 12:58:07 FATAL namenode.NameNode: Failed to start namenode.
java.io.IOException: Cannot create directory /app/hadoop/tmp/namenode/current
        at org.apache.hadoop.hdfs.server.common.Storage$StorageDirectory.clearDirectory(Storage.java:337)
        at org.apache.hadoop.hdfs.server.namenode.NNStorage.format(NNStorage.java:548)
        at org.apache.hadoop.hdfs.server.namenode.NNStorage.format(NNStorage.java:569)
        at org.apache.hadoop.hdfs.server.namenode.FSImage.format(FSImage.java:148)
        at org.apache.hadoop.hdfs.server.namenode.NameNode.format(NameNode.java:944)
        at org.apache.hadoop.hdfs.server.namenode.NameNode.createNameNode(NameNode.java:1382)
        at org.apache.hadoop.hdfs.server.namenode.NameNode.main(NameNode.java:1507)
18/04/02 12:58:07 INFO util.ExitUtil: Exiting with status 1
18/04/02 12:58:07 INFO namenode.NameNode: SHUTDOWN_MSG:
/************************************************************
SHUTDOWN_MSG: Shutting down NameNode at vagrant-ubuntu-trusty-64/10.0.2.15
************************************************************/
hduser@vagrant-ubuntu-trusty-64:/usr/local/hadoop/sbin$ start-dfs.sh
Starting namenodes on [localhost]
localhost: starting namenode, logging to /usr/local/hadoop/logs/hadoop-hduser-namenode-vagrant-ubuntu-trusty-64.ou                                                                                                t
localhost: starting datanode, logging to /usr/local/hadoop/logs/hadoop-hduser-datanode-vagrant-ubuntu-trusty-64.ou                                                                                                t
Starting secondary namenodes [0.0.0.0]
The authenticity of host '0.0.0.0 (0.0.0.0)' can't be established.
ECDSA key fingerprint is 09:09:4b:3c:e4:eb:90:94:02:79:5b:74:0f:9c:cc:a9.
Are you sure you want to continue connecting (yes/no)? yes
0.0.0.0: Warning: Permanently added '0.0.0.0' (ECDSA) to the list of known hosts.
0.0.0.0: starting secondarynamenode, logging to /usr/local/hadoop/logs/hadoop-hduser-secondarynamenode-vagrant-ubu                                                                                                ntu-trusty-64.out
hduser@vagrant-ubuntu-trusty-64:/usr/local/hadoop/sbin$ ^C
hduser@vagrant-ubuntu-trusty-64:/usr/local/hadoop/sbin$ echo $JAVA_HOME
/usr/lib/jvm/java-1.7.0-openjdk-amd64
hduser@vagrant-ubuntu-trusty-64:/usr/local/hadoop/sbin$ sudo hadoop namenode -format
sudo: hadoop: command not found
hduser@vagrant-ubuntu-trusty-64:/usr/local/hadoop/sbin$ hadoop namenode -format
DEPRECATED: Use of this script to execute hdfs command is deprecated.
Instead use the hdfs command for it.

18/04/02 13:11:01 INFO namenode.NameNode: STARTUP_MSG:
/************************************************************
STARTUP_MSG: Starting NameNode
STARTUP_MSG:   host = vagrant-ubuntu-trusty-64/10.0.2.15
STARTUP_MSG:   args = [-format]
STARTUP_MSG:   version = 2.6.4
STARTUP_MSG:   classpath = /usr/local/hadoop/etc/hadoop:/usr/local/hadoop/share/hadoop/common/lib/gson-2.2.4.jar:/                                                                                                usr/local/hadoop/share/hadoop/common/lib/netty-3.6.2.Final.jar:/usr/local/hadoop/share/hadoop/common/lib/xz-1.0.ja                                                                                                r:/usr/local/hadoop/share/hadoop/common/lib/paranamer-2.3.jar:/usr/local/hadoop/share/hadoop/common/lib/hadoop-ann                                                                                                otations-2.6.4.jar:/usr/local/hadoop/share/hadoop/common/lib/jersey-core-1.9.jar:/usr/local/hadoop/share/hadoop/co                                                                                                mmon/lib/commons-cli-1.2.jar:/usr/local/hadoop/share/hadoop/common/lib/httpclient-4.2.5.jar:/usr/local/hadoop/shar                                                                                                e/hadoop/common/lib/jsp-api-2.1.jar:/usr/local/hadoop/share/hadoop/common/lib/java-xmlbuilder-0.4.jar:/usr/local/h                                                                                                adoop/share/hadoop/common/lib/log4j-1.2.17.jar:/usr/local/hadoop/share/hadoop/common/lib/api-util-1.0.0-M20.jar:/u                                                                                                sr/local/hadoop/share/hadoop/common/lib/commons-el-1.0.jar:/usr/local/hadoop/share/hadoop/common/lib/hamcrest-core                                                                                                -1.3.jar:/usr/local/hadoop/share/hadoop/common/lib/jaxb-impl-2.2.3-1.jar:/usr/local/hadoop/share/hadoop/common/lib                                                                                                /jsch-0.1.42.jar:/usr/local/hadoop/share/hadoop/common/lib/commons-configuration-1.6.jar:/usr/local/hadoop/share/h                                                                                                adoop/common/lib/junit-4.11.jar:/usr/local/hadoop/share/hadoop/common/lib/jackson-jaxrs-1.9.13.jar:/usr/local/hado                                                                                                op/share/hadoop/common/lib/curator-client-2.6.0.jar:/usr/local/hadoop/share/hadoop/common/lib/httpcore-4.2.5.jar:/                                                                                                usr/local/hadoop/share/hadoop/common/lib/curator-recipes-2.6.0.jar:/usr/local/hadoop/share/hadoop/common/lib/jsr30                                                                                                5-1.3.9.jar:/usr/local/hadoop/share/hadoop/common/lib/curator-framework-2.6.0.jar:/usr/local/hadoop/share/hadoop/c                                                                                                ommon/lib/commons-codec-1.4.jar:/usr/local/hadoop/share/hadoop/common/lib/guava-11.0.2.jar:/usr/local/hadoop/share                                                                                                /hadoop/common/lib/apacheds-kerberos-codec-2.0.0-M15.jar:/usr/local/hadoop/share/hadoop/common/lib/api-asn1-api-1.                                                                                                0.0-M20.jar:/usr/local/hadoop/share/hadoop/common/lib/activation-1.1.jar:/usr/local/hadoop/share/hadoop/common/lib                                                                                                /jersey-json-1.9.jar:/usr/local/hadoop/share/hadoop/common/lib/asm-3.2.jar:/usr/local/hadoop/share/hadoop/common/l                                                                                                ib/jetty-6.1.26.jar:/usr/local/hadoop/share/hadoop/common/lib/commons-digester-1.8.jar:/usr/local/hadoop/share/had                                                                                                oop/common/lib/jackson-mapper-asl-1.9.13.jar:/usr/local/hadoop/share/hadoop/common/lib/jaxb-api-2.2.2.jar:/usr/loc                                                                                                al/hadoop/share/hadoop/common/lib/jets3t-0.9.0.jar:/usr/local/hadoop/share/hadoop/common/lib/mockito-all-1.8.5.jar                                                                                                :/usr/local/hadoop/share/hadoop/common/lib/jackson-xc-1.9.13.jar:/usr/local/hadoop/share/hadoop/common/lib/htrace-                                                                                                core-3.0.4.jar:/usr/local/hadoop/share/hadoop/common/lib/commons-httpclient-3.1.jar:/usr/local/hadoop/share/hadoop                                                                                                /common/lib/hadoop-auth-2.6.4.jar:/usr/local/hadoop/share/hadoop/common/lib/jettison-1.1.jar:/usr/local/hadoop/sha                                                                                                re/hadoop/common/lib/commons-beanutils-1.7.0.jar:/usr/local/hadoop/share/hadoop/common/lib/jetty-util-6.1.26.jar:/                                                                                                usr/local/hadoop/share/hadoop/common/lib/xmlenc-0.52.jar:/usr/local/hadoop/share/hadoop/common/lib/protobuf-java-2                                                                                                .5.0.jar:/usr/local/hadoop/share/hadoop/common/lib/slf4j-log4j12-1.7.5.jar:/usr/local/hadoop/share/hadoop/common/l                                                                                                ib/jackson-core-asl-1.9.13.jar:/usr/local/hadoop/share/hadoop/common/lib/jasper-compiler-5.5.23.jar:/usr/local/had                                                                                                oop/share/hadoop/common/lib/commons-io-2.4.jar:/usr/local/hadoop/share/hadoop/common/lib/commons-collections-3.2.2                                                                                                .jar:/usr/local/hadoop/share/hadoop/common/lib/commons-logging-1.1.3.jar:/usr/local/hadoop/share/hadoop/common/lib                                                                                                /commons-compress-1.4.1.jar:/usr/local/hadoop/share/hadoop/common/lib/jasper-runtime-5.5.23.jar:/usr/local/hadoop/                                                                                                share/hadoop/common/lib/commons-net-3.1.jar:/usr/local/hadoop/share/hadoop/common/lib/commons-lang-2.6.jar:/usr/lo                                                                                                cal/hadoop/share/hadoop/common/lib/avro-1.7.4.jar:/usr/local/hadoop/share/hadoop/common/lib/apacheds-i18n-2.0.0-M1                                                                                                5.jar:/usr/local/hadoop/share/hadoop/common/lib/snappy-java-1.0.4.1.jar:/usr/local/hadoop/share/hadoop/common/lib/                                                                                                zookeeper-3.4.6.jar:/usr/local/hadoop/share/hadoop/common/lib/commons-math3-3.1.1.jar:/usr/local/hadoop/share/hado                                                                                                op/common/lib/servlet-api-2.5.jar:/usr/local/hadoop/share/hadoop/common/lib/stax-api-1.0-2.jar:/usr/local/hadoop/s                                                                                                hare/hadoop/common/lib/jersey-server-1.9.jar:/usr/local/hadoop/share/hadoop/common/lib/slf4j-api-1.7.5.jar:/usr/lo                                                                                                cal/hadoop/share/hadoop/common/lib/commons-beanutils-core-1.8.0.jar:/usr/local/hadoop/share/hadoop/common/hadoop-c                                                                                                ommon-2.6.4.jar:/usr/local/hadoop/share/hadoop/common/hadoop-common-2.6.4-tests.jar:/usr/local/hadoop/share/hadoop                                                                                                /common/hadoop-nfs-2.6.4.jar:/usr/local/hadoop/share/hadoop/hdfs:/usr/local/hadoop/share/hadoop/hdfs/lib/netty-3.6                                                                                                .2.Final.jar:/usr/local/hadoop/share/hadoop/hdfs/lib/jersey-core-1.9.jar:/usr/local/hadoop/share/hadoop/hdfs/lib/c                                                                                                ommons-cli-1.2.jar:/usr/local/hadoop/share/hadoop/hdfs/lib/jsp-api-2.1.jar:/usr/local/hadoop/share/hadoop/hdfs/lib                                                                                                /log4j-1.2.17.jar:/usr/local/hadoop/share/hadoop/hdfs/lib/commons-el-1.0.jar:/usr/local/hadoop/share/hadoop/hdfs/l                                                                                                ib/commons-daemon-1.0.13.jar:/usr/local/hadoop/share/hadoop/hdfs/lib/jsr305-1.3.9.jar:/usr/local/hadoop/share/hado                                                                                                op/hdfs/lib/commons-codec-1.4.jar:/usr/local/hadoop/share/hadoop/hdfs/lib/guava-11.0.2.jar:/usr/local/hadoop/share                                                                                                /hadoop/hdfs/lib/asm-3.2.jar:/usr/local/hadoop/share/hadoop/hdfs/lib/jetty-6.1.26.jar:/usr/local/hadoop/share/hado                                                                                                op/hdfs/lib/jackson-mapper-asl-1.9.13.jar:/usr/local/hadoop/share/hadoop/hdfs/lib/htrace-core-3.0.4.jar:/usr/local                                                                                                /hadoop/share/hadoop/hdfs/lib/jetty-util-6.1.26.jar:/usr/local/hadoop/share/hadoop/hdfs/lib/xmlenc-0.52.jar:/usr/l                                                                                                ocal/hadoop/share/hadoop/hdfs/lib/protobuf-java-2.5.0.jar:/usr/local/hadoop/share/hadoop/hdfs/lib/jackson-core-asl                                                                                                -1.9.13.jar:/usr/local/hadoop/share/hadoop/hdfs/lib/xercesImpl-2.9.1.jar:/usr/local/hadoop/share/hadoop/hdfs/lib/c                                                                                                ommons-io-2.4.jar:/usr/local/hadoop/share/hadoop/hdfs/lib/commons-logging-1.1.3.jar:/usr/local/hadoop/share/hadoop                                                                                                /hdfs/lib/jasper-runtime-5.5.23.jar:/usr/local/hadoop/share/hadoop/hdfs/lib/commons-lang-2.6.jar:/usr/local/hadoop                                                                                                /share/hadoop/hdfs/lib/servlet-api-2.5.jar:/usr/local/hadoop/share/hadoop/hdfs/lib/jersey-server-1.9.jar:/usr/loca                                                                                                l/hadoop/share/hadoop/hdfs/lib/xml-apis-1.3.04.jar:/usr/local/hadoop/share/hadoop/hdfs/hadoop-hdfs-nfs-2.6.4.jar:/                                                                                                usr/local/hadoop/share/hadoop/hdfs/hadoop-hdfs-2.6.4.jar:/usr/local/hadoop/share/hadoop/hdfs/hadoop-hdfs-2.6.4-tes                                                                                                ts.jar:/usr/local/hadoop/share/hadoop/yarn/lib/netty-3.6.2.Final.jar:/usr/local/hadoop/share/hadoop/yarn/lib/xz-1.                                                                                                0.jar:/usr/local/hadoop/share/hadoop/yarn/lib/jersey-client-1.9.jar:/usr/local/hadoop/share/hadoop/yarn/lib/leveld                                                                                                bjni-all-1.8.jar:/usr/local/hadoop/share/hadoop/yarn/lib/jersey-core-1.9.jar:/usr/local/hadoop/share/hadoop/yarn/l                                                                                                ib/javax.inject-1.jar:/usr/local/hadoop/share/hadoop/yarn/lib/aopalliance-1.0.jar:/usr/local/hadoop/share/hadoop/y                                                                                                arn/lib/commons-cli-1.2.jar:/usr/local/hadoop/share/hadoop/yarn/lib/log4j-1.2.17.jar:/usr/local/hadoop/share/hadoo                                                                                                p/yarn/lib/jaxb-impl-2.2.3-1.jar:/usr/local/hadoop/share/hadoop/yarn/lib/jackson-jaxrs-1.9.13.jar:/usr/local/hadoo                                                                                                p/share/hadoop/yarn/lib/guice-servlet-3.0.jar:/usr/local/hadoop/share/hadoop/yarn/lib/jsr305-1.3.9.jar:/usr/local/                                                                                                hadoop/share/hadoop/yarn/lib/jersey-guice-1.9.jar:/usr/local/hadoop/share/hadoop/yarn/lib/commons-codec-1.4.jar:/u                                                                                                sr/local/hadoop/share/hadoop/yarn/lib/guava-11.0.2.jar:/usr/local/hadoop/share/hadoop/yarn/lib/activation-1.1.jar:                                                                                                /usr/local/hadoop/share/hadoop/yarn/lib/jersey-json-1.9.jar:/usr/local/hadoop/share/hadoop/yarn/lib/asm-3.2.jar:/u                                                                                                sr/local/hadoop/share/hadoop/yarn/lib/jetty-6.1.26.jar:/usr/local/hadoop/share/hadoop/yarn/lib/jackson-mapper-asl-                                                                                                1.9.13.jar:/usr/local/hadoop/share/hadoop/yarn/lib/jaxb-api-2.2.2.jar:/usr/local/hadoop/share/hadoop/yarn/lib/jack                                                                                                son-xc-1.9.13.jar:/usr/local/hadoop/share/hadoop/yarn/lib/commons-httpclient-3.1.jar:/usr/local/hadoop/share/hadoo                                                                                                p/yarn/lib/jettison-1.1.jar:/usr/local/hadoop/share/hadoop/yarn/lib/jetty-util-6.1.26.jar:/usr/local/hadoop/share/                                                                                                hadoop/yarn/lib/jline-0.9.94.jar:/usr/local/hadoop/share/hadoop/yarn/lib/protobuf-java-2.5.0.jar:/usr/local/hadoop                                                                                                /share/hadoop/yarn/lib/jackson-core-asl-1.9.13.jar:/usr/local/hadoop/share/hadoop/yarn/lib/commons-io-2.4.jar:/usr                                                                                                /local/hadoop/share/hadoop/yarn/lib/commons-collections-3.2.2.jar:/usr/local/hadoop/share/hadoop/yarn/lib/commons-                                                                                                logging-1.1.3.jar:/usr/local/hadoop/share/hadoop/yarn/lib/commons-compress-1.4.1.jar:/usr/local/hadoop/share/hadoo                                                                                                p/yarn/lib/commons-lang-2.6.jar:/usr/local/hadoop/share/hadoop/yarn/lib/guice-3.0.jar:/usr/local/hadoop/share/hado                                                                                                op/yarn/lib/zookeeper-3.4.6.jar:/usr/local/hadoop/share/hadoop/yarn/lib/servlet-api-2.5.jar:/usr/local/hadoop/shar                                                                                                e/hadoop/yarn/lib/stax-api-1.0-2.jar:/usr/local/hadoop/share/hadoop/yarn/lib/jersey-server-1.9.jar:/usr/local/hado                                                                                                op/share/hadoop/yarn/hadoop-yarn-common-2.6.4.jar:/usr/local/hadoop/share/hadoop/yarn/hadoop-yarn-server-applicati                                                                                                onhistoryservice-2.6.4.jar:/usr/local/hadoop/share/hadoop/yarn/hadoop-yarn-server-resourcemanager-2.6.4.jar:/usr/l                                                                                                ocal/hadoop/share/hadoop/yarn/hadoop-yarn-server-tests-2.6.4.jar:/usr/local/hadoop/share/hadoop/yarn/hadoop-yarn-s                                                                                                erver-common-2.6.4.jar:/usr/local/hadoop/share/hadoop/yarn/hadoop-yarn-applications-unmanaged-am-launcher-2.6.4.ja                                                                                                r:/usr/local/hadoop/share/hadoop/yarn/hadoop-yarn-applications-distributedshell-2.6.4.jar:/usr/local/hadoop/share/                                                                                                hadoop/yarn/hadoop-yarn-api-2.6.4.jar:/usr/local/hadoop/share/hadoop/yarn/hadoop-yarn-client-2.6.4.jar:/usr/local/                                                                                                hadoop/share/hadoop/yarn/hadoop-yarn-server-web-proxy-2.6.4.jar:/usr/local/hadoop/share/hadoop/yarn/hadoop-yarn-se                                                                                                rver-nodemanager-2.6.4.jar:/usr/local/hadoop/share/hadoop/yarn/hadoop-yarn-registry-2.6.4.jar:/usr/local/hadoop/sh                                                                                                are/hadoop/mapreduce/lib/netty-3.6.2.Final.jar:/usr/local/hadoop/share/hadoop/mapreduce/lib/xz-1.0.jar:/usr/local/                                                                                                hadoop/share/hadoop/mapreduce/lib/paranamer-2.3.jar:/usr/local/hadoop/share/hadoop/mapreduce/lib/hadoop-annotation                                                                                                s-2.6.4.jar:/usr/local/hadoop/share/hadoop/mapreduce/lib/leveldbjni-all-1.8.jar:/usr/local/hadoop/share/hadoop/map                                                                                                reduce/lib/jersey-core-1.9.jar:/usr/local/hadoop/share/hadoop/mapreduce/lib/javax.inject-1.jar:/usr/local/hadoop/s                                                                                                hare/hadoop/mapreduce/lib/aopalliance-1.0.jar:/usr/local/hadoop/share/hadoop/mapreduce/lib/log4j-1.2.17.jar:/usr/l                                                                                                ocal/hadoop/share/hadoop/mapreduce/lib/hamcrest-core-1.3.jar:/usr/local/hadoop/share/hadoop/mapreduce/lib/junit-4.                                                                                                11.jar:/usr/local/hadoop/share/hadoop/mapreduce/lib/guice-servlet-3.0.jar:/usr/local/hadoop/share/hadoop/mapreduce                                                                                                /lib/jersey-guice-1.9.jar:/usr/local/hadoop/share/hadoop/mapreduce/lib/asm-3.2.jar:/usr/local/hadoop/share/hadoop/                                                                                                mapreduce/lib/jackson-mapper-asl-1.9.13.jar:/usr/local/hadoop/share/hadoop/mapreduce/lib/protobuf-java-2.5.0.jar:/                                                                                                usr/local/hadoop/share/hadoop/mapreduce/lib/jackson-core-asl-1.9.13.jar:/usr/local/hadoop/share/hadoop/mapreduce/l                                                                                                ib/commons-io-2.4.jar:/usr/local/hadoop/share/hadoop/mapreduce/lib/commons-compress-1.4.1.jar:/usr/local/hadoop/sh                                                                                                are/hadoop/mapreduce/lib/avro-1.7.4.jar:/usr/local/hadoop/share/hadoop/mapreduce/lib/guice-3.0.jar:/usr/local/hado                                                                                                op/share/hadoop/mapreduce/lib/snappy-java-1.0.4.1.jar:/usr/local/hadoop/share/hadoop/mapreduce/lib/jersey-server-1                                                                                                .9.jar:/usr/local/hadoop/share/hadoop/mapreduce/hadoop-mapreduce-client-common-2.6.4.jar:/usr/local/hadoop/share/h                                                                                                adoop/mapreduce/hadoop-mapreduce-client-shuffle-2.6.4.jar:/usr/local/hadoop/share/hadoop/mapreduce/hadoop-mapreduc                                                                                                e-client-jobclient-2.6.4.jar:/usr/local/hadoop/share/hadoop/mapreduce/hadoop-mapreduce-client-hs-2.6.4.jar:/usr/lo                                                                                                cal/hadoop/share/hadoop/mapreduce/hadoop-mapreduce-client-hs-plugins-2.6.4.jar:/usr/local/hadoop/share/hadoop/mapr                                                                                                educe/hadoop-mapreduce-examples-2.6.4.jar:/usr/local/hadoop/share/hadoop/mapreduce/hadoop-mapreduce-client-app-2.6                                                                                                .4.jar:/usr/local/hadoop/share/hadoop/mapreduce/hadoop-mapreduce-client-jobclient-2.6.4-tests.jar:/usr/local/hadoo                                                                                                p/share/hadoop/mapreduce/hadoop-mapreduce-client-core-2.6.4.jar:/usr/local/hadoop/contrib/capacity-scheduler/*.jar                                                                                                :/usr/local/hadoop/contrib/capacity-scheduler/*.jar
STARTUP_MSG:   build = https://git-wip-us.apache.org/repos/asf/hadoop.git -r 5082c73637530b0b7e115f9625ed7fac69f93                                                                                                7e6; compiled by 'jenkins' on 2016-02-12T09:45Z
STARTUP_MSG:   java = 1.7.0_151
************************************************************/
18/04/02 13:11:01 INFO namenode.NameNode: registered UNIX signal handlers for [TERM, HUP, INT]
18/04/02 13:11:01 INFO namenode.NameNode: createNameNode [-format]
18/04/02 13:11:06 WARN common.Util: Path /app/hadoop/tmp/namenode should be specified as a URI in configuration fi                                                                                                les. Please update hdfs configuration.
18/04/02 13:11:06 WARN common.Util: Path /app/hadoop/tmp/namenode should be specified as a URI in configuration fi                                                                                                les. Please update hdfs configuration.
Formatting using clusterid: CID-5ceb8fdb-9152-4f87-b3b9-52600a884aa9
18/04/02 13:11:07 INFO namenode.FSNamesystem: No KeyProvider found.
18/04/02 13:11:07 INFO namenode.FSNamesystem: fsLock is fair:true
18/04/02 13:11:07 INFO blockmanagement.DatanodeManager: dfs.block.invalidate.limit=1000
18/04/02 13:11:07 INFO blockmanagement.DatanodeManager: dfs.namenode.datanode.registration.ip-hostname-check=true
18/04/02 13:11:07 INFO blockmanagement.BlockManager: dfs.namenode.startup.delay.block.deletion.sec is set to 000:0                                                                                                0:00:00.000
18/04/02 13:11:07 INFO blockmanagement.BlockManager: The block deletion will start around 2018 Apr 02 13:11:07
18/04/02 13:11:07 INFO util.GSet: Computing capacity for map BlocksMap
18/04/02 13:11:07 INFO util.GSet: VM type       = 64-bit
18/04/02 13:11:07 INFO util.GSet: 2.0% max memory 966.7 MB = 19.3 MB
18/04/02 13:11:07 INFO util.GSet: capacity      = 2^21 = 2097152 entries
18/04/02 13:11:08 INFO blockmanagement.BlockManager: dfs.block.access.token.enable=false
18/04/02 13:11:08 INFO blockmanagement.BlockManager: defaultReplication         = 1
18/04/02 13:11:08 INFO blockmanagement.BlockManager: maxReplication             = 512
18/04/02 13:11:08 INFO blockmanagement.BlockManager: minReplication             = 1
18/04/02 13:11:08 INFO blockmanagement.BlockManager: maxReplicationStreams      = 2
18/04/02 13:11:08 INFO blockmanagement.BlockManager: replicationRecheckInterval = 3000
18/04/02 13:11:08 INFO blockmanagement.BlockManager: encryptDataTransfer        = false
18/04/02 13:11:08 INFO blockmanagement.BlockManager: maxNumBlocksToLog          = 1000
18/04/02 13:11:08 INFO namenode.FSNamesystem: fsOwner             = hduser (auth:SIMPLE)
18/04/02 13:11:08 INFO namenode.FSNamesystem: supergroup          = supergroup
18/04/02 13:11:08 INFO namenode.FSNamesystem: isPermissionEnabled = true
18/04/02 13:11:08 INFO namenode.FSNamesystem: HA Enabled: false
18/04/02 13:11:08 INFO namenode.FSNamesystem: Append Enabled: true
18/04/02 13:11:08 INFO util.GSet: Computing capacity for map INodeMap
18/04/02 13:11:08 INFO util.GSet: VM type       = 64-bit
18/04/02 13:11:08 INFO util.GSet: 1.0% max memory 966.7 MB = 9.7 MB
18/04/02 13:11:08 INFO util.GSet: capacity      = 2^20 = 1048576 entries
18/04/02 13:11:08 INFO namenode.NameNode: Caching file names occuring more than 10 times
18/04/02 13:11:08 INFO util.GSet: Computing capacity for map cachedBlocks
18/04/02 13:11:08 INFO util.GSet: VM type       = 64-bit
18/04/02 13:11:08 INFO util.GSet: 0.25% max memory 966.7 MB = 2.4 MB
18/04/02 13:11:08 INFO util.GSet: capacity      = 2^18 = 262144 entries
18/04/02 13:11:08 INFO namenode.FSNamesystem: dfs.namenode.safemode.threshold-pct = 0.9990000128746033
18/04/02 13:11:08 INFO namenode.FSNamesystem: dfs.namenode.safemode.min.datanodes = 0
18/04/02 13:11:08 INFO namenode.FSNamesystem: dfs.namenode.safemode.extension     = 30000
18/04/02 13:11:08 INFO namenode.FSNamesystem: Retry cache on namenode is enabled
18/04/02 13:11:08 INFO namenode.FSNamesystem: Retry cache will use 0.03 of total heap and retry cache entry expiry                                                                                                 time is 600000 millis
18/04/02 13:11:08 INFO util.GSet: Computing capacity for map NameNodeRetryCache
18/04/02 13:11:08 INFO util.GSet: VM type       = 64-bit
18/04/02 13:11:08 INFO util.GSet: 0.029999999329447746% max memory 966.7 MB = 297.0 KB
18/04/02 13:11:08 INFO util.GSet: capacity      = 2^15 = 32768 entries
18/04/02 13:11:08 INFO namenode.NNConf: ACLs enabled? false
18/04/02 13:11:08 INFO namenode.NNConf: XAttrs enabled? true
18/04/02 13:11:08 INFO namenode.NNConf: Maximum size of an xattr: 16384
18/04/02 13:11:08 INFO namenode.FSImage: Allocated new BlockPoolId: BP-983213443-10.0.2.15-1522674668772
18/04/02 13:11:08 WARN namenode.NameNode: Encountered exception during format:
java.io.IOException: Cannot create directory /app/hadoop/tmp/namenode/current
        at org.apache.hadoop.hdfs.server.common.Storage$StorageDirectory.clearDirectory(Storage.java:337)
        at org.apache.hadoop.hdfs.server.namenode.NNStorage.format(NNStorage.java:548)
        at org.apache.hadoop.hdfs.server.namenode.NNStorage.format(NNStorage.java:569)
        at org.apache.hadoop.hdfs.server.namenode.FSImage.format(FSImage.java:148)
        at org.apache.hadoop.hdfs.server.namenode.NameNode.format(NameNode.java:944)
        at org.apache.hadoop.hdfs.server.namenode.NameNode.createNameNode(NameNode.java:1382)
        at org.apache.hadoop.hdfs.server.namenode.NameNode.main(NameNode.java:1507)
18/04/02 13:11:09 FATAL namenode.NameNode: Failed to start namenode.
java.io.IOException: Cannot create directory /app/hadoop/tmp/namenode/current
        at org.apache.hadoop.hdfs.server.common.Storage$StorageDirectory.clearDirectory(Storage.java:337)
        at org.apache.hadoop.hdfs.server.namenode.NNStorage.format(NNStorage.java:548)
        at org.apache.hadoop.hdfs.server.namenode.NNStorage.format(NNStorage.java:569)
        at org.apache.hadoop.hdfs.server.namenode.FSImage.format(FSImage.java:148)
        at org.apache.hadoop.hdfs.server.namenode.NameNode.format(NameNode.java:944)
        at org.apache.hadoop.hdfs.server.namenode.NameNode.createNameNode(NameNode.java:1382)
        at org.apache.hadoop.hdfs.server.namenode.NameNode.main(NameNode.java:1507)
18/04/02 13:11:09 INFO util.ExitUtil: Exiting with status 1
18/04/02 13:11:09 INFO namenode.NameNode: SHUTDOWN_MSG:
/************************************************************
SHUTDOWN_MSG: Shutting down NameNode at vagrant-ubuntu-trusty-64/10.0.2.15
************************************************************/
hduser@vagrant-ubuntu-trusty-64:/usr/local/hadoop/sbin$ sudo su
root@vagrant-ubuntu-trusty-64:/usr/local/hadoop/sbin# /usr/local/hadoop/bin/hdfs namenode -format
18/04/02 13:12:05 INFO namenode.NameNode: STARTUP_MSG:
/************************************************************
STARTUP_MSG: Starting NameNode
STARTUP_MSG:   host = vagrant-ubuntu-trusty-64/10.0.2.15
STARTUP_MSG:   args = [-format]
STARTUP_MSG:   version = 2.6.4
STARTUP_MSG:   classpath = /usr/local/hadoop/etc/hadoop:/usr/local/hadoop/share/hadoop/common/lib/gson-2.2.4.jar:/                                                                                                usr/local/hadoop/share/hadoop/common/lib/netty-3.6.2.Final.jar:/usr/local/hadoop/share/hadoop/common/lib/xz-1.0.ja                                                                                                r:/usr/local/hadoop/share/hadoop/common/lib/paranamer-2.3.jar:/usr/local/hadoop/share/hadoop/common/lib/hadoop-ann                                                                                                otations-2.6.4.jar:/usr/local/hadoop/share/hadoop/common/lib/jersey-core-1.9.jar:/usr/local/hadoop/share/hadoop/co                                                                                                mmon/lib/commons-cli-1.2.jar:/usr/local/hadoop/share/hadoop/common/lib/httpclient-4.2.5.jar:/usr/local/hadoop/shar                                                                                                e/hadoop/common/lib/jsp-api-2.1.jar:/usr/local/hadoop/share/hadoop/common/lib/java-xmlbuilder-0.4.jar:/usr/local/h                                                                                                adoop/share/hadoop/common/lib/log4j-1.2.17.jar:/usr/local/hadoop/share/hadoop/common/lib/api-util-1.0.0-M20.jar:/u                                                                                                sr/local/hadoop/share/hadoop/common/lib/commons-el-1.0.jar:/usr/local/hadoop/share/hadoop/common/lib/hamcrest-core                                                                                                -1.3.jar:/usr/local/hadoop/share/hadoop/common/lib/jaxb-impl-2.2.3-1.jar:/usr/local/hadoop/share/hadoop/common/lib                                                                                                /jsch-0.1.42.jar:/usr/local/hadoop/share/hadoop/common/lib/commons-configuration-1.6.jar:/usr/local/hadoop/share/h                                                                                                adoop/common/lib/junit-4.11.jar:/usr/local/hadoop/share/hadoop/common/lib/jackson-jaxrs-1.9.13.jar:/usr/local/hado                                                                                                op/share/hadoop/common/lib/curator-client-2.6.0.jar:/usr/local/hadoop/share/hadoop/common/lib/httpcore-4.2.5.jar:/                                                                                                usr/local/hadoop/share/hadoop/common/lib/curator-recipes-2.6.0.jar:/usr/local/hadoop/share/hadoop/common/lib/jsr30                                                                                                5-1.3.9.jar:/usr/local/hadoop/share/hadoop/common/lib/curator-framework-2.6.0.jar:/usr/local/hadoop/share/hadoop/c                                                                                                ommon/lib/commons-codec-1.4.jar:/usr/local/hadoop/share/hadoop/common/lib/guava-11.0.2.jar:/usr/local/hadoop/share                                                                                                /hadoop/common/lib/apacheds-kerberos-codec-2.0.0-M15.jar:/usr/local/hadoop/share/hadoop/common/lib/api-asn1-api-1.                                                                                                0.0-M20.jar:/usr/local/hadoop/share/hadoop/common/lib/activation-1.1.jar:/usr/local/hadoop/share/hadoop/common/lib                                                                                                /jersey-json-1.9.jar:/usr/local/hadoop/share/hadoop/common/lib/asm-3.2.jar:/usr/local/hadoop/share/hadoop/common/l                                                                                                ib/jetty-6.1.26.jar:/usr/local/hadoop/share/hadoop/common/lib/commons-digester-1.8.jar:/usr/local/hadoop/share/had                                                                                                oop/common/lib/jackson-mapper-asl-1.9.13.jar:/usr/local/hadoop/share/hadoop/common/lib/jaxb-api-2.2.2.jar:/usr/loc                                                                                                al/hadoop/share/hadoop/common/lib/jets3t-0.9.0.jar:/usr/local/hadoop/share/hadoop/common/lib/mockito-all-1.8.5.jar                                                                                                :/usr/local/hadoop/share/hadoop/common/lib/jackson-xc-1.9.13.jar:/usr/local/hadoop/share/hadoop/common/lib/htrace-                                                                                                core-3.0.4.jar:/usr/local/hadoop/share/hadoop/common/lib/commons-httpclient-3.1.jar:/usr/local/hadoop/share/hadoop                                                                                                /common/lib/hadoop-auth-2.6.4.jar:/usr/local/hadoop/share/hadoop/common/lib/jettison-1.1.jar:/usr/local/hadoop/sha                                                                                                re/hadoop/common/lib/commons-beanutils-1.7.0.jar:/usr/local/hadoop/share/hadoop/common/lib/jetty-util-6.1.26.jar:/                                                                                                usr/local/hadoop/share/hadoop/common/lib/xmlenc-0.52.jar:/usr/local/hadoop/share/hadoop/common/lib/protobuf-java-2                                                                                                .5.0.jar:/usr/local/hadoop/share/hadoop/common/lib/slf4j-log4j12-1.7.5.jar:/usr/local/hadoop/share/hadoop/common/l                                                                                                ib/jackson-core-asl-1.9.13.jar:/usr/local/hadoop/share/hadoop/common/lib/jasper-compiler-5.5.23.jar:/usr/local/had                                                                                                oop/share/hadoop/common/lib/commons-io-2.4.jar:/usr/local/hadoop/share/hadoop/common/lib/commons-collections-3.2.2                                                                                                .jar:/usr/local/hadoop/share/hadoop/common/lib/commons-logging-1.1.3.jar:/usr/local/hadoop/share/hadoop/common/lib                                                                                                /commons-compress-1.4.1.jar:/usr/local/hadoop/share/hadoop/common/lib/jasper-runtime-5.5.23.jar:/usr/local/hadoop/                                                                                                share/hadoop/common/lib/commons-net-3.1.jar:/usr/local/hadoop/share/hadoop/common/lib/commons-lang-2.6.jar:/usr/lo                                                                                                cal/hadoop/share/hadoop/common/lib/avro-1.7.4.jar:/usr/local/hadoop/share/hadoop/common/lib/apacheds-i18n-2.0.0-M1                                                                                                5.jar:/usr/local/hadoop/share/hadoop/common/lib/snappy-java-1.0.4.1.jar:/usr/local/hadoop/share/hadoop/common/lib/                                                                                                zookeeper-3.4.6.jar:/usr/local/hadoop/share/hadoop/common/lib/commons-math3-3.1.1.jar:/usr/local/hadoop/share/hado                                                                                                op/common/lib/servlet-api-2.5.jar:/usr/local/hadoop/share/hadoop/common/lib/stax-api-1.0-2.jar:/usr/local/hadoop/s                                                                                                hare/hadoop/common/lib/jersey-server-1.9.jar:/usr/local/hadoop/share/hadoop/common/lib/slf4j-api-1.7.5.jar:/usr/lo                                                                                                cal/hadoop/share/hadoop/common/lib/commons-beanutils-core-1.8.0.jar:/usr/local/hadoop/share/hadoop/common/hadoop-c                                                                                                ommon-2.6.4.jar:/usr/local/hadoop/share/hadoop/common/hadoop-common-2.6.4-tests.jar:/usr/local/hadoop/share/hadoop                                                                                                /common/hadoop-nfs-2.6.4.jar:/usr/local/hadoop/share/hadoop/hdfs:/usr/local/hadoop/share/hadoop/hdfs/lib/netty-3.6                                                                                                .2.Final.jar:/usr/local/hadoop/share/hadoop/hdfs/lib/jersey-core-1.9.jar:/usr/local/hadoop/share/hadoop/hdfs/lib/c                                                                                                ommons-cli-1.2.jar:/usr/local/hadoop/share/hadoop/hdfs/lib/jsp-api-2.1.jar:/usr/local/hadoop/share/hadoop/hdfs/lib                                                                                                /log4j-1.2.17.jar:/usr/local/hadoop/share/hadoop/hdfs/lib/commons-el-1.0.jar:/usr/local/hadoop/share/hadoop/hdfs/l                                                                                                ib/commons-daemon-1.0.13.jar:/usr/local/hadoop/share/hadoop/hdfs/lib/jsr305-1.3.9.jar:/usr/local/hadoop/share/hado                                                                                                op/hdfs/lib/commons-codec-1.4.jar:/usr/local/hadoop/share/hadoop/hdfs/lib/guava-11.0.2.jar:/usr/local/hadoop/share                                                                                                /hadoop/hdfs/lib/asm-3.2.jar:/usr/local/hadoop/share/hadoop/hdfs/lib/jetty-6.1.26.jar:/usr/local/hadoop/share/hado                                                                                                op/hdfs/lib/jackson-mapper-asl-1.9.13.jar:/usr/local/hadoop/share/hadoop/hdfs/lib/htrace-core-3.0.4.jar:/usr/local                                                                                                /hadoop/share/hadoop/hdfs/lib/jetty-util-6.1.26.jar:/usr/local/hadoop/share/hadoop/hdfs/lib/xmlenc-0.52.jar:/usr/l                                                                                                ocal/hadoop/share/hadoop/hdfs/lib/protobuf-java-2.5.0.jar:/usr/local/hadoop/share/hadoop/hdfs/lib/jackson-core-asl                                                                                                -1.9.13.jar:/usr/local/hadoop/share/hadoop/hdfs/lib/xercesImpl-2.9.1.jar:/usr/local/hadoop/share/hadoop/hdfs/lib/c                                                                                                ommons-io-2.4.jar:/usr/local/hadoop/share/hadoop/hdfs/lib/commons-logging-1.1.3.jar:/usr/local/hadoop/share/hadoop                                                                                                /hdfs/lib/jasper-runtime-5.5.23.jar:/usr/local/hadoop/share/hadoop/hdfs/lib/commons-lang-2.6.jar:/usr/local/hadoop                                                                                                /share/hadoop/hdfs/lib/servlet-api-2.5.jar:/usr/local/hadoop/share/hadoop/hdfs/lib/jersey-server-1.9.jar:/usr/loca                                                                                                l/hadoop/share/hadoop/hdfs/lib/xml-apis-1.3.04.jar:/usr/local/hadoop/share/hadoop/hdfs/hadoop-hdfs-nfs-2.6.4.jar:/                                                                                                usr/local/hadoop/share/hadoop/hdfs/hadoop-hdfs-2.6.4.jar:/usr/local/hadoop/share/hadoop/hdfs/hadoop-hdfs-2.6.4-tes                                                                                                ts.jar:/usr/local/hadoop/share/hadoop/yarn/lib/netty-3.6.2.Final.jar:/usr/local/hadoop/share/hadoop/yarn/lib/xz-1.                                                                                                0.jar:/usr/local/hadoop/share/hadoop/yarn/lib/jersey-client-1.9.jar:/usr/local/hadoop/share/hadoop/yarn/lib/leveld                                                                                                bjni-all-1.8.jar:/usr/local/hadoop/share/hadoop/yarn/lib/jersey-core-1.9.jar:/usr/local/hadoop/share/hadoop/yarn/l                                                                                                ib/javax.inject-1.jar:/usr/local/hadoop/share/hadoop/yarn/lib/aopalliance-1.0.jar:/usr/local/hadoop/share/hadoop/y                                                                                                arn/lib/commons-cli-1.2.jar:/usr/local/hadoop/share/hadoop/yarn/lib/log4j-1.2.17.jar:/usr/local/hadoop/share/hadoo                                                                                                p/yarn/lib/jaxb-impl-2.2.3-1.jar:/usr/local/hadoop/share/hadoop/yarn/lib/jackson-jaxrs-1.9.13.jar:/usr/local/hadoo                                                                                                p/share/hadoop/yarn/lib/guice-servlet-3.0.jar:/usr/local/hadoop/share/hadoop/yarn/lib/jsr305-1.3.9.jar:/usr/local/                                                                                                hadoop/share/hadoop/yarn/lib/jersey-guice-1.9.jar:/usr/local/hadoop/share/hadoop/yarn/lib/commons-codec-1.4.jar:/u                                                                                                sr/local/hadoop/share/hadoop/yarn/lib/guava-11.0.2.jar:/usr/local/hadoop/share/hadoop/yarn/lib/activation-1.1.jar:                                                                                                /usr/local/hadoop/share/hadoop/yarn/lib/jersey-json-1.9.jar:/usr/local/hadoop/share/hadoop/yarn/lib/asm-3.2.jar:/u                                                                                                sr/local/hadoop/share/hadoop/yarn/lib/jetty-6.1.26.jar:/usr/local/hadoop/share/hadoop/yarn/lib/jackson-mapper-asl-                                                                                                1.9.13.jar:/usr/local/hadoop/share/hadoop/yarn/lib/jaxb-api-2.2.2.jar:/usr/local/hadoop/share/hadoop/yarn/lib/jack                                                                                                son-xc-1.9.13.jar:/usr/local/hadoop/share/hadoop/yarn/lib/commons-httpclient-3.1.jar:/usr/local/hadoop/share/hadoo                                                                                                p/yarn/lib/jettison-1.1.jar:/usr/local/hadoop/share/hadoop/yarn/lib/jetty-util-6.1.26.jar:/usr/local/hadoop/share/                                                                                                hadoop/yarn/lib/jline-0.9.94.jar:/usr/local/hadoop/share/hadoop/yarn/lib/protobuf-java-2.5.0.jar:/usr/local/hadoop                                                                                                /share/hadoop/yarn/lib/jackson-core-asl-1.9.13.jar:/usr/local/hadoop/share/hadoop/yarn/lib/commons-io-2.4.jar:/usr                                                                                                /local/hadoop/share/hadoop/yarn/lib/commons-collections-3.2.2.jar:/usr/local/hadoop/share/hadoop/yarn/lib/commons-                                                                                                logging-1.1.3.jar:/usr/local/hadoop/share/hadoop/yarn/lib/commons-compress-1.4.1.jar:/usr/local/hadoop/share/hadoo                                                                                                p/yarn/lib/commons-lang-2.6.jar:/usr/local/hadoop/share/hadoop/yarn/lib/guice-3.0.jar:/usr/local/hadoop/share/hado                                                                                                op/yarn/lib/zookeeper-3.4.6.jar:/usr/local/hadoop/share/hadoop/yarn/lib/servlet-api-2.5.jar:/usr/local/hadoop/shar                                                                                                e/hadoop/yarn/lib/stax-api-1.0-2.jar:/usr/local/hadoop/share/hadoop/yarn/lib/jersey-server-1.9.jar:/usr/local/hado                                                                                                op/share/hadoop/yarn/hadoop-yarn-common-2.6.4.jar:/usr/local/hadoop/share/hadoop/yarn/hadoop-yarn-server-applicati                                                                                                onhistoryservice-2.6.4.jar:/usr/local/hadoop/share/hadoop/yarn/hadoop-yarn-server-resourcemanager-2.6.4.jar:/usr/l                                                                                                ocal/hadoop/share/hadoop/yarn/hadoop-yarn-server-tests-2.6.4.jar:/usr/local/hadoop/share/hadoop/yarn/hadoop-yarn-s                                                                                                erver-common-2.6.4.jar:/usr/local/hadoop/share/hadoop/yarn/hadoop-yarn-applications-unmanaged-am-launcher-2.6.4.ja                                                                                                r:/usr/local/hadoop/share/hadoop/yarn/hadoop-yarn-applications-distributedshell-2.6.4.jar:/usr/local/hadoop/share/                                                                                                hadoop/yarn/hadoop-yarn-api-2.6.4.jar:/usr/local/hadoop/share/hadoop/yarn/hadoop-yarn-client-2.6.4.jar:/usr/local/                                                                                                hadoop/share/hadoop/yarn/hadoop-yarn-server-web-proxy-2.6.4.jar:/usr/local/hadoop/share/hadoop/yarn/hadoop-yarn-se                                                                                                rver-nodemanager-2.6.4.jar:/usr/local/hadoop/share/hadoop/yarn/hadoop-yarn-registry-2.6.4.jar:/usr/local/hadoop/sh                                                                                                are/hadoop/mapreduce/lib/netty-3.6.2.Final.jar:/usr/local/hadoop/share/hadoop/mapreduce/lib/xz-1.0.jar:/usr/local/                                                                                                hadoop/share/hadoop/mapreduce/lib/paranamer-2.3.jar:/usr/local/hadoop/share/hadoop/mapreduce/lib/hadoop-annotation                                                                                                s-2.6.4.jar:/usr/local/hadoop/share/hadoop/mapreduce/lib/leveldbjni-all-1.8.jar:/usr/local/hadoop/share/hadoop/map                                                                                                reduce/lib/jersey-core-1.9.jar:/usr/local/hadoop/share/hadoop/mapreduce/lib/javax.inject-1.jar:/usr/local/hadoop/s                                                                                                hare/hadoop/mapreduce/lib/aopalliance-1.0.jar:/usr/local/hadoop/share/hadoop/mapreduce/lib/log4j-1.2.17.jar:/usr/l                                                                                                ocal/hadoop/share/hadoop/mapreduce/lib/hamcrest-core-1.3.jar:/usr/local/hadoop/share/hadoop/mapreduce/lib/junit-4.                                                                                                11.jar:/usr/local/hadoop/share/hadoop/mapreduce/lib/guice-servlet-3.0.jar:/usr/local/hadoop/share/hadoop/mapreduce                                                                                                /lib/jersey-guice-1.9.jar:/usr/local/hadoop/share/hadoop/mapreduce/lib/asm-3.2.jar:/usr/local/hadoop/share/hadoop/                                                                                                mapreduce/lib/jackson-mapper-asl-1.9.13.jar:/usr/local/hadoop/share/hadoop/mapreduce/lib/protobuf-java-2.5.0.jar:/                                                                                                usr/local/hadoop/share/hadoop/mapreduce/lib/jackson-core-asl-1.9.13.jar:/usr/local/hadoop/share/hadoop/mapreduce/l                                                                                                ib/commons-io-2.4.jar:/usr/local/hadoop/share/hadoop/mapreduce/lib/commons-compress-1.4.1.jar:/usr/local/hadoop/sh                                                                                                are/hadoop/mapreduce/lib/avro-1.7.4.jar:/usr/local/hadoop/share/hadoop/mapreduce/lib/guice-3.0.jar:/usr/local/hado                                                                                                op/share/hadoop/mapreduce/lib/snappy-java-1.0.4.1.jar:/usr/local/hadoop/share/hadoop/mapreduce/lib/jersey-server-1                                                                                                .9.jar:/usr/local/hadoop/share/hadoop/mapreduce/hadoop-mapreduce-client-common-2.6.4.jar:/usr/local/hadoop/share/h                                                                                                adoop/mapreduce/hadoop-mapreduce-client-shuffle-2.6.4.jar:/usr/local/hadoop/share/hadoop/mapreduce/hadoop-mapreduc                                                                                                e-client-jobclient-2.6.4.jar:/usr/local/hadoop/share/hadoop/mapreduce/hadoop-mapreduce-client-hs-2.6.4.jar:/usr/lo                                                                                                cal/hadoop/share/hadoop/mapreduce/hadoop-mapreduce-client-hs-plugins-2.6.4.jar:/usr/local/hadoop/share/hadoop/mapr                                                                                                educe/hadoop-mapreduce-examples-2.6.4.jar:/usr/local/hadoop/share/hadoop/mapreduce/hadoop-mapreduce-client-app-2.6                                                                                                .4.jar:/usr/local/hadoop/share/hadoop/mapreduce/hadoop-mapreduce-client-jobclient-2.6.4-tests.jar:/usr/local/hadoo                                                                                                p/share/hadoop/mapreduce/hadoop-mapreduce-client-core-2.6.4.jar:/contrib/capacity-scheduler/*.jar
STARTUP_MSG:   build = https://git-wip-us.apache.org/repos/asf/hadoop.git -r 5082c73637530b0b7e115f9625ed7fac69f93                                                                                                7e6; compiled by 'jenkins' on 2016-02-12T09:45Z
STARTUP_MSG:   java = 1.7.0_151
************************************************************/
18/04/02 13:12:05 INFO namenode.NameNode: registered UNIX signal handlers for [TERM, HUP, INT]
18/04/02 13:12:05 INFO namenode.NameNode: createNameNode [-format]
18/04/02 13:12:09 WARN common.Util: Path /app/hadoop/tmp/namenode should be specified as a URI in configuration fi                                                                                                les. Please update hdfs configuration.
18/04/02 13:12:09 WARN common.Util: Path /app/hadoop/tmp/namenode should be specified as a URI in configuration fi                                                                                                les. Please update hdfs configuration.
Formatting using clusterid: CID-c499544d-06a6-4052-b0b6-3845b1fb8a97
18/04/02 13:12:09 INFO namenode.FSNamesystem: No KeyProvider found.
18/04/02 13:12:10 INFO namenode.FSNamesystem: fsLock is fair:true
18/04/02 13:12:10 INFO blockmanagement.DatanodeManager: dfs.block.invalidate.limit=1000
18/04/02 13:12:10 INFO blockmanagement.DatanodeManager: dfs.namenode.datanode.registration.ip-hostname-check=true
18/04/02 13:12:10 INFO blockmanagement.BlockManager: dfs.namenode.startup.delay.block.deletion.sec is set to 000:0                                                                                                0:00:00.000
18/04/02 13:12:10 INFO blockmanagement.BlockManager: The block deletion will start around 2018 Apr 02 13:12:10
18/04/02 13:12:10 INFO util.GSet: Computing capacity for map BlocksMap
18/04/02 13:12:10 INFO util.GSet: VM type       = 64-bit
18/04/02 13:12:10 INFO util.GSet: 2.0% max memory 966.7 MB = 19.3 MB
18/04/02 13:12:10 INFO util.GSet: capacity      = 2^21 = 2097152 entries
18/04/02 13:12:10 INFO blockmanagement.BlockManager: dfs.block.access.token.enable=false
18/04/02 13:12:10 INFO blockmanagement.BlockManager: defaultReplication         = 1
18/04/02 13:12:10 INFO blockmanagement.BlockManager: maxReplication             = 512
18/04/02 13:12:10 INFO blockmanagement.BlockManager: minReplication             = 1
18/04/02 13:12:10 INFO blockmanagement.BlockManager: maxReplicationStreams      = 2
18/04/02 13:12:10 INFO blockmanagement.BlockManager: replicationRecheckInterval = 3000
18/04/02 13:12:10 INFO blockmanagement.BlockManager: encryptDataTransfer        = false
18/04/02 13:12:10 INFO blockmanagement.BlockManager: maxNumBlocksToLog          = 1000
18/04/02 13:12:10 INFO namenode.FSNamesystem: fsOwner             = root (auth:SIMPLE)
18/04/02 13:12:10 INFO namenode.FSNamesystem: supergroup          = supergroup
18/04/02 13:12:10 INFO namenode.FSNamesystem: isPermissionEnabled = true
18/04/02 13:12:10 INFO namenode.FSNamesystem: HA Enabled: false
18/04/02 13:12:10 INFO namenode.FSNamesystem: Append Enabled: true
18/04/02 13:12:10 INFO util.GSet: Computing capacity for map INodeMap
18/04/02 13:12:10 INFO util.GSet: VM type       = 64-bit
18/04/02 13:12:10 INFO util.GSet: 1.0% max memory 966.7 MB = 9.7 MB
18/04/02 13:12:10 INFO util.GSet: capacity      = 2^20 = 1048576 entries
18/04/02 13:12:10 INFO namenode.NameNode: Caching file names occuring more than 10 times
18/04/02 13:12:11 INFO util.GSet: Computing capacity for map cachedBlocks
18/04/02 13:12:11 INFO util.GSet: VM type       = 64-bit
18/04/02 13:12:11 INFO util.GSet: 0.25% max memory 966.7 MB = 2.4 MB
18/04/02 13:12:11 INFO util.GSet: capacity      = 2^18 = 262144 entries
18/04/02 13:12:11 INFO namenode.FSNamesystem: dfs.namenode.safemode.threshold-pct = 0.9990000128746033
18/04/02 13:12:11 INFO namenode.FSNamesystem: dfs.namenode.safemode.min.datanodes = 0
18/04/02 13:12:11 INFO namenode.FSNamesystem: dfs.namenode.safemode.extension     = 30000
18/04/02 13:12:11 INFO namenode.FSNamesystem: Retry cache on namenode is enabled
18/04/02 13:12:11 INFO namenode.FSNamesystem: Retry cache will use 0.03 of total heap and retry cache entry expiry                                                                                                 time is 600000 millis
18/04/02 13:12:11 INFO util.GSet: Computing capacity for map NameNodeRetryCache
18/04/02 13:12:11 INFO util.GSet: VM type       = 64-bit
18/04/02 13:12:11 INFO util.GSet: 0.029999999329447746% max memory 966.7 MB = 297.0 KB
18/04/02 13:12:11 INFO util.GSet: capacity      = 2^15 = 32768 entries
18/04/02 13:12:11 INFO namenode.NNConf: ACLs enabled? false
18/04/02 13:12:11 INFO namenode.NNConf: XAttrs enabled? true
18/04/02 13:12:11 INFO namenode.NNConf: Maximum size of an xattr: 16384
18/04/02 13:12:11 INFO namenode.FSImage: Allocated new BlockPoolId: BP-689417557-10.0.2.15-1522674731276
18/04/02 13:12:11 INFO common.Storage: Storage directory /app/hadoop/tmp/namenode has been successfully formatted.
18/04/02 13:12:12 INFO namenode.NNStorageRetentionManager: Going to retain 1 images with txid >= 0
18/04/02 13:12:12 INFO util.ExitUtil: Exiting with status 0
18/04/02 13:12:12 INFO namenode.NameNode: SHUTDOWN_MSG:
/************************************************************
SHUTDOWN_MSG: Shutting down NameNode at vagrant-ubuntu-trusty-64/10.0.2.15
************************************************************/
root@vagrant-ubuntu-trusty-64:/usr/local/hadoop/sbin# exit
exit
hduser@vagrant-ubuntu-trusty-64:/usr/local/hadoop/sbin$ sudo chown $HADOOP_HOME
chown: missing operand after ‘/usr/local/hadoop’
Try 'chown --help' for more information.
hduser@vagrant-ubuntu-trusty-64:/usr/local/hadoop/sbin$ sudo chown $HADOOP_HOME
chown: missing operand after ‘/usr/local/hadoop’
Try 'chown --help' for more information.
hduser@vagrant-ubuntu-trusty-64:/usr/local/hadoop/sbin$ chown $HADOOP_HOME
chown: missing operand after ‘/usr/local/hadoop’
Try 'chown --help' for more information.
hduser@vagrant-ubuntu-trusty-64:/usr/local/hadoop/sbin$ echo $HADOOP_HOME
/usr/local/hadoop
hduser@vagrant-ubuntu-trusty-64:/usr/local/hadoop/sbin$ sudo chown /usr/local/hadoop
chown: missing operand after ‘/usr/local/hadoop’
Try 'chown --help' for more information.
hduser@vagrant-ubuntu-trusty-64:/usr/local/hadoop/sbin$ cd
hduser@vagrant-ubuntu-trusty-64:~$ cd /usr/local/hadoop/etc/hadoop/
hduser@vagrant-ubuntu-trusty-64:/usr/local/hadoop/etc/hadoop$ ls
capacity-scheduler.xml      hadoop-policy.xml        kms-log4j.properties        slaves
configuration.xsl           hdfs-site.xml            kms-site.xml                ssl-client.xml.example
container-executor.cfg      httpfs-env.sh            log4j.properties            ssl-server.xml.example
core-site.xml               httpfs-log4j.properties  mapred-env.cmd              yarn-env.cmd
hadoop-env.cmd              httpfs-signature.secret  mapred-env.sh               yarn-env.sh
hadoop-env.sh               httpfs-site.xml          mapred-queues.xml.template  yarn-site.xml
hadoop-metrics2.properties  kms-acls.xml             mapred-site.xml
hadoop-metrics.properties   kms-env.sh               mapred-site.xml.template
hduser@vagrant-ubuntu-trusty-64:/usr/local/hadoop/etc/hadoop$ vi hdfs-site.xml
hduser@vagrant-ubuntu-trusty-64:/usr/local/hadoop/etc/hadoop$ ll /app/hadoop/tmp/namenode/
total 12
drwxr-xr-x 3 root root 4096 Apr  2 13:12 ./
drwxr-xr-x 3  755 root 4096 Apr  2 13:12 ../
drwxr-xr-x 2 root root 4096 Apr  2 13:12 current/
hduser@vagrant-ubuntu-trusty-64:/usr/local/hadoop/etc/hadoop$ sudo chmod -R 755 /app/hadoop/tmp
hduser@vagrant-ubuntu-trusty-64:/usr/local/hadoop/etc/hadoop$ sudo chmod -R hduser /app/hadoop/tmp
chmod: invalid mode: ‘hduser’
Try 'chmod --help' for more information.
hduser@vagrant-ubuntu-trusty-64:/usr/local/hadoop/etc/hadoop$ sudo chwon -R hduser /app/hadoop/tmp
sudo: chwon: command not found
hduser@vagrant-ubuntu-trusty-64:/usr/local/hadoop/etc/hadoop$ sudo chown -R hduser /app/hadoop/tmp
hduser@vagrant-ubuntu-trusty-64:/usr/local/hadoop/etc/hadoop$ sudo chmod -R 755 /app/hadoop/tmp
hduser@vagrant-ubuntu-trusty-64:/usr/local/hadoop/etc/hadoop$ ll /app/hadoop/tmp/namenode/
total 12
drwxr-xr-x 3 hduser root 4096 Apr  2 13:12 ./
drwxr-xr-x 3 hduser root 4096 Apr  2 13:12 ../
drwxr-xr-x 2 hduser root 4096 Apr  2 13:12 current/
hduser@vagrant-ubuntu-trusty-64:/usr/local/hadoop/etc/hadoop$ hadoop namenode -format
DEPRECATED: Use of this script to execute hdfs command is deprecated.
Instead use the hdfs command for it.

18/04/02 13:18:12 INFO namenode.NameNode: STARTUP_MSG:
/************************************************************
STARTUP_MSG: Starting NameNode
STARTUP_MSG:   host = vagrant-ubuntu-trusty-64/10.0.2.15
STARTUP_MSG:   args = [-format]
STARTUP_MSG:   version = 2.6.4
STARTUP_MSG:   classpath = /usr/local/hadoop/etc/hadoop:/usr/local/hadoop/share/hadoop/common/lib/gson-2.2.4.jar:/                                                                                                usr/local/hadoop/share/hadoop/common/lib/netty-3.6.2.Final.jar:/usr/local/hadoop/share/hadoop/common/lib/xz-1.0.ja                                                                                                r:/usr/local/hadoop/share/hadoop/common/lib/paranamer-2.3.jar:/usr/local/hadoop/share/hadoop/common/lib/hadoop-ann                                                                                                otations-2.6.4.jar:/usr/local/hadoop/share/hadoop/common/lib/jersey-core-1.9.jar:/usr/local/hadoop/share/hadoop/co                                                                                                mmon/lib/commons-cli-1.2.jar:/usr/local/hadoop/share/hadoop/common/lib/httpclient-4.2.5.jar:/usr/local/hadoop/shar                                                                                                e/hadoop/common/lib/jsp-api-2.1.jar:/usr/local/hadoop/share/hadoop/common/lib/java-xmlbuilder-0.4.jar:/usr/local/h                                                                                                adoop/share/hadoop/common/lib/log4j-1.2.17.jar:/usr/local/hadoop/share/hadoop/common/lib/api-util-1.0.0-M20.jar:/u                                                                                                sr/local/hadoop/share/hadoop/common/lib/commons-el-1.0.jar:/usr/local/hadoop/share/hadoop/common/lib/hamcrest-core                                                                                                -1.3.jar:/usr/local/hadoop/share/hadoop/common/lib/jaxb-impl-2.2.3-1.jar:/usr/local/hadoop/share/hadoop/common/lib                                                                                                /jsch-0.1.42.jar:/usr/local/hadoop/share/hadoop/common/lib/commons-configuration-1.6.jar:/usr/local/hadoop/share/h                                                                                                adoop/common/lib/junit-4.11.jar:/usr/local/hadoop/share/hadoop/common/lib/jackson-jaxrs-1.9.13.jar:/usr/local/hado                                                                                                op/share/hadoop/common/lib/curator-client-2.6.0.jar:/usr/local/hadoop/share/hadoop/common/lib/httpcore-4.2.5.jar:/                                                                                                usr/local/hadoop/share/hadoop/common/lib/curator-recipes-2.6.0.jar:/usr/local/hadoop/share/hadoop/common/lib/jsr30                                                                                                5-1.3.9.jar:/usr/local/hadoop/share/hadoop/common/lib/curator-framework-2.6.0.jar:/usr/local/hadoop/share/hadoop/c                                                                                                ommon/lib/commons-codec-1.4.jar:/usr/local/hadoop/share/hadoop/common/lib/guava-11.0.2.jar:/usr/local/hadoop/share                                                                                                /hadoop/common/lib/apacheds-kerberos-codec-2.0.0-M15.jar:/usr/local/hadoop/share/hadoop/common/lib/api-asn1-api-1.                                                                                                0.0-M20.jar:/usr/local/hadoop/share/hadoop/common/lib/activation-1.1.jar:/usr/local/hadoop/share/hadoop/common/lib                                                                                                /jersey-json-1.9.jar:/usr/local/hadoop/share/hadoop/common/lib/asm-3.2.jar:/usr/local/hadoop/share/hadoop/common/l                                                                                                ib/jetty-6.1.26.jar:/usr/local/hadoop/share/hadoop/common/lib/commons-digester-1.8.jar:/usr/local/hadoop/share/had                                                                                                oop/common/lib/jackson-mapper-asl-1.9.13.jar:/usr/local/hadoop/share/hadoop/common/lib/jaxb-api-2.2.2.jar:/usr/loc                                                                                                al/hadoop/share/hadoop/common/lib/jets3t-0.9.0.jar:/usr/local/hadoop/share/hadoop/common/lib/mockito-all-1.8.5.jar                                                                                                :/usr/local/hadoop/share/hadoop/common/lib/jackson-xc-1.9.13.jar:/usr/local/hadoop/share/hadoop/common/lib/htrace-                                                                                                core-3.0.4.jar:/usr/local/hadoop/share/hadoop/common/lib/commons-httpclient-3.1.jar:/usr/local/hadoop/share/hadoop                                                                                                /common/lib/hadoop-auth-2.6.4.jar:/usr/local/hadoop/share/hadoop/common/lib/jettison-1.1.jar:/usr/local/hadoop/sha                                                                                                re/hadoop/common/lib/commons-beanutils-1.7.0.jar:/usr/local/hadoop/share/hadoop/common/lib/jetty-util-6.1.26.jar:/                                                                                                usr/local/hadoop/share/hadoop/common/lib/xmlenc-0.52.jar:/usr/local/hadoop/share/hadoop/common/lib/protobuf-java-2                                                                                                .5.0.jar:/usr/local/hadoop/share/hadoop/common/lib/slf4j-log4j12-1.7.5.jar:/usr/local/hadoop/share/hadoop/common/l                                                                                                ib/jackson-core-asl-1.9.13.jar:/usr/local/hadoop/share/hadoop/common/lib/jasper-compiler-5.5.23.jar:/usr/local/had                                                                                                oop/share/hadoop/common/lib/commons-io-2.4.jar:/usr/local/hadoop/share/hadoop/common/lib/commons-collections-3.2.2                                                                                                .jar:/usr/local/hadoop/share/hadoop/common/lib/commons-logging-1.1.3.jar:/usr/local/hadoop/share/hadoop/common/lib                                                                                                /commons-compress-1.4.1.jar:/usr/local/hadoop/share/hadoop/common/lib/jasper-runtime-5.5.23.jar:/usr/local/hadoop/                                                                                                share/hadoop/common/lib/commons-net-3.1.jar:/usr/local/hadoop/share/hadoop/common/lib/commons-lang-2.6.jar:/usr/lo                                                                                                cal/hadoop/share/hadoop/common/lib/avro-1.7.4.jar:/usr/local/hadoop/share/hadoop/common/lib/apacheds-i18n-2.0.0-M1                                                                                                5.jar:/usr/local/hadoop/share/hadoop/common/lib/snappy-java-1.0.4.1.jar:/usr/local/hadoop/share/hadoop/common/lib/                                                                                                zookeeper-3.4.6.jar:/usr/local/hadoop/share/hadoop/common/lib/commons-math3-3.1.1.jar:/usr/local/hadoop/share/hado                                                                                                op/common/lib/servlet-api-2.5.jar:/usr/local/hadoop/share/hadoop/common/lib/stax-api-1.0-2.jar:/usr/local/hadoop/s                                                                                                hare/hadoop/common/lib/jersey-server-1.9.jar:/usr/local/hadoop/share/hadoop/common/lib/slf4j-api-1.7.5.jar:/usr/lo                                                                                                cal/hadoop/share/hadoop/common/lib/commons-beanutils-core-1.8.0.jar:/usr/local/hadoop/share/hadoop/common/hadoop-c                                                                                                ommon-2.6.4.jar:/usr/local/hadoop/share/hadoop/common/hadoop-common-2.6.4-tests.jar:/usr/local/hadoop/share/hadoop                                                                                                /common/hadoop-nfs-2.6.4.jar:/usr/local/hadoop/share/hadoop/hdfs:/usr/local/hadoop/share/hadoop/hdfs/lib/netty-3.6                                                                                                .2.Final.jar:/usr/local/hadoop/share/hadoop/hdfs/lib/jersey-core-1.9.jar:/usr/local/hadoop/share/hadoop/hdfs/lib/c                                                                                                ommons-cli-1.2.jar:/usr/local/hadoop/share/hadoop/hdfs/lib/jsp-api-2.1.jar:/usr/local/hadoop/share/hadoop/hdfs/lib                                                                                                /log4j-1.2.17.jar:/usr/local/hadoop/share/hadoop/hdfs/lib/commons-el-1.0.jar:/usr/local/hadoop/share/hadoop/hdfs/l                                                                                                ib/commons-daemon-1.0.13.jar:/usr/local/hadoop/share/hadoop/hdfs/lib/jsr305-1.3.9.jar:/usr/local/hadoop/share/hado                                                                                                op/hdfs/lib/commons-codec-1.4.jar:/usr/local/hadoop/share/hadoop/hdfs/lib/guava-11.0.2.jar:/usr/local/hadoop/share                                                                                                /hadoop/hdfs/lib/asm-3.2.jar:/usr/local/hadoop/share/hadoop/hdfs/lib/jetty-6.1.26.jar:/usr/local/hadoop/share/hado                                                                                                op/hdfs/lib/jackson-mapper-asl-1.9.13.jar:/usr/local/hadoop/share/hadoop/hdfs/lib/htrace-core-3.0.4.jar:/usr/local                                                                                                /hadoop/share/hadoop/hdfs/lib/jetty-util-6.1.26.jar:/usr/local/hadoop/share/hadoop/hdfs/lib/xmlenc-0.52.jar:/usr/l                                                                                                ocal/hadoop/share/hadoop/hdfs/lib/protobuf-java-2.5.0.jar:/usr/local/hadoop/share/hadoop/hdfs/lib/jackson-core-asl                                                                                                -1.9.13.jar:/usr/local/hadoop/share/hadoop/hdfs/lib/xercesImpl-2.9.1.jar:/usr/local/hadoop/share/hadoop/hdfs/lib/c                                                                                                ommons-io-2.4.jar:/usr/local/hadoop/share/hadoop/hdfs/lib/commons-logging-1.1.3.jar:/usr/local/hadoop/share/hadoop                                                                                                /hdfs/lib/jasper-runtime-5.5.23.jar:/usr/local/hadoop/share/hadoop/hdfs/lib/commons-lang-2.6.jar:/usr/local/hadoop                                                                                                /share/hadoop/hdfs/lib/servlet-api-2.5.jar:/usr/local/hadoop/share/hadoop/hdfs/lib/jersey-server-1.9.jar:/usr/loca                                                                                                l/hadoop/share/hadoop/hdfs/lib/xml-apis-1.3.04.jar:/usr/local/hadoop/share/hadoop/hdfs/hadoop-hdfs-nfs-2.6.4.jar:/                                                                                                usr/local/hadoop/share/hadoop/hdfs/hadoop-hdfs-2.6.4.jar:/usr/local/hadoop/share/hadoop/hdfs/hadoop-hdfs-2.6.4-tes                                                                                                ts.jar:/usr/local/hadoop/share/hadoop/yarn/lib/netty-3.6.2.Final.jar:/usr/local/hadoop/share/hadoop/yarn/lib/xz-1.                                                                                                0.jar:/usr/local/hadoop/share/hadoop/yarn/lib/jersey-client-1.9.jar:/usr/local/hadoop/share/hadoop/yarn/lib/leveld                                                                                                bjni-all-1.8.jar:/usr/local/hadoop/share/hadoop/yarn/lib/jersey-core-1.9.jar:/usr/local/hadoop/share/hadoop/yarn/l                                                                                                ib/javax.inject-1.jar:/usr/local/hadoop/share/hadoop/yarn/lib/aopalliance-1.0.jar:/usr/local/hadoop/share/hadoop/y                                                                                                arn/lib/commons-cli-1.2.jar:/usr/local/hadoop/share/hadoop/yarn/lib/log4j-1.2.17.jar:/usr/local/hadoop/share/hadoo                                                                                                p/yarn/lib/jaxb-impl-2.2.3-1.jar:/usr/local/hadoop/share/hadoop/yarn/lib/jackson-jaxrs-1.9.13.jar:/usr/local/hadoo                                                                                                p/share/hadoop/yarn/lib/guice-servlet-3.0.jar:/usr/local/hadoop/share/hadoop/yarn/lib/jsr305-1.3.9.jar:/usr/local/                                                                                                hadoop/share/hadoop/yarn/lib/jersey-guice-1.9.jar:/usr/local/hadoop/share/hadoop/yarn/lib/commons-codec-1.4.jar:/u                                                                                                sr/local/hadoop/share/hadoop/yarn/lib/guava-11.0.2.jar:/usr/local/hadoop/share/hadoop/yarn/lib/activation-1.1.jar:                                                                                                /usr/local/hadoop/share/hadoop/yarn/lib/jersey-json-1.9.jar:/usr/local/hadoop/share/hadoop/yarn/lib/asm-3.2.jar:/u                                                                                                sr/local/hadoop/share/hadoop/yarn/lib/jetty-6.1.26.jar:/usr/local/hadoop/share/hadoop/yarn/lib/jackson-mapper-asl-                                                                                                1.9.13.jar:/usr/local/hadoop/share/hadoop/yarn/lib/jaxb-api-2.2.2.jar:/usr/local/hadoop/share/hadoop/yarn/lib/jack                                                                                                son-xc-1.9.13.jar:/usr/local/hadoop/share/hadoop/yarn/lib/commons-httpclient-3.1.jar:/usr/local/hadoop/share/hadoo                                                                                                p/yarn/lib/jettison-1.1.jar:/usr/local/hadoop/share/hadoop/yarn/lib/jetty-util-6.1.26.jar:/usr/local/hadoop/share/                                                                                                hadoop/yarn/lib/jline-0.9.94.jar:/usr/local/hadoop/share/hadoop/yarn/lib/protobuf-java-2.5.0.jar:/usr/local/hadoop                                                                                                /share/hadoop/yarn/lib/jackson-core-asl-1.9.13.jar:/usr/local/hadoop/share/hadoop/yarn/lib/commons-io-2.4.jar:/usr                                                                                                /local/hadoop/share/hadoop/yarn/lib/commons-collections-3.2.2.jar:/usr/local/hadoop/share/hadoop/yarn/lib/commons-                                                                                                logging-1.1.3.jar:/usr/local/hadoop/share/hadoop/yarn/lib/commons-compress-1.4.1.jar:/usr/local/hadoop/share/hadoo                                                                                                p/yarn/lib/commons-lang-2.6.jar:/usr/local/hadoop/share/hadoop/yarn/lib/guice-3.0.jar:/usr/local/hadoop/share/hado                                                                                                op/yarn/lib/zookeeper-3.4.6.jar:/usr/local/hadoop/share/hadoop/yarn/lib/servlet-api-2.5.jar:/usr/local/hadoop/shar                                                                                                e/hadoop/yarn/lib/stax-api-1.0-2.jar:/usr/local/hadoop/share/hadoop/yarn/lib/jersey-server-1.9.jar:/usr/local/hado                                                                                                op/share/hadoop/yarn/hadoop-yarn-common-2.6.4.jar:/usr/local/hadoop/share/hadoop/yarn/hadoop-yarn-server-applicati                                                                                                onhistoryservice-2.6.4.jar:/usr/local/hadoop/share/hadoop/yarn/hadoop-yarn-server-resourcemanager-2.6.4.jar:/usr/l                                                                                                ocal/hadoop/share/hadoop/yarn/hadoop-yarn-server-tests-2.6.4.jar:/usr/local/hadoop/share/hadoop/yarn/hadoop-yarn-s                                                                                                erver-common-2.6.4.jar:/usr/local/hadoop/share/hadoop/yarn/hadoop-yarn-applications-unmanaged-am-launcher-2.6.4.ja                                                                                                r:/usr/local/hadoop/share/hadoop/yarn/hadoop-yarn-applications-distributedshell-2.6.4.jar:/usr/local/hadoop/share/                                                                                                hadoop/yarn/hadoop-yarn-api-2.6.4.jar:/usr/local/hadoop/share/hadoop/yarn/hadoop-yarn-client-2.6.4.jar:/usr/local/                                                                                                hadoop/share/hadoop/yarn/hadoop-yarn-server-web-proxy-2.6.4.jar:/usr/local/hadoop/share/hadoop/yarn/hadoop-yarn-se                                                                                                rver-nodemanager-2.6.4.jar:/usr/local/hadoop/share/hadoop/yarn/hadoop-yarn-registry-2.6.4.jar:/usr/local/hadoop/sh                                                                                                are/hadoop/mapreduce/lib/netty-3.6.2.Final.jar:/usr/local/hadoop/share/hadoop/mapreduce/lib/xz-1.0.jar:/usr/local/                                                                                                hadoop/share/hadoop/mapreduce/lib/paranamer-2.3.jar:/usr/local/hadoop/share/hadoop/mapreduce/lib/hadoop-annotation                                                                                                s-2.6.4.jar:/usr/local/hadoop/share/hadoop/mapreduce/lib/leveldbjni-all-1.8.jar:/usr/local/hadoop/share/hadoop/map                                                                                                reduce/lib/jersey-core-1.9.jar:/usr/local/hadoop/share/hadoop/mapreduce/lib/javax.inject-1.jar:/usr/local/hadoop/s                                                                                                hare/hadoop/mapreduce/lib/aopalliance-1.0.jar:/usr/local/hadoop/share/hadoop/mapreduce/lib/log4j-1.2.17.jar:/usr/l                                                                                                ocal/hadoop/share/hadoop/mapreduce/lib/hamcrest-core-1.3.jar:/usr/local/hadoop/share/hadoop/mapreduce/lib/junit-4.                                                                                                11.jar:/usr/local/hadoop/share/hadoop/mapreduce/lib/guice-servlet-3.0.jar:/usr/local/hadoop/share/hadoop/mapreduce                                                                                                /lib/jersey-guice-1.9.jar:/usr/local/hadoop/share/hadoop/mapreduce/lib/asm-3.2.jar:/usr/local/hadoop/share/hadoop/                                                                                                mapreduce/lib/jackson-mapper-asl-1.9.13.jar:/usr/local/hadoop/share/hadoop/mapreduce/lib/protobuf-java-2.5.0.jar:/                                                                                                usr/local/hadoop/share/hadoop/mapreduce/lib/jackson-core-asl-1.9.13.jar:/usr/local/hadoop/share/hadoop/mapreduce/l                                                                                                ib/commons-io-2.4.jar:/usr/local/hadoop/share/hadoop/mapreduce/lib/commons-compress-1.4.1.jar:/usr/local/hadoop/sh                                                                                                are/hadoop/mapreduce/lib/avro-1.7.4.jar:/usr/local/hadoop/share/hadoop/mapreduce/lib/guice-3.0.jar:/usr/local/hado                                                                                                op/share/hadoop/mapreduce/lib/snappy-java-1.0.4.1.jar:/usr/local/hadoop/share/hadoop/mapreduce/lib/jersey-server-1                                                                                                .9.jar:/usr/local/hadoop/share/hadoop/mapreduce/hadoop-mapreduce-client-common-2.6.4.jar:/usr/local/hadoop/share/h                                                                                                adoop/mapreduce/hadoop-mapreduce-client-shuffle-2.6.4.jar:/usr/local/hadoop/share/hadoop/mapreduce/hadoop-mapreduc                                                                                                e-client-jobclient-2.6.4.jar:/usr/local/hadoop/share/hadoop/mapreduce/hadoop-mapreduce-client-hs-2.6.4.jar:/usr/lo                                                                                                cal/hadoop/share/hadoop/mapreduce/hadoop-mapreduce-client-hs-plugins-2.6.4.jar:/usr/local/hadoop/share/hadoop/mapr                                                                                                educe/hadoop-mapreduce-examples-2.6.4.jar:/usr/local/hadoop/share/hadoop/mapreduce/hadoop-mapreduce-client-app-2.6                                                                                                .4.jar:/usr/local/hadoop/share/hadoop/mapreduce/hadoop-mapreduce-client-jobclient-2.6.4-tests.jar:/usr/local/hadoo                                                                                                p/share/hadoop/mapreduce/hadoop-mapreduce-client-core-2.6.4.jar:/usr/local/hadoop/contrib/capacity-scheduler/*.jar                                                                                                :/usr/local/hadoop/contrib/capacity-scheduler/*.jar
STARTUP_MSG:   build = https://git-wip-us.apache.org/repos/asf/hadoop.git -r 5082c73637530b0b7e115f9625ed7fac69f93                                                                                                7e6; compiled by 'jenkins' on 2016-02-12T09:45Z
STARTUP_MSG:   java = 1.7.0_151
************************************************************/
18/04/02 13:18:12 INFO namenode.NameNode: registered UNIX signal handlers for [TERM, HUP, INT]
18/04/02 13:18:12 INFO namenode.NameNode: createNameNode [-format]
18/04/02 13:18:18 WARN common.Util: Path /app/hadoop/tmp/namenode should be specified as a URI in configuration fi                                                                                                les. Please update hdfs configuration.
18/04/02 13:18:18 WARN common.Util: Path /app/hadoop/tmp/namenode should be specified as a URI in configuration fi                                                                                                les. Please update hdfs configuration.
Formatting using clusterid: CID-7dae41fa-7ff1-45f7-8b53-310e047dd900
18/04/02 13:18:18 INFO namenode.FSNamesystem: No KeyProvider found.
18/04/02 13:18:18 INFO namenode.FSNamesystem: fsLock is fair:true
18/04/02 13:18:18 INFO blockmanagement.DatanodeManager: dfs.block.invalidate.limit=1000
18/04/02 13:18:18 INFO blockmanagement.DatanodeManager: dfs.namenode.datanode.registration.ip-hostname-check=true
18/04/02 13:18:18 INFO blockmanagement.BlockManager: dfs.namenode.startup.delay.block.deletion.sec is set to 000:0                                                                                                0:00:00.000
18/04/02 13:18:18 INFO blockmanagement.BlockManager: The block deletion will start around 2018 Apr 02 13:18:18
18/04/02 13:18:18 INFO util.GSet: Computing capacity for map BlocksMap
18/04/02 13:18:18 INFO util.GSet: VM type       = 64-bit
18/04/02 13:18:18 INFO util.GSet: 2.0% max memory 966.7 MB = 19.3 MB
18/04/02 13:18:18 INFO util.GSet: capacity      = 2^21 = 2097152 entries
18/04/02 13:18:19 INFO blockmanagement.BlockManager: dfs.block.access.token.enable=false
18/04/02 13:18:19 INFO blockmanagement.BlockManager: defaultReplication         = 1
18/04/02 13:18:19 INFO blockmanagement.BlockManager: maxReplication             = 512
18/04/02 13:18:19 INFO blockmanagement.BlockManager: minReplication             = 1
18/04/02 13:18:19 INFO blockmanagement.BlockManager: maxReplicationStreams      = 2
18/04/02 13:18:19 INFO blockmanagement.BlockManager: replicationRecheckInterval = 3000
18/04/02 13:18:19 INFO blockmanagement.BlockManager: encryptDataTransfer        = false
18/04/02 13:18:19 INFO blockmanagement.BlockManager: maxNumBlocksToLog          = 1000
18/04/02 13:18:19 INFO namenode.FSNamesystem: fsOwner             = hduser (auth:SIMPLE)
18/04/02 13:18:19 INFO namenode.FSNamesystem: supergroup          = supergroup
18/04/02 13:18:19 INFO namenode.FSNamesystem: isPermissionEnabled = true
18/04/02 13:18:19 INFO namenode.FSNamesystem: HA Enabled: false
18/04/02 13:18:19 INFO namenode.FSNamesystem: Append Enabled: true
18/04/02 13:18:19 INFO util.GSet: Computing capacity for map INodeMap
18/04/02 13:18:19 INFO util.GSet: VM type       = 64-bit
18/04/02 13:18:19 INFO util.GSet: 1.0% max memory 966.7 MB = 9.7 MB
18/04/02 13:18:19 INFO util.GSet: capacity      = 2^20 = 1048576 entries
18/04/02 13:18:19 INFO namenode.NameNode: Caching file names occuring more than 10 times
18/04/02 13:18:19 INFO util.GSet: Computing capacity for map cachedBlocks
18/04/02 13:18:19 INFO util.GSet: VM type       = 64-bit
18/04/02 13:18:19 INFO util.GSet: 0.25% max memory 966.7 MB = 2.4 MB
18/04/02 13:18:19 INFO util.GSet: capacity      = 2^18 = 262144 entries
18/04/02 13:18:19 INFO namenode.FSNamesystem: dfs.namenode.safemode.threshold-pct = 0.9990000128746033
18/04/02 13:18:19 INFO namenode.FSNamesystem: dfs.namenode.safemode.min.datanodes = 0
18/04/02 13:18:19 INFO namenode.FSNamesystem: dfs.namenode.safemode.extension     = 30000
18/04/02 13:18:19 INFO namenode.FSNamesystem: Retry cache on namenode is enabled
18/04/02 13:18:19 INFO namenode.FSNamesystem: Retry cache will use 0.03 of total heap and retry cache entry expiry                                                                                                 time is 600000 millis
18/04/02 13:18:19 INFO util.GSet: Computing capacity for map NameNodeRetryCache
18/04/02 13:18:19 INFO util.GSet: VM type       = 64-bit
18/04/02 13:18:19 INFO util.GSet: 0.029999999329447746% max memory 966.7 MB = 297.0 KB
18/04/02 13:18:19 INFO util.GSet: capacity      = 2^15 = 32768 entries
18/04/02 13:18:19 INFO namenode.NNConf: ACLs enabled? false
18/04/02 13:18:19 INFO namenode.NNConf: XAttrs enabled? true
18/04/02 13:18:19 INFO namenode.NNConf: Maximum size of an xattr: 16384
Re-format filesystem in Storage Directory /app/hadoop/tmp/namenode ? (Y or N) Y
18/04/02 13:18:27 INFO namenode.FSImage: Allocated new BlockPoolId: BP-84558417-10.0.2.15-1522675106758
18/04/02 13:18:27 INFO common.Storage: Storage directory /app/hadoop/tmp/namenode has been successfully formatted.
18/04/02 13:18:28 INFO namenode.NNStorageRetentionManager: Going to retain 1 images with txid >= 0
18/04/02 13:18:28 INFO util.ExitUtil: Exiting with status 0
18/04/02 13:18:28 INFO namenode.NameNode: SHUTDOWN_MSG:
/************************************************************
SHUTDOWN_MSG: Shutting down NameNode at vagrant-ubuntu-trusty-64/10.0.2.15
************************************************************/
hduser@vagrant-ubuntu-trusty-64:/usr/local/hadoop/etc/hadoop$ ls
capacity-scheduler.xml      hadoop-policy.xml        kms-log4j.properties        slaves
configuration.xsl           hdfs-site.xml            kms-site.xml                ssl-client.xml.example
container-executor.cfg      httpfs-env.sh            log4j.properties            ssl-server.xml.example
core-site.xml               httpfs-log4j.properties  mapred-env.cmd              yarn-env.cmd
hadoop-env.cmd              httpfs-signature.secret  mapred-env.sh               yarn-env.sh
hadoop-env.sh               httpfs-site.xml          mapred-queues.xml.template  yarn-site.xml
hadoop-metrics2.properties  kms-acls.xml             mapred-site.xml
hadoop-metrics.properties   kms-env.sh               mapred-site.xml.template
hduser@vagrant-ubuntu-trusty-64:/usr/local/hadoop/etc/hadoop$ cd /usr/local/hadoop/sbin/
hduser@vagrant-ubuntu-trusty-64:/usr/local/hadoop/sbin$ start-dfs.sh
Starting namenodes on [localhost]
localhost: starting namenode, logging to /usr/local/hadoop/logs/hadoop-hduser-namenode-vagrant-ubuntu-trusty-64.ou                                                                                                t
localhost: starting datanode, logging to /usr/local/hadoop/logs/hadoop-hduser-datanode-vagrant-ubuntu-trusty-64.ou                                                                                                t
Starting secondary namenodes [0.0.0.0]
0.0.0.0: secondarynamenode running as process 7605. Stop it first.
hduser@vagrant-ubuntu-trusty-64:/usr/local/hadoop/sbin$ start-yarn.sh
starting yarn daemons
starting resourcemanager, logging to /usr/local/hadoop/logs/yarn-hduser-resourcemanager-vagrant-ubuntu-trusty-64.o                                                                                                ut
localhost: starting nodemanager, logging to /usr/local/hadoop/logs/yarn-hduser-nodemanager-vagrant-ubuntu-trusty-6                                                                                                4.out
hduser@vagrant-ubuntu-trusty-64:/usr/local/hadoop/sbin$ jps
8720 NodeManager
8580 ResourceManager
7605 SecondaryNameNode
8103 NameNode
8252 DataNode
8750 Jps
hduser@vagrant-ubuntu-trusty-64:/usr/local/hadoop/sbin$ hostname -i
10.0.2.15 192.168.33.101
hduser@vagrant-ubuntu-trusty-64:/usr/local/hadoop/sbin$ clear
hduser@vagrant-ubuntu-trusty-64:/usr/local/hadoop/sbin$ sudo mkdir /usr/local/sqoop
[sudo] password for hduser:
hduser@vagrant-ubuntu-trusty-64:/usr/local/hadoop/sbin$ sudo chown -R hduser /usr/local/sqoop
hduser@vagrant-ubuntu-trusty-64:/usr/local/hadoop/sbin$ sudo chmod -R /usr/local/sqoop
chmod: missing operand after ‘/usr/local/sqoop’
Try 'chmod --help' for more information.
hduser@vagrant-ubuntu-trusty-64:/usr/local/hadoop/sbin$ sudo chmod -R 755 /usr/local/sqoop
hduser@vagrant-ubuntu-trusty-64:/usr/local/hadoop/sbin$ cd /home/hduser/
hduser@vagrant-ubuntu-trusty-64:~$ clear
hduser@vagrant-ubuntu-trusty-64:~$ cp /vagrant/sqoop-1.4.6.bin__hadoop-2.0.4-alpha.tar.gz .
hduser@vagrant-ubuntu-trusty-64:~$ tar xzf sqoop-1.4.6.bin__hadoop-2.0.4-alpha.tar.gz .
tar: .: Not found in archive
tar: Exiting with failure status due to previous errors
hduser@vagrant-ubuntu-trusty-64:~$ tar xzf sqoop-1.4.6.bin__hadoop-2.0.4-alpha.tar.gz
hduser@vagrant-ubuntu-trusty-64:~$ clear
hduser@vagrant-ubuntu-trusty-64:~$ cp sqoop-1.4.6.bin__hadoop-2.0.4-alpha/* /usr/local/sqoop
cp: omitting directory ‘sqoop-1.4.6.bin__hadoop-2.0.4-alpha/bin’
cp: omitting directory ‘sqoop-1.4.6.bin__hadoop-2.0.4-alpha/conf’
cp: omitting directory ‘sqoop-1.4.6.bin__hadoop-2.0.4-alpha/docs’
cp: omitting directory ‘sqoop-1.4.6.bin__hadoop-2.0.4-alpha/ivy’
cp: omitting directory ‘sqoop-1.4.6.bin__hadoop-2.0.4-alpha/lib’
cp: omitting directory ‘sqoop-1.4.6.bin__hadoop-2.0.4-alpha/src’
cp: omitting directory ‘sqoop-1.4.6.bin__hadoop-2.0.4-alpha/testdata’
hduser@vagrant-ubuntu-trusty-64:~$ cp -r sqoop-1.4.6.bin__hadoop-2.0.4-alpha/* /usr/local/sqoop
hduser@vagrant-ubuntu-trusty-64:~$ vi ~/.bashrc
hduser@vagrant-ubuntu-trusty-64:~$ source ~/.bashrc
hduser@vagrant-ubuntu-trusty-64:~$ cd /usr/local/sqoop/conf/
hduser@vagrant-ubuntu-trusty-64:/usr/local/sqoop/conf$ cp sqoop-env-template.sh sqoop-env.sh
hduser@vagrant-ubuntu-trusty-64:/usr/local/sqoop/conf$ vi sqoop-env.sh
hduser@vagrant-ubuntu-trusty-64:/usr/local/sqoop/conf$ sudo apt-get install mysql-server
Reading package lists... Done
Building dependency tree
Reading state information... Done
The following extra packages will be installed:
  libaio1 libdbd-mysql-perl libdbi-perl libhtml-template-perl libmysqlclient18
  libterm-readkey-perl mysql-client-5.5 mysql-client-core-5.5 mysql-common
  mysql-server-5.5 mysql-server-core-5.5
Suggested packages:
  libclone-perl libmldbm-perl libnet-daemon-perl libplrpc-perl
  libsql-statement-perl libipc-sharedcache-perl tinyca mailx
The following NEW packages will be installed:
  libaio1 libdbd-mysql-perl libdbi-perl libhtml-template-perl libmysqlclient18
  libterm-readkey-perl mysql-client-5.5 mysql-client-core-5.5 mysql-common
  mysql-server mysql-server-5.5 mysql-server-core-5.5
0 upgraded, 12 newly installed, 0 to remove and 95 not upgraded.
Need to get 9,472 kB of archives.
After this operation, 97.2 MB of additional disk space will be used.
Do you want to continue? [Y/n] Y
Get:1 http://archive.ubuntu.com/ubuntu/ trusty/main libaio1 amd64 0.3.109-4 [6,364 B]
Get:2 http://archive.ubuntu.com/ubuntu/ trusty-updates/main mysql-common all 5.5.59-0ubuntu0.14.04.1 [12.8 kB]
Get:3 http://archive.ubuntu.com/ubuntu/ trusty-updates/main libmysqlclient18 amd64 5.5.59-0ubuntu0.14.04.1 [597 kB                                                                                                ]
Get:4 http://archive.ubuntu.com/ubuntu/ trusty/main libdbi-perl amd64 1.630-1 [879 kB]
Get:5 http://archive.ubuntu.com/ubuntu/ trusty-updates/main libdbd-mysql-perl amd64 4.025-1ubuntu0.1 [87.6 kB]
Get:6 http://archive.ubuntu.com/ubuntu/ trusty/main libterm-readkey-perl amd64 2.31-1 [27.4 kB]
Get:7 http://archive.ubuntu.com/ubuntu/ trusty-updates/main mysql-client-core-5.5 amd64 5.5.59-0ubuntu0.14.04.1 [7                                                                                                11 kB]
Get:8 http://archive.ubuntu.com/ubuntu/ trusty-updates/main mysql-client-5.5 amd64 5.5.59-0ubuntu0.14.04.1 [1,480                                                                                                 kB]
Get:9 http://archive.ubuntu.com/ubuntu/ trusty-updates/main mysql-server-core-5.5 amd64 5.5.59-0ubuntu0.14.04.1 [3                                                                                                ,738 kB]
Get:10 http://archive.ubuntu.com/ubuntu/ trusty-updates/main mysql-server-5.5 amd64 5.5.59-0ubuntu0.14.04.1 [1,856                                                                                                 kB]
Get:11 http://archive.ubuntu.com/ubuntu/ trusty/main libhtml-template-perl all 2.95-1 [65.5 kB]
Get:12 http://archive.ubuntu.com/ubuntu/ trusty-updates/main mysql-server all 5.5.59-0ubuntu0.14.04.1 [11.1 kB]
Fetched 9,472 kB in 1min 8s (138 kB/s)
Preconfiguring packages ...
Selecting previously unselected package libaio1:amd64.
(Reading database ... 66322 files and directories currently installed.)
Preparing to unpack .../libaio1_0.3.109-4_amd64.deb ...
Unpacking libaio1:amd64 (0.3.109-4) ...
Selecting previously unselected package mysql-common.
Preparing to unpack .../mysql-common_5.5.59-0ubuntu0.14.04.1_all.deb ...
Unpacking mysql-common (5.5.59-0ubuntu0.14.04.1) ...
Selecting previously unselected package libmysqlclient18:amd64.
Preparing to unpack .../libmysqlclient18_5.5.59-0ubuntu0.14.04.1_amd64.deb ...
Unpacking libmysqlclient18:amd64 (5.5.59-0ubuntu0.14.04.1) ...
Selecting previously unselected package libdbi-perl.
Preparing to unpack .../libdbi-perl_1.630-1_amd64.deb ...
Unpacking libdbi-perl (1.630-1) ...
Selecting previously unselected package libdbd-mysql-perl.
Preparing to unpack .../libdbd-mysql-perl_4.025-1ubuntu0.1_amd64.deb ...
Unpacking libdbd-mysql-perl (4.025-1ubuntu0.1) ...
Selecting previously unselected package libterm-readkey-perl.
Preparing to unpack .../libterm-readkey-perl_2.31-1_amd64.deb ...
Unpacking libterm-readkey-perl (2.31-1) ...
Selecting previously unselected package mysql-client-core-5.5.
Preparing to unpack .../mysql-client-core-5.5_5.5.59-0ubuntu0.14.04.1_amd64.deb ...
Unpacking mysql-client-core-5.5 (5.5.59-0ubuntu0.14.04.1) ...
Selecting previously unselected package mysql-client-5.5.
Preparing to unpack .../mysql-client-5.5_5.5.59-0ubuntu0.14.04.1_amd64.deb ...
Unpacking mysql-client-5.5 (5.5.59-0ubuntu0.14.04.1) ...
Selecting previously unselected package mysql-server-core-5.5.
Preparing to unpack .../mysql-server-core-5.5_5.5.59-0ubuntu0.14.04.1_amd64.deb ...
Unpacking mysql-server-core-5.5 (5.5.59-0ubuntu0.14.04.1) ...
Processing triggers for man-db (2.6.7.1-1ubuntu1) ...
Setting up mysql-common (5.5.59-0ubuntu0.14.04.1) ...
Selecting previously unselected package mysql-server-5.5.
(Reading database ... 66685 files and directories currently installed.)
Preparing to unpack .../mysql-server-5.5_5.5.59-0ubuntu0.14.04.1_amd64.deb ...
Unpacking mysql-server-5.5 (5.5.59-0ubuntu0.14.04.1) ...
Selecting previously unselected package libhtml-template-perl.
Preparing to unpack .../libhtml-template-perl_2.95-1_all.deb ...
Unpacking libhtml-template-perl (2.95-1) ...
Selecting previously unselected package mysql-server.
Preparing to unpack .../mysql-server_5.5.59-0ubuntu0.14.04.1_all.deb ...
Unpacking mysql-server (5.5.59-0ubuntu0.14.04.1) ...
Processing triggers for ureadahead (0.100.0-16) ...
Processing triggers for man-db (2.6.7.1-1ubuntu1) ...
Setting up libaio1:amd64 (0.3.109-4) ...
Setting up libmysqlclient18:amd64 (5.5.59-0ubuntu0.14.04.1) ...
Setting up libdbi-perl (1.630-1) ...
Setting up libdbd-mysql-perl (4.025-1ubuntu0.1) ...
Setting up libterm-readkey-perl (2.31-1) ...
Setting up mysql-client-core-5.5 (5.5.59-0ubuntu0.14.04.1) ...
Setting up mysql-client-5.5 (5.5.59-0ubuntu0.14.04.1) ...
Setting up mysql-server-core-5.5 (5.5.59-0ubuntu0.14.04.1) ...
Setting up mysql-server-5.5 (5.5.59-0ubuntu0.14.04.1) ...
180402 13:49:15 [Warning] Using unique option prefix key_buffer instead of key_buffer_size is deprecated and will                                                                                                 be removed in a future release. Please use the full name instead.
180402 13:49:15 [Note] Ignoring --secure-file-priv value as server is running with --bootstrap.
180402 13:49:15 [Note] /usr/sbin/mysqld (mysqld 5.5.59-0ubuntu0.14.04.1) starting as process 14579 ...
mysql start/running, process 14712
Setting up libhtml-template-perl (2.95-1) ...
Processing triggers for ureadahead (0.100.0-16) ...
Setting up mysql-server (5.5.59-0ubuntu0.14.04.1) ...
Processing triggers for libc-bin (2.19-0ubuntu6.13) ...
hduser@vagrant-ubuntu-trusty-64:/usr/local/sqoop/conf$ sudo apt-get install libmysql-java
Reading package lists... Done
Building dependency tree
Reading state information... Done
Suggested packages:
  liblog4j1.2-java libcommons-logging-java
The following NEW packages will be installed:
  libmysql-java
0 upgraded, 1 newly installed, 0 to remove and 95 not upgraded.
Need to get 894 kB of archives.
After this operation, 1,060 kB of additional disk space will be used.
Get:1 http://archive.ubuntu.com/ubuntu/ trusty/universe libmysql-java all 5.1.28-1 [894 kB]
Fetched 894 kB in 6s (144 kB/s)
Selecting previously unselected package libmysql-java.
(Reading database ... 66786 files and directories currently installed.)
Preparing to unpack .../libmysql-java_5.1.28-1_all.deb ...
Unpacking libmysql-java (5.1.28-1) ...
Setting up libmysql-java (5.1.28-1) ...
hduser@vagrant-ubuntu-trusty-64:/usr/local/sqoop/conf$ mysql -u root -p
Enter password:
Welcome to the MySQL monitor.  Commands end with ; or \g.
Your MySQL connection id is 42
Server version: 5.5.59-0ubuntu0.14.04.1 (Ubuntu)

Copyright (c) 2000, 2018, Oracle and/or its affiliates. All rights reserved.

Oracle is a registered trademark of Oracle Corporation and/or its
affiliates. Other names may be trademarks of their respective
owners.

Type 'help;' or '\h' for help. Type '\c' to clear the current input statement.

mysql> exit
Bye
hduser@vagrant-ubuntu-trusty-64:/usr/local/sqoop/conf$ sudo apt-get update
Ign http://archive.ubuntu.com trusty InRelease
Hit http://ppa.launchpad.net trusty InRelease
Hit http://archive.ubuntu.com trusty-updates InRelease
Hit http://archive.ubuntu.com trusty-backports InRelease
Hit http://ppa.launchpad.net trusty/main amd64 Packages
Hit http://security.ubuntu.com trusty-security InRelease
Hit http://archive.ubuntu.com trusty Release.gpg
Hit http://archive.ubuntu.com trusty-updates/main Sources
Hit http://security.ubuntu.com trusty-security/main Sources
Hit http://archive.ubuntu.com trusty-updates/restricted Sources
Hit http://security.ubuntu.com trusty-security/universe Sources
Hit http://archive.ubuntu.com trusty-updates/universe Sources
Hit http://security.ubuntu.com trusty-security/main amd64 Packages
Get:1 http://www.apache.org 22x InRelease [3,168 B]
Ign http://www.apache.org 22x InRelease
Hit http://archive.ubuntu.com trusty-updates/multiverse Sources
Hit http://security.ubuntu.com trusty-security/universe amd64 Packages
Hit http://archive.ubuntu.com trusty-updates/main amd64 Packages
Hit http://archive.ubuntu.com trusty-updates/restricted amd64 Packages
Hit http://security.ubuntu.com trusty-security/main Translation-en
Ign http://www.apache.org 22x/main Sources/DiffIndex
Hit http://archive.ubuntu.com trusty-updates/universe amd64 Packages
Hit http://security.ubuntu.com trusty-security/universe Translation-en
Hit http://archive.ubuntu.com trusty-updates/multiverse amd64 Packages
Ign http://www.apache.org 22x/main amd64 Packages/DiffIndex
Hit http://archive.ubuntu.com trusty-updates/main Translation-en
Hit http://archive.ubuntu.com trusty-updates/multiverse Translation-en
Hit http://archive.ubuntu.com trusty-updates/restricted Translation-en
Hit http://archive.ubuntu.com trusty-updates/universe Translation-en
Hit http://archive.ubuntu.com trusty-backports/main Sources
Hit http://ppa.launchpad.net trusty/main Translation-en
Hit http://archive.ubuntu.com trusty-backports/restricted Sources
Hit http://archive.ubuntu.com trusty-backports/universe Sources
Hit http://archive.ubuntu.com trusty-backports/multiverse Sources
Hit http://archive.ubuntu.com trusty-backports/main amd64 Packages
Hit http://archive.ubuntu.com trusty-backports/restricted amd64 Packages
Hit http://archive.ubuntu.com trusty-backports/universe amd64 Packages
Hit http://archive.ubuntu.com trusty-backports/multiverse amd64 Packages
Hit http://archive.ubuntu.com trusty-backports/main Translation-en
Hit http://archive.ubuntu.com trusty-backports/multiverse Translation-en
Hit http://archive.ubuntu.com trusty-backports/restricted Translation-en
Hit http://archive.ubuntu.com trusty-backports/universe Translation-en
Hit http://archive.ubuntu.com trusty Release
Hit http://archive.ubuntu.com trusty/main Sources
Hit http://archive.ubuntu.com trusty/restricted Sources
Hit http://archive.ubuntu.com trusty/universe Sources
Hit http://archive.ubuntu.com trusty/multiverse Sources
Get:2 http://www.apache.org 22x/main Sources [754 B]
Hit http://archive.ubuntu.com trusty/main amd64 Packages
Hit http://archive.ubuntu.com trusty/restricted amd64 Packages
Get:3 http://www.apache.org 22x/main amd64 Packages [684 B]
Hit http://archive.ubuntu.com trusty/universe amd64 Packages
Ign http://www.apache.org 22x/main Translation-en_US
Ign http://www.apache.org 22x/main Translation-en
Hit http://archive.ubuntu.com trusty/multiverse amd64 Packages
Hit http://archive.ubuntu.com trusty/main Translation-en
Hit http://archive.ubuntu.com trusty/multiverse Translation-en
Hit http://archive.ubuntu.com trusty/restricted Translation-en
Hit http://archive.ubuntu.com trusty/universe Translation-en
Ign http://archive.ubuntu.com trusty/main Translation-en_US
Ign http://archive.ubuntu.com trusty/multiverse Translation-en_US
Ign http://archive.ubuntu.com trusty/restricted Translation-en_US
Ign http://archive.ubuntu.com trusty/universe Translation-en_US
Fetched 4,606 B in 18s (245 B/s)
Reading package lists... Done
W: GPG error: http://www.apache.org 22x InRelease: The following signatures couldn't be verified because the publi                                                                                                c key is not available: NO_PUBKEY A278B781FE4B2BDA
hduser@vagrant-ubuntu-trusty-64:/usr/local/sqoop/conf$ cp /usr/share/java/mysql-connector-java-5.1.28.jar /usr/loc                                                                                                al/sqoop/lib
hduser@vagrant-ubuntu-trusty-64:/usr/local/sqoop/conf$ cd /usr/local/sqoop/bin/
hduser@vagrant-ubuntu-trusty-64:/usr/local/sqoop/bin$ sqoop-version
Warning: /usr/local/sqoop/../hbase does not exist! HBase imports will fail.
Please set $HBASE_HOME to the root of your HBase installation.
Warning: /usr/local/sqoop/../hcatalog does not exist! HCatalog jobs will fail.
Please set $HCAT_HOME to the root of your HCatalog installation.
Warning: /usr/local/sqoop/../accumulo does not exist! Accumulo imports will fail.
Please set $ACCUMULO_HOME to the root of your Accumulo installation.
Warning: /usr/local/sqoop/../zookeeper does not exist! Accumulo imports will fail.
Please set $ZOOKEEPER_HOME to the root of your Zookeeper installation.
18/04/02 13:52:10 INFO sqoop.Sqoop: Running Sqoop version: 1.4.6
Sqoop 1.4.6
git commit id c0c5a81723759fa575844a0a1eae8f510fa32c25
Compiled by root on Mon Apr 27 14:38:36 CST 2015
hduser@vagrant-ubuntu-trusty-64:/usr/local/sqoop/bin$ sqoop -version
Warning: /usr/local/sqoop/../hbase does not exist! HBase imports will fail.
Please set $HBASE_HOME to the root of your HBase installation.
Warning: /usr/local/sqoop/../hcatalog does not exist! HCatalog jobs will fail.
Please set $HCAT_HOME to the root of your HCatalog installation.
Warning: /usr/local/sqoop/../accumulo does not exist! Accumulo imports will fail.
Please set $ACCUMULO_HOME to the root of your Accumulo installation.
Warning: /usr/local/sqoop/../zookeeper does not exist! Accumulo imports will fail.
Please set $ZOOKEEPER_HOME to the root of your Zookeeper installation.
No such sqoop tool: -version. See 'sqoop help'.
hduser@vagrant-ubuntu-trusty-64:/usr/local/sqoop/bin$ sqoop version
Warning: /usr/local/sqoop/../hbase does not exist! HBase imports will fail.
Please set $HBASE_HOME to the root of your HBase installation.
Warning: /usr/local/sqoop/../hcatalog does not exist! HCatalog jobs will fail.
Please set $HCAT_HOME to the root of your HCatalog installation.
Warning: /usr/local/sqoop/../accumulo does not exist! Accumulo imports will fail.
Please set $ACCUMULO_HOME to the root of your Accumulo installation.
Warning: /usr/local/sqoop/../zookeeper does not exist! Accumulo imports will fail.
Please set $ZOOKEEPER_HOME to the root of your Zookeeper installation.
18/04/02 13:52:29 INFO sqoop.Sqoop: Running Sqoop version: 1.4.6
Sqoop 1.4.6
git commit id c0c5a81723759fa575844a0a1eae8f510fa32c25
Compiled by root on Mon Apr 27 14:38:36 CST 2015
hduser@vagrant-ubuntu-trusty-64:/usr/local/sqoop/bin$ mysql -u root -p
Enter password:
Welcome to the MySQL monitor.  Commands end with ; or \g.
Your MySQL connection id is 43
Server version: 5.5.59-0ubuntu0.14.04.1 (Ubuntu)

Copyright (c) 2000, 2018, Oracle and/or its affiliates. All rights reserved.

Oracle is a registered trademark of Oracle Corporation and/or its
affiliates. Other names may be trademarks of their respective
owners.

Type 'help;' or '\h' for help. Type '\c' to clear the current input statement.

mysql> create database testdb;
Query OK, 1 row affected (0.00 sec)

mysql> user testdb;
ERROR 1064 (42000): You have an error in your SQL syntax; check the manual that corresponds to your MySQL server v                                                                                                ersion for the right syntax to use near 'user testdb' at line 1
mysql> use testdb;
Database changed
mysql> create table emp(id int, name varchar(20), address varchar(20));
Query OK, 0 rows affected (0.01 sec)

mysql> insert into emp values(100,'thimma','varaganappalli');
Query OK, 1 row affected (0.00 sec)

mysql> insert into emp values(100,'kumar','nagamangalam');
Query OK, 1 row affected (0.01 sec)

mysql> insert into emp values(100,'lakshmi','hosur');
Query OK, 1 row affected (0.00 sec)

mysql> commit;
Query OK, 0 rows affected (0.00 sec)

mysql> checkpoint;
ERROR 1064 (42000): You have an error in your SQL syntax; check the manual that corresponds to your MySQL server v                                                                                            ersion for the right syntax to use near 'checkpoint' at line 1
mysql> checkpoint check1;
ERROR 1064 (42000): You have an error in your SQL syntax; check the manual that corresponds to your MySQL server v                                                                                                ersion for the right syntax to use near 'checkpoint check1' at line 1
mysql> exit
Bye
hduser@vagrant-ubuntu-trusty-64:/usr/local/sqoop/bin$ sqoop import --connect jdbc:mysql://localhost/testdb --usern                                                                                                ame root --password mysql --table emp --m 1
Warning: /usr/local/sqoop/../hbase does not exist! HBase imports will fail.
Please set $HBASE_HOME to the root of your HBase installation.
Warning: /usr/local/sqoop/../hcatalog does not exist! HCatalog jobs will fail.
Please set $HCAT_HOME to the root of your HCatalog installation.
Warning: /usr/local/sqoop/../accumulo does not exist! Accumulo imports will fail.
Please set $ACCUMULO_HOME to the root of your Accumulo installation.
Warning: /usr/local/sqoop/../zookeeper does not exist! Accumulo imports will fail.
Please set $ZOOKEEPER_HOME to the root of your Zookeeper installation.
18/04/02 14:00:30 INFO sqoop.Sqoop: Running Sqoop version: 1.4.6
18/04/02 14:00:30 WARN tool.BaseSqoopTool: Setting your password on the command-line is insecure. Consider using -                                                                                                P instead.
18/04/02 14:00:31 INFO manager.MySQLManager: Preparing to use a MySQL streaming resultset.
18/04/02 14:00:31 INFO tool.CodeGenTool: Beginning code generation
18/04/02 14:00:33 INFO manager.SqlManager: Executing SQL statement: SELECT t.* FROM `emp` AS t LIMIT 1
18/04/02 14:00:33 INFO manager.SqlManager: Executing SQL statement: SELECT t.* FROM `emp` AS t LIMIT 1
18/04/02 14:00:33 INFO orm.CompilationManager: HADOOP_MAPRED_HOME is /usr/local/hadoop
Note: /tmp/sqoop-hduser/compile/399d74959b1e093c0d1bf2b339702a2b/emp.java uses or overrides a deprecated API.
Note: Recompile with -Xlint:deprecation for details.
18/04/02 14:00:41 INFO orm.CompilationManager: Writing jar file: /tmp/sqoop-hduser/compile/399d74959b1e093c0d1bf2b                                                                                                339702a2b/emp.jar
18/04/02 14:00:41 WARN manager.MySQLManager: It looks like you are importing from mysql.
18/04/02 14:00:41 WARN manager.MySQLManager: This transfer can be faster! Use the --direct
18/04/02 14:00:41 WARN manager.MySQLManager: option to exercise a MySQL-specific fast path.
18/04/02 14:00:41 INFO manager.MySQLManager: Setting zero DATETIME behavior to convertToNull (mysql)
18/04/02 14:00:41 INFO mapreduce.ImportJobBase: Beginning import of emp
18/04/02 14:00:42 INFO Configuration.deprecation: mapred.jar is deprecated. Instead, use mapreduce.job.jar
18/04/02 14:00:45 INFO Configuration.deprecation: mapred.map.tasks is deprecated. Instead, use mapreduce.job.maps
18/04/02 14:00:46 INFO client.RMProxy: Connecting to ResourceManager at /0.0.0.0:8032
18/04/02 14:00:54 INFO db.DBInputFormat: Using read commited transaction isolation
18/04/02 14:00:54 INFO mapreduce.JobSubmitter: number of splits:1
18/04/02 14:00:55 INFO mapreduce.JobSubmitter: Submitting tokens for job: job_1522675218529_0001
18/04/02 14:00:58 INFO impl.YarnClientImpl: Submitted application application_1522675218529_0001
18/04/02 14:00:59 INFO mapreduce.Job: The url to track the job: http://vagrant-ubuntu-trusty-64:8088/proxy/applica                                                                                                tion_1522675218529_0001/
18/04/02 14:00:59 INFO mapreduce.Job: Running job: job_1522675218529_0001
18/04/02 14:01:37 INFO mapreduce.Job: Job job_1522675218529_0001 running in uber mode : false
18/04/02 14:01:37 INFO mapreduce.Job:  map 0% reduce 0%
18/04/02 14:02:03 INFO mapreduce.Job:  map 100% reduce 0%
18/04/02 14:02:04 INFO mapreduce.Job: Job job_1522675218529_0001 completed successfully
18/04/02 14:02:05 INFO mapreduce.Job: Counters: 30
        File System Counters
                FILE: Number of bytes read=0
                FILE: Number of bytes written=124197
                FILE: Number of read operations=0
                FILE: Number of large read operations=0
                FILE: Number of write operations=0
                HDFS: Number of bytes read=87
                HDFS: Number of bytes written=67
                HDFS: Number of read operations=4
                HDFS: Number of large read operations=0
                HDFS: Number of write operations=2
        Job Counters
                Launched map tasks=1
                Other local map tasks=1
                Total time spent by all maps in occupied slots (ms)=20699
                Total time spent by all reduces in occupied slots (ms)=0
                Total time spent by all map tasks (ms)=20699
                Total vcore-milliseconds taken by all map tasks=20699
                Total megabyte-milliseconds taken by all map tasks=21195776
        Map-Reduce Framework
                Map input records=3
                Map output records=3
                Input split bytes=87
                Spilled Records=0
                Failed Shuffles=0
                Merged Map outputs=0
                GC time elapsed (ms)=308
                CPU time spent (ms)=3370
                Physical memory (bytes) snapshot=106614784
                Virtual memory (bytes) snapshot=794460160
                Total committed heap usage (bytes)=31850496
        File Input Format Counters
                Bytes Read=0
        File Output Format Counters
                Bytes Written=67
18/04/02 14:02:05 INFO mapreduce.ImportJobBase: Transferred 67 bytes in 79.5461 seconds (0.8423 bytes/sec)
18/04/02 14:02:05 INFO mapreduce.ImportJobBase: Retrieved 3 records.
hduser@vagrant-ubuntu-trusty-64:/usr/local/sqoop/bin$ $HADOOP_HOME/bin/hadoop fs -cat /emp
cat: `/emp': No such file or directory
hduser@vagrant-ubuntu-trusty-64:/usr/local/sqoop/bin$ hadoop fs -ls /
Found 2 items
drwx------   - hduser supergroup          0 2018-04-02 14:00 /tmp
drwxr-xr-x   - hduser supergroup          0 2018-04-02 14:01 /user
hduser@vagrant-ubuntu-trusty-64:/usr/local/sqoop/bin$ hadoop fs -ls /user
Found 1 items
drwxr-xr-x   - hduser supergroup          0 2018-04-02 14:01 /user/hduser
hduser@vagrant-ubuntu-trusty-64:/usr/local/sqoop/bin$ hadoop fs -ls /user/
Found 1 items
drwxr-xr-x   - hduser supergroup          0 2018-04-02 14:01 /user/hduser
hduser@vagrant-ubuntu-trusty-64:/usr/local/sqoop/bin$ hadoop fs -ls /tmp
Found 1 items
drwx------   - hduser supergroup          0 2018-04-02 14:00 /tmp/hadoop-yarn
hduser@vagrant-ubuntu-trusty-64:/usr/local/sqoop/bin$ hadoop fs -mkdir /sqooptest
hduser@vagrant-ubuntu-trusty-64:/usr/local/sqoop/bin$ sqoop import --connect jdbc:mysql://localhost/testdb --usern                                                                                                ame root --password mysql --table emp --m 1 --target-dir /sqooptest
Warning: /usr/local/sqoop/../hbase does not exist! HBase imports will fail.
Please set $HBASE_HOME to the root of your HBase installation.
Warning: /usr/local/sqoop/../hcatalog does not exist! HCatalog jobs will fail.
Please set $HCAT_HOME to the root of your HCatalog installation.
Warning: /usr/local/sqoop/../accumulo does not exist! Accumulo imports will fail.
Please set $ACCUMULO_HOME to the root of your Accumulo installation.
Warning: /usr/local/sqoop/../zookeeper does not exist! Accumulo imports will fail.
Please set $ZOOKEEPER_HOME to the root of your Zookeeper installation.
18/04/02 14:04:56 INFO sqoop.Sqoop: Running Sqoop version: 1.4.6
18/04/02 14:04:56 WARN tool.BaseSqoopTool: Setting your password on the command-line is insecure. Consider using -                                                                                                P instead.
18/04/02 14:04:58 INFO manager.MySQLManager: Preparing to use a MySQL streaming resultset.
18/04/02 14:04:58 INFO tool.CodeGenTool: Beginning code generation
18/04/02 14:04:59 INFO manager.SqlManager: Executing SQL statement: SELECT t.* FROM `emp` AS t LIMIT 1
18/04/02 14:05:00 INFO manager.SqlManager: Executing SQL statement: SELECT t.* FROM `emp` AS t LIMIT 1
18/04/02 14:05:00 INFO orm.CompilationManager: HADOOP_MAPRED_HOME is /usr/local/hadoop
Note: /tmp/sqoop-hduser/compile/ec2260b03034d7346e0ee72aa8c9d6ec/emp.java uses or overrides a deprecated API.
Note: Recompile with -Xlint:deprecation for details.
18/04/02 14:05:09 INFO orm.CompilationManager: Writing jar file: /tmp/sqoop-hduser/compile/ec2260b03034d7346e0ee72                                                                                                aa8c9d6ec/emp.jar
18/04/02 14:05:09 WARN manager.MySQLManager: It looks like you are importing from mysql.
18/04/02 14:05:09 WARN manager.MySQLManager: This transfer can be faster! Use the --direct
18/04/02 14:05:09 WARN manager.MySQLManager: option to exercise a MySQL-specific fast path.
18/04/02 14:05:09 INFO manager.MySQLManager: Setting zero DATETIME behavior to convertToNull (mysql)
18/04/02 14:05:09 INFO mapreduce.ImportJobBase: Beginning import of emp
18/04/02 14:05:11 INFO Configuration.deprecation: mapred.jar is deprecated. Instead, use mapreduce.job.jar
18/04/02 14:05:16 INFO Configuration.deprecation: mapred.map.tasks is deprecated. Instead, use mapreduce.job.maps
18/04/02 14:05:16 INFO client.RMProxy: Connecting to ResourceManager at /0.0.0.0:8032
18/04/02 14:05:17 ERROR tool.ImportTool: Encountered IOException running import job: org.apache.hadoop.mapred.File                                                                                                AlreadyExistsException: Output directory hdfs://localhost:9000/sqooptest already exists
        at org.apache.hadoop.mapreduce.lib.output.FileOutputFormat.checkOutputSpecs(FileOutputFormat.java:146)
        at org.apache.hadoop.mapreduce.JobSubmitter.checkSpecs(JobSubmitter.java:267)
        at org.apache.hadoop.mapreduce.JobSubmitter.submitJobInternal(JobSubmitter.java:140)
        at org.apache.hadoop.mapreduce.Job$10.run(Job.java:1297)
        at org.apache.hadoop.mapreduce.Job$10.run(Job.java:1294)
        at java.security.AccessController.doPrivileged(Native Method)
        at javax.security.auth.Subject.doAs(Subject.java:421)
        at org.apache.hadoop.security.UserGroupInformation.doAs(UserGroupInformation.java:1656)
        at org.apache.hadoop.mapreduce.Job.submit(Job.java:1294)
        at org.apache.hadoop.mapreduce.Job.waitForCompletion(Job.java:1315)
        at org.apache.sqoop.mapreduce.ImportJobBase.doSubmitJob(ImportJobBase.java:196)
        at org.apache.sqoop.mapreduce.ImportJobBase.runJob(ImportJobBase.java:169)
        at org.apache.sqoop.mapreduce.ImportJobBase.runImport(ImportJobBase.java:266)
        at org.apache.sqoop.manager.SqlManager.importTable(SqlManager.java:673)
        at org.apache.sqoop.manager.MySQLManager.importTable(MySQLManager.java:118)
        at org.apache.sqoop.tool.ImportTool.importTable(ImportTool.java:497)
        at org.apache.sqoop.tool.ImportTool.run(ImportTool.java:605)
        at org.apache.sqoop.Sqoop.run(Sqoop.java:143)
        at org.apache.hadoop.util.ToolRunner.run(ToolRunner.java:70)
        at org.apache.sqoop.Sqoop.runSqoop(Sqoop.java:179)
        at org.apache.sqoop.Sqoop.runTool(Sqoop.java:218)
        at org.apache.sqoop.Sqoop.runTool(Sqoop.java:227)
        at org.apache.sqoop.Sqoop.main(Sqoop.java:236)

hduser@vagrant-ubuntu-trusty-64:/usr/local/sqoop/bin$ hadoop fs -ls /emp
ls: `/emp': No such file or directory
hduser@vagrant-ubuntu-trusty-64:/usr/local/sqoop/bin$ hadoop fs -cat /emp/*
cat: `/emp/*': No such file or directory
hduser@vagrant-ubuntu-trusty-64:/usr/local/sqoop/bin$ sqoop import --connect jdbc:mysql://localhost/testdb --username root --password mysql --table emp --m 1 --target-dir /sqoop_test
Warning: /usr/local/sqoop/../hbase does not exist! HBase imports will fail.
Please set $HBASE_HOME to the root of your HBase installation.
Warning: /usr/local/sqoop/../hcatalog does not exist! HCatalog jobs will fail.
Please set $HCAT_HOME to the root of your HCatalog installation.
Warning: /usr/local/sqoop/../accumulo does not exist! Accumulo imports will fail.
Please set $ACCUMULO_HOME to the root of your Accumulo installation.
Warning: /usr/local/sqoop/../zookeeper does not exist! Accumulo imports will fail.
Please set $ZOOKEEPER_HOME to the root of your Zookeeper installation.
18/04/02 14:09:05 INFO sqoop.Sqoop: Running Sqoop version: 1.4.6
18/04/02 14:09:06 WARN tool.BaseSqoopTool: Setting your password on the command-line is insecure. Consider using -P instead.
18/04/02 14:09:08 INFO manager.MySQLManager: Preparing to use a MySQL streaming resultset.
18/04/02 14:09:08 INFO tool.CodeGenTool: Beginning code generation
18/04/02 14:09:09 INFO manager.SqlManager: Executing SQL statement: SELECT t.* FROM `emp` AS t LIMIT 1
18/04/02 14:09:09 INFO manager.SqlManager: Executing SQL statement: SELECT t.* FROM `emp` AS t LIMIT 1
18/04/02 14:09:09 INFO orm.CompilationManager: HADOOP_MAPRED_HOME is /usr/local/hadoop
Note: /tmp/sqoop-hduser/compile/d8c8455bbe554bf94ead54e04aabbcad/emp.java uses or overrides a deprecated API.
Note: Recompile with -Xlint:deprecation for details.
18/04/02 14:09:19 INFO orm.CompilationManager: Writing jar file: /tmp/sqoop-hduser/compile/d8c8455bbe554bf94ead54e04aabbcad/emp.jar
18/04/02 14:09:19 WARN manager.MySQLManager: It looks like you are importing from mysql.
18/04/02 14:09:19 WARN manager.MySQLManager: This transfer can be faster! Use the --direct
18/04/02 14:09:19 WARN manager.MySQLManager: option to exercise a MySQL-specific fast path.
18/04/02 14:09:19 INFO manager.MySQLManager: Setting zero DATETIME behavior to convertToNull (mysql)
18/04/02 14:09:19 INFO mapreduce.ImportJobBase: Beginning import of emp
18/04/02 14:09:21 INFO Configuration.deprecation: mapred.jar is deprecated. Instead, use mapreduce.job.jar
18/04/02 14:09:24 INFO Configuration.deprecation: mapred.map.tasks is deprecated. Instead, use mapreduce.job.maps
18/04/02 14:09:25 INFO client.RMProxy: Connecting to ResourceManager at /0.0.0.0:8032
18/04/02 14:09:35 INFO db.DBInputFormat: Using read commited transaction isolation
18/04/02 14:09:35 INFO mapreduce.JobSubmitter: number of splits:1
18/04/02 14:09:37 INFO mapreduce.JobSubmitter: Submitting tokens for job: job_1522675218529_0002
18/04/02 14:09:40 INFO impl.YarnClientImpl: Submitted application application_1522675218529_0002
18/04/02 14:09:40 INFO mapreduce.Job: The url to track the job: http://vagrant-ubuntu-trusty-64:8088/proxy/application_1522675218529_0002/
18/04/02 14:09:40 INFO mapreduce.Job: Running job: job_1522675218529_0002
18/04/02 14:10:09 INFO mapreduce.Job: Job job_1522675218529_0002 running in uber mode : false
18/04/02 14:10:09 INFO mapreduce.Job:  map 0% reduce 0%
18/04/02 14:10:38 INFO mapreduce.Job:  map 100% reduce 0%
18/04/02 14:10:39 INFO mapreduce.Job: Job job_1522675218529_0002 completed successfully
18/04/02 14:10:39 INFO mapreduce.Job: Counters: 30
        File System Counters
                FILE: Number of bytes read=0
                FILE: Number of bytes written=124192
                FILE: Number of read operations=0
                FILE: Number of large read operations=0
                FILE: Number of write operations=0
                HDFS: Number of bytes read=87
                HDFS: Number of bytes written=67
                HDFS: Number of read operations=4
                HDFS: Number of large read operations=0
                HDFS: Number of write operations=2
        Job Counters
                Launched map tasks=1
                Other local map tasks=1
                Total time spent by all maps in occupied slots (ms)=22318
                Total time spent by all reduces in occupied slots (ms)=0
                Total time spent by all map tasks (ms)=22318
                Total vcore-milliseconds taken by all map tasks=22318
                Total megabyte-milliseconds taken by all map tasks=22853632
        Map-Reduce Framework
                Map input records=3
                Map output records=3
                Input split bytes=87
                Spilled Records=0
                Failed Shuffles=0
                Merged Map outputs=0
                GC time elapsed (ms)=346
                CPU time spent (ms)=3150
                Physical memory (bytes) snapshot=106156032
                Virtual memory (bytes) snapshot=794456064
                Total committed heap usage (bytes)=31850496
        File Input Format Counters
                Bytes Read=0
        File Output Format Counters
                Bytes Written=67
18/04/02 14:10:39 INFO mapreduce.ImportJobBase: Transferred 67 bytes in 74.6986 seconds (0.8969 bytes/sec)
18/04/02 14:10:39 INFO mapreduce.ImportJobBase: Retrieved 3 records.
hduser@vagrant-ubuntu-trusty-64:/usr/local/sqoop/bin$ hadoop fs -ls /sqoop_test
Found 2 items
-rw-r--r--   1 hduser supergroup          0 2018-04-02 14:10 /sqoop_test/_SUCCESS
-rw-r--r--   1 hduser supergroup         67 2018-04-02 14:10 /sqoop_test/part-m-00000
hduser@vagrant-ubuntu-trusty-64:/usr/local/sqoop/bin$ hadoop fs -cat /sqoop_test/part-m-00000
100,thimma,varaganappalli
100,kumar,nagamangalam
100,lakshmi,hosur
hduser@vagrant-ubuntu-trusty-64:/usr/local/sqoop/bin$ clear
hduser@vagrant-ubuntu-trusty-64:/usr/local/sqoop/bin$
